2026-08-15 17:43:32,917 DEBUG [backend.app.services.bambu_mqtt] [-] [[SERIAL]] HMS data received: []
2026-08-15 17:43:32,917 DEBUG [backend.app.services.bambu_mqtt] [-] [[SERIAL]] ipcam field: {'ipcam_dev': '0', 'ipcam_record': 'enable', 'timelapse': 'disable', 'resolution': '1080p', 'tutk_server': 'disable', 'mode_bits': 3}
2026-08-15 17:43:32,917 DEBUG [backend.app.services.bambu_mqtt] [-] [[SERIAL]] wifi_signal received: -65dBm
2026-08-15 17:43:32,918 DEBUG [backend.app.services.bambu_mqtt] [-] [[SERIAL]] lights_report: [{'node': 'chamber_light', 'mode': 'on'}]
2026-08-15 17:43:32,918 INFO [backend.app.services.bambu_mqtt] [-] [[SERIAL]] Probing developer mode via ams_filament_setting (seq=5)
2026-08-15 17:43:32,918 DEBUG [backend.app.services.bambu_mqtt] [-] [[SERIAL]] gcode_state: FINISH -> FINISH, file: , subtask: q20
2026-08-15 17:43:32,947 DEBUG [backend.app.services.bambu_mqtt] [-] [[SERIAL]] Received command response: ams_filament_setting
2026-08-15 17:43:32,948 DEBUG [backend.app.services.bambu_mqtt] [-] [[SERIAL]] ams_filament_setting response: {'command': 'ams_filament_setting', 'ams_id': 255, 'tray_id': 0, 'slot_id': 0, 'tray_info_idx': 'GFG99', 'tray_type': 'PETG', 'tray_sub_brands': '', 'tray_color': 'FFFFFFFF', 'nozzle_temp_min': '220', 'nozzle_temp_max': '260', 'sequence_id': '5', 'err_code': 84033543}
2026-08-15 17:43:32,948 INFO [backend.app.services.bambu_mqtt] [-] [[SERIAL]] Developer mode probe: INCONCLUSIVE (result='', reason='') — the printer neither confirmed nor refused the command
2026-08-15 17:43:32,950 DEBUG [backend.app.services.bambu_mqtt] [-] [[SERIAL]] Received command response: ams_filament_setting
2026-08-15 17:43:32,951 DEBUG [backend.app.services.bambu_mqtt] [-] [[SERIAL]] ams_filament_setting response: {'command': 'ams_filament_setting', 'ams_id': 255, 'tray_id': 0, 'slot_id': 0, 'tray_info_idx': 'GFG99', 'tray_type': 'PETG', 'tray_sub_brands': '', 'tray_color': 'FFFFFFFF', 'nozzle_temp_min': '220', 'nozzle_temp_max': '270', 'sequence_id': '5', 'err_code': 84033543}
2026-08-15 17:43:32,951 INFO [backend.app.services.bambu_mqtt] [-] [[SERIAL]] Developer mode probe: INCONCLUSIVE (result='', reason='') — the printer neither confirmed nor refused the command
2026-08-15 17:43:32,956 DEBUG [backend.app.services.bambu_mqtt] [-] [[SERIAL]] Received gcode_state: FINISH, gcode_file: , subtask_name: q20
2026-08-15 17:43:32,956 DEBUG [backend.app.services.bambu_mqtt] [-] [[SERIAL]] AMS dict fields: {'ams_exist_bits': '0', 'tray_exist_bits': '0', 'tray_is_bbl_bits': '0', 'tray_tar': '255', 'tray_now': '254', 'tray_pre': '254', 'tray_read_done_bits': '0', 'tray_reading_bits': '0', 'version': 17, 'insert_flag': True, 'power_on_flag': False}
2026-08-15 17:43:32,957 DEBUG [backend.app.services.bambu_mqtt] [-] [[SERIAL]] tray_now updated: 254
2026-08-15 17:43:32,957 DEBUG [backend.app.services.bambu_mqtt] [-] [[SERIAL]] Merged AMS data: 0 new units, 0 total
2026-08-15 17:43:32,957 DEBUG [backend.app.services.bambu_mqtt] [-] [[SERIAL]] ams_status: 0 (main=0, sub=0)
2026-08-15 17:43:32,957 DEBUG [backend.app.services.bambu_mqtt] [-] [[SERIAL]] Received command response: push_status
2026-08-15 17:43:32,958 DEBUG [backend.app.services.bambu_mqtt] [-] [[SERIAL]] chamber_temper raw value: 5.0
2026-08-15 17:43:32,958 DEBUG [backend.app.services.bambu_mqtt] [-] [[SERIAL]] chamber_temper direct value: 5.0°C (heater OFF)
2026-08-15 17:43:32,958 DEBUG [backend.app.services.bambu_mqtt] [-] [[SERIAL]] Chamber heating calculated: target=0.0, current=5.0, heating=False, respect_local=False
2026-08-15 17:43:32,959 DEBUG [backend.app.services.bambu_mqtt] [-] [[SERIAL]] Chamber temp updated to: 5.0, target: 0.0, heating: False
2026-08-15 17:43:32,959 DEBUG [backend.app.services.bambu_mqtt] [-] [[SERIAL]] HMS data received: []
2026-08-15 17:43:32,959 DEBUG [backend.app.services.bambu_mqtt] [-] [[SERIAL]] ipcam field: {'ipcam_dev': '1', 'ipcam_record': 'disable', 'timelapse': 'disable', 'resolution': '', 'tutk_server': 'disable', 'mode_bits': 3}
2026-08-15 17:43:32,959 DEBUG [backend.app.services.bambu_mqtt] [-] [[SERIAL]] wifi_signal received: -70dBm
2026-08-15 17:43:32,960 DEBUG [backend.app.services.bambu_mqtt] [-] [[SERIAL]] lights_report: [{'node': 'chamber_light', 'mode': 'on'}]
2026-08-15 17:43:32,960 INFO [backend.app.services.bambu_mqtt] [-] [[SERIAL]] Probing developer mode via ams_filament_setting (seq=5)
2026-08-15 17:43:32,961 DEBUG [backend.app.services.bambu_mqtt] [-] [[SERIAL]] gcode_state: FINISH -> FINISH, file: , subtask: q20
2026-08-15 17:43:32,961 DEBUG [backend.app.services.bambu_mqtt] [-] [[SERIAL]] Found xcam inside print data: {'buildplate_marker_detector': True}
2026-08-15 17:43:32,963 DEBUG [backend.app.services.bambu_mqtt] [-] [[SERIAL]] Parsing xcam data - all fields: ['buildplate_marker_detector']
2026-08-15 17:43:32,964 DEBUG [backend.app.services.bambu_mqtt] [-] [[SERIAL]] Received gcode_state: FINISH, gcode_file: , subtask_name: q20
2026-08-15 17:43:32,964 DEBUG [backend.app.services.bambu_mqtt] [-] [[SERIAL]] AMS dict fields: {'ams_exist_bits': '0', 'tray_exist_bits': '0', 'tray_is_bbl_bits': '0', 'tray_tar': '255', 'tray_now': '254', 'tray_pre': '254', 'tray_read_done_bits': '0', 'tray_reading_bits': '0', 'version': 6, 'insert_flag': True, 'power_on_flag': False}
2026-08-15 17:43:32,964 DEBUG [backend.app.services.bambu_mqtt] [-] [[SERIAL]] tray_now updated: 254
2026-08-15 17:43:32,965 DEBUG [backend.app.services.bambu_mqtt] [-] [[SERIAL]] Merged AMS data: 0 new units, 0 total
2026-08-15 17:43:32,965 DEBUG [backend.app.services.bambu_mqtt] [-] [[SERIAL]] ams_status: 0 (main=0, sub=0)
2026-08-15 17:43:32,965 DEBUG [backend.app.services.bambu_mqtt] [-] [[SERIAL]] Received command response: push_status
2026-08-15 17:43:32,965 DEBUG [backend.app.services.bambu_mqtt] [-] [[SERIAL]] chamber_temper raw value: 5.0
2026-08-15 17:43:32,966 DEBUG [backend.app.services.bambu_mqtt] [-] [[SERIAL]] chamber_temper direct value: 5.0°C (heater OFF)
2026-08-15 17:43:32,966 DEBUG [backend.app.services.bambu_mqtt] [-] [[SERIAL]] Chamber heating calculated: target=0.0, current=5.0, heating=False, respect_local=False
2026-08-15 17:43:32,967 DEBUG [backend.app.services.bambu_mqtt] [-] [[SERIAL]] Chamber temp updated to: 5.0, target: 0.0, heating: False
2026-08-15 17:43:32,967 DEBUG [backend.app.services.bambu_mqtt] [-] [[SERIAL]] HMS data received: []
2026-08-15 17:43:32,967 DEBUG [backend.app.services.bambu_mqtt] [-] [[SERIAL]] ipcam field: {'ipcam_dev': '1', 'ipcam_record': 'disable', 'timelapse': 'disable', 'resolution': '1080p', 'tutk_server': 'disable', 'mode_bits': 3}
2026-08-15 17:43:32,967 DEBUG [backend.app.services.bambu_mqtt] [-] [[SERIAL]] wifi_signal received: -60dBm
2026-08-15 17:43:32,968 DEBUG [backend.app.services.bambu_mqtt] [-] [[SERIAL]] lights_report: [{'node': 'chamber_light', 'mode': 'on'}]
2026-08-15 17:43:32,968 INFO [backend.app.services.bambu_mqtt] [-] [[SERIAL]] Probing developer mode via ams_filament_setting (seq=5)
2026-08-15 17:43:32,968 DEBUG [backend.app.services.bambu_mqtt] [-] [[SERIAL]] gcode_state: FINISH -> FINISH, file: , subtask: q20
2026-08-15 17:43:32,998 DEBUG [backend.app.services.bambu_mqtt] [-] [[SERIAL]] Received command response: ams_filament_setting
2026-08-15 17:43:32,999 DEBUG [backend.app.services.bambu_mqtt] [-] [[SERIAL]] ams_filament_setting response: {'command': 'ams_filament_setting', 'ams_id': 255, 'tray_id': 0, 'slot_id': 0, 'tray_info_idx': 'GFG99', 'tray_type': 'PETG', 'tray_sub_brands': '', 'tray_color': 'FFFFFFFF', 'nozzle_temp_min': '220', 'nozzle_temp_max': '270', 'sequence_id': '5', 'err_code': 84033543}
2026-08-15 17:43:32,999 DEBUG [backend.app.services.bambu_mqtt] [-] [[SERIAL]] Received command response: ams_filament_setting
2026-08-15 17:43:32,999 INFO [backend.app.services.bambu_mqtt] [-] [[SERIAL]] Developer mode probe: INCONCLUSIVE (result='', reason='') — the printer neither confirmed nor refused the command
2026-08-15 17:43:33,000 DEBUG [backend.app.services.bambu_mqtt] [-] [[SERIAL]] ams_filament_setting response: {'command': 'ams_filament_setting', 'ams_id': 255, 'tray_id': 0, 'slot_id': 0, 'tray_info_idx': 'GFG99', 'tray_type': 'PETG', 'tray_sub_brands': '', 'tray_color': 'FFFFFFFF', 'nozzle_temp_min': '220', 'nozzle_temp_max': '270', 'sequence_id': '5', 'err_code': 84033543}
2026-08-15 17:43:33,001 INFO [backend.app.services.bambu_mqtt] [-] [[SERIAL]] Developer mode probe: INCONCLUSIVE (result='', reason='') — the printer neither confirmed nor refused the command
2026-08-15 17:43:33,133 DEBUG [backend.app.services.bambu_mqtt] [-] [[SERIAL]] Received command response: push_status
2026-08-15 17:43:33,134 DEBUG [backend.app.services.bambu_mqtt] [-] [[SERIAL]] wifi_signal received: -78dBm
2026-08-15 17:43:33,140 DEBUG [backend.app.services.bambu_mqtt] [-] [[SERIAL]] Found xcam inside print data: {'buildplate_marker_detector': True}
2026-08-15 17:43:33,140 DEBUG [backend.app.services.bambu_mqtt] [-] [[SERIAL]] Parsing xcam data - all fields: ['buildplate_marker_detector']
2026-08-15 17:43:33,141 DEBUG [backend.app.services.bambu_mqtt] [-] [[SERIAL]] Received gcode_state: RUNNING, gcode_file: P70_P70-D.3mf, subtask_name: P70_P70-D
2026-08-15 17:43:33,141 DEBUG [backend.app.services.bambu_mqtt] [-] [[SERIAL]] AMS dict fields: {'ams_exist_bits': '0', 'tray_exist_bits': '0', 'tray_is_bbl_bits': '0', 'tray_tar': '254', 'tray_now': '254', 'tray_pre': '254', 'tray_read_done_bits': '0', 'tray_reading_bits': '0', 'version': 34, 'insert_flag': True, 'power_on_flag': False}
2026-08-15 17:43:33,141 DEBUG [backend.app.services.bambu_mqtt] [-] [[SERIAL]] tray_now updated: 254
2026-08-15 17:43:33,141 DEBUG [backend.app.services.bambu_mqtt] [-] [[SERIAL]] Merged AMS data: 0 new units, 0 total
2026-08-15 17:43:33,142 DEBUG [backend.app.services.bambu_mqtt] [-] [[SERIAL]] ams_status: 1280 (main=5, sub=0)
2026-08-15 17:43:33,142 DEBUG [backend.app.services.bambu_mqtt] [-] [[SERIAL]] Received command response: push_status
2026-08-15 17:43:33,142 DEBUG [backend.app.services.bambu_mqtt] [-] [[SERIAL]] chamber_temper raw value: 5.0
2026-08-15 17:43:33,142 DEBUG [backend.app.services.bambu_mqtt] [-] [[SERIAL]] chamber_temper direct value: 5.0°C (heater OFF)
2026-08-15 17:43:33,143 DEBUG [backend.app.services.bambu_mqtt] [-] [[SERIAL]] Chamber heating calculated: target=0.0, current=5.0, heating=False, respect_local=False
2026-08-15 17:43:33,143 DEBUG [backend.app.services.bambu_mqtt] [-] [[SERIAL]] Chamber temp updated to: 5.0, target: 0.0, heating: False
2026-08-15 17:43:33,143 DEBUG [backend.app.services.bambu_mqtt] [-] [[SERIAL]] HMS data received: []
2026-08-15 17:43:33,143 DEBUG [backend.app.services.bambu_mqtt] [-] [[SERIAL]] ipcam field: {'ipcam_dev': '0', 'ipcam_record': 'disable', 'timelapse': 'disable', 'resolution': '1080p', 'tutk_server': 'disable', 'mode_bits': 3}
2026-08-15 17:43:33,144 DEBUG [backend.app.services.bambu_mqtt] [-] [[SERIAL]] wifi_signal received: -67dBm
2026-08-15 17:43:33,144 DEBUG [backend.app.services.bambu_mqtt] [-] [[SERIAL]] lights_report: [{'node': 'chamber_light', 'mode': 'on'}]
2026-08-15 17:43:33,144 INFO [backend.app.services.bambu_mqtt] [-] [[SERIAL]] Probing developer mode via ams_filament_setting (seq=5)
2026-08-15 17:43:33,145 DEBUG [backend.app.services.bambu_mqtt] [-] [[SERIAL]] gcode_state: RUNNING -> RUNNING, file: P70_P70-D.3mf, subtask: P70_P70-D
2026-08-15 17:43:33,148 DEBUG [backend.app.services.bambu_mqtt] [-] [[SERIAL]] Found xcam inside print data: {'buildplate_marker_detector': True}
2026-08-15 17:43:33,150 DEBUG [backend.app.services.bambu_mqtt] [-] [[SERIAL]] Parsing xcam data - all fields: ['buildplate_marker_detector']
2026-08-15 17:43:33,150 DEBUG [backend.app.services.bambu_mqtt] [-] [[SERIAL]] Received gcode_state: FINISH, gcode_file: , subtask_name: q20
2026-08-15 17:43:33,151 DEBUG [backend.app.services.bambu_mqtt] [-] [[SERIAL]] AMS dict fields: {'ams_exist_bits': '0', 'tray_exist_bits': '0', 'tray_is_bbl_bits': '0', 'tray_tar': '255', 'tray_now': '254', 'tray_pre': '254', 'tray_read_done_bits': '0', 'tray_reading_bits': '0', 'version': 4, 'insert_flag': True, 'power_on_flag': False}
2026-08-15 17:43:33,151 DEBUG [backend.app.services.bambu_mqtt] [-] [[SERIAL]] tray_now updated: 254
2026-08-15 17:43:33,151 DEBUG [backend.app.services.bambu_mqtt] [-] [[SERIAL]] Merged AMS data: 0 new units, 0 total
2026-08-15 17:43:33,151 DEBUG [backend.app.services.bambu_mqtt] [-] [[SERIAL]] ams_status: 0 (main=0, sub=0)
2026-08-15 17:43:33,152 DEBUG [backend.app.services.bambu_mqtt] [-] [[SERIAL]] Received command response: push_status
2026-08-15 17:43:33,152 DEBUG [backend.app.services.bambu_mqtt] [-] [[SERIAL]] chamber_temper raw value: 5.0
2026-08-15 17:43:33,152 DEBUG [backend.app.services.bambu_mqtt] [-] [[SERIAL]] chamber_temper direct value: 5.0°C (heater OFF)
2026-08-15 17:43:33,153 DEBUG [backend.app.services.bambu_mqtt] [-] [[SERIAL]] Chamber heating calculated: target=0.0, current=5.0, heating=False, respect_local=False
2026-08-15 17:43:33,153 DEBUG [backend.app.services.bambu_mqtt] [-] [[SERIAL]] Chamber temp updated to: 5.0, target: 0.0, heating: False
2026-08-15 17:43:33,153 DEBUG [backend.app.services.bambu_mqtt] [-] [[SERIAL]] HMS data received: []
2026-08-15 17:43:33,153 DEBUG [backend.app.services.bambu_mqtt] [-] [[SERIAL]] ipcam field: {'ipcam_dev': '1', 'ipcam_record': 'disable', 'timelapse': 'disable', 'resolution': '1080p', 'tutk_server': 'disable', 'mode_bits': 3}
2026-08-15 17:43:33,154 DEBUG [backend.app.services.bambu_mqtt] [-] [[SERIAL]] wifi_signal received: -76dBm
2026-08-15 17:43:33,154 DEBUG [backend.app.services.bambu_mqtt] [-] [[SERIAL]] lights_report: [{'node': 'chamber_light', 'mode': 'on'}]
2026-08-15 17:43:33,154 INFO [backend.app.services.bambu_mqtt] [-] [[SERIAL]] Probing developer mode via ams_filament_setting (seq=5)
2026-08-15 17:43:33,155 DEBUG [backend.app.services.bambu_mqtt] [-] [[SERIAL]] gcode_state: FINISH -> FINISH, file: , subtask: q20
2026-08-15 17:43:33,162 DEBUG [backend.app.services.bambu_mqtt] [-] [[SERIAL]] Received command response: ams_filament_setting
2026-08-15 17:43:33,162 DEBUG [backend.app.services.bambu_mqtt] [-] [[SERIAL]] ams_filament_setting response: {'command': 'ams_filament_setting', 'ams_id': 255, 'tray_id': 0, 'slot_id': 0, 'tray_info_idx': 'GFG99', 'tray_type': 'PETG', 'tray_sub_brands': '', 'tray_color': 'FFFFFFFF', 'nozzle_temp_min': '220', 'nozzle_temp_max': '270', 'sequence_id': '5', 'err_code': 84033543}
2026-08-15 17:43:33,162 INFO [backend.app.services.bambu_mqtt] [-] [[SERIAL]] Developer mode probe: INCONCLUSIVE (result='', reason='') — the printer neither confirmed nor refused the command
2026-08-15 17:43:33,169 DEBUG [backend.app.services.bambu_mqtt] [-] [[SERIAL]] Received command response: ams_filament_setting
2026-08-15 17:43:33,170 DEBUG [backend.app.services.bambu_mqtt] [-] [[SERIAL]] ams_filament_setting response: {'command': 'ams_filament_setting', 'ams_id': 255, 'tray_id': 0, 'slot_id': 0, 'tray_info_idx': 'GFG99', 'tray_type': 'PETG', 'tray_sub_brands': '', 'tray_color': 'BCBCBCFF', 'nozzle_temp_min': '220', 'nozzle_temp_max': '270', 'sequence_id': '5', 'err_code': 84033543}
2026-08-15 17:43:33,170 INFO [backend.app.services.bambu_mqtt] [-] [[SERIAL]] Developer mode probe: INCONCLUSIVE (result='', reason='') — the printer neither confirmed nor refused the command
2026-08-15 17:43:33,253 DEBUG [backend.app.services.bambu_mqtt] [-] [[SERIAL]] Found xcam inside print data: {'buildplate_marker_detector': True}
2026-08-15 17:43:33,253 DEBUG [backend.app.services.bambu_mqtt] [-] [[SERIAL]] Parsing xcam data - all fields: ['buildplate_marker_detector']
2026-08-15 17:43:33,253 DEBUG [backend.app.services.bambu_mqtt] [-] [[SERIAL]] Received gcode_state: RUNNING, gcode_file: P70_P70-D.3mf, subtask_name: P70_P70-D
2026-08-15 17:43:33,254 DEBUG [backend.app.services.bambu_mqtt] [-] [[SERIAL]] AMS dict fields: {'ams_exist_bits': '0', 'tray_exist_bits': '0', 'tray_is_bbl_bits': '0', 'tray_tar': '254', 'tray_now': '254', 'tray_pre': '254', 'tray_read_done_bits': '0', 'tray_reading_bits': '0', 'version': 1, 'insert_flag': True, 'power_on_flag': False}
2026-08-15 17:43:33,254 DEBUG [backend.app.services.bambu_mqtt] [-] [[SERIAL]] tray_now updated: 254
2026-08-15 17:43:33,254 DEBUG [backend.app.services.bambu_mqtt] [-] [[SERIAL]] Merged AMS data: 0 new units, 0 total
2026-08-15 17:43:33,256 DEBUG [backend.app.services.bambu_mqtt] [-] [[SERIAL]] ams_status: 1280 (main=5, sub=0)
2026-08-15 17:43:33,256 DEBUG [backend.app.services.bambu_mqtt] [-] [[SERIAL]] Received command response: push_status
2026-08-15 17:43:33,256 DEBUG [backend.app.services.bambu_mqtt] [-] [[SERIAL]] chamber_temper raw value: 5.0
2026-08-15 17:43:33,257 DEBUG [backend.app.services.bambu_mqtt] [-] [[SERIAL]] chamber_temper direct value: 5.0°C (heater OFF)
2026-08-15 17:43:33,257 DEBUG [backend.app.services.bambu_mqtt] [-] [[SERIAL]] Chamber heating calculated: target=0.0, current=5.0, heating=False, respect_local=False
2026-08-15 17:43:33,257 DEBUG [backend.app.services.bambu_mqtt] [-] [[SERIAL]] Chamber temp updated to: 5.0, target: 0.0, heating: False
2026-08-15 17:43:33,257 DEBUG [backend.app.services.bambu_mqtt] [-] [[SERIAL]] HMS data received: []
2026-08-15 17:43:33,258 DEBUG [backend.app.services.bambu_mqtt] [-] [[SERIAL]] ipcam field: {'ipcam_dev': '1', 'ipcam_record': 'disable', 'timelapse': 'disable', 'resolution': '1080p', 'tutk_server': 'disable', 'mode_bits': 3}
2026-08-15 17:43:33,258 DEBUG [backend.app.services.bambu_mqtt] [-] [[SERIAL]] wifi_signal received: -60dBm
2026-08-15 17:43:33,258 DEBUG [backend.app.services.bambu_mqtt] [-] [[SERIAL]] lights_report: [{'node': 'chamber_light', 'mode': 'off'}]
2026-08-15 17:43:33,258 INFO [backend.app.services.bambu_mqtt] [-] [[SERIAL]] Probing developer mode via ams_filament_setting (seq=5)
2026-08-15 17:43:33,259 DEBUG [backend.app.services.bambu_mqtt] [-] [[SERIAL]] gcode_state: RUNNING -> RUNNING, file: P70_P70-D.3mf, subtask: P70_P70-D
2026-08-15 17:43:33,278 DEBUG [backend.app.services.bambu_mqtt] [-] [[SERIAL]] Received command response: ams_filament_setting
2026-08-15 17:43:33,279 DEBUG [backend.app.services.bambu_mqtt] [-] [[SERIAL]] ams_filament_setting response: {'command': 'ams_filament_setting', 'ams_id': 255, 'tray_id': 0, 'slot_id': 0, 'tray_info_idx': 'GFG99', 'tray_type': 'PETG', 'tray_sub_brands': '', 'tray_color': 'BCBCBCFF', 'nozzle_temp_min': '220', 'nozzle_temp_max': '270', 'sequence_id': '5', 'err_code': 84033543}
2026-08-15 17:43:33,279 INFO [backend.app.services.bambu_mqtt] [-] [[SERIAL]] Developer mode probe: INCONCLUSIVE (result='', reason='') — the printer neither confirmed nor refused the command
2026-08-15 17:43:33,657 DEBUG [backend.app.services.bambu_mqtt] [-] [[SERIAL]] Found xcam inside print data: {'buildplate_marker_detector': True}
2026-08-15 17:43:33,657 DEBUG [backend.app.services.bambu_mqtt] [-] [[SERIAL]] Parsing xcam data - all fields: ['buildplate_marker_detector']
2026-08-15 17:43:33,658 DEBUG [backend.app.services.bambu_mqtt] [-] [[SERIAL]] Received gcode_state: FINISH, gcode_file: , subtask_name: q20
2026-08-15 17:43:33,658 DEBUG [backend.app.services.bambu_mqtt] [-] [[SERIAL]] AMS dict fields: {'ams_exist_bits': '0', 'tray_exist_bits': '0', 'tray_is_bbl_bits': '0', 'tray_tar': '255', 'tray_now': '254', 'tray_pre': '254', 'tray_read_done_bits': '0', 'tray_reading_bits': '0', 'version': 6, 'insert_flag': True, 'power_on_flag': False}
2026-08-15 17:43:33,658 DEBUG [backend.app.services.bambu_mqtt] [-] [[SERIAL]] tray_now updated: 254
2026-08-15 17:43:33,658 DEBUG [backend.app.services.bambu_mqtt] [-] [[SERIAL]] Merged AMS data: 0 new units, 0 total
2026-08-15 17:43:33,659 DEBUG [backend.app.services.bambu_mqtt] [-] [[SERIAL]] ams_status: 0 (main=0, sub=0)
2026-08-15 17:43:33,659 DEBUG [backend.app.services.bambu_mqtt] [-] [[SERIAL]] Received command response: push_status
2026-08-15 17:43:33,659 DEBUG [backend.app.services.bambu_mqtt] [-] [[SERIAL]] chamber_temper raw value: 5.0
2026-08-15 17:43:33,659 DEBUG [backend.app.services.bambu_mqtt] [-] [[SERIAL]] chamber_temper direct value: 5.0°C (heater OFF)
2026-08-15 17:43:33,660 DEBUG [backend.app.services.bambu_mqtt] [-] [[SERIAL]] Chamber heating calculated: target=0.0, current=5.0, heating=False, respect_local=False
2026-08-15 17:43:33,660 DEBUG [backend.app.services.bambu_mqtt] [-] [[SERIAL]] Chamber temp updated to: 5.0, target: 0.0, heating: False
2026-08-15 17:43:33,660 DEBUG [backend.app.services.bambu_mqtt] [-] [[SERIAL]] HMS data received: []
2026-08-15 17:43:33,661 DEBUG [backend.app.services.bambu_mqtt] [-] [[SERIAL]] ipcam field: {'ipcam_dev': '1', 'ipcam_record': 'disable', 'timelapse': 'disable', 'resolution': '1080p', 'tutk_server': 'disable', 'mode_bits': 3}
2026-08-15 17:43:33,661 DEBUG [backend.app.services.bambu_mqtt] [-] [[SERIAL]] wifi_signal received: -71dBm
2026-08-15 17:43:33,661 DEBUG [backend.app.services.bambu_mqtt] [-] [[SERIAL]] lights_report: [{'node': 'chamber_light', 'mode': 'on'}]
2026-08-15 17:43:33,661 INFO [backend.app.services.bambu_mqtt] [-] [[SERIAL]] Probing developer mode via ams_filament_setting (seq=5)
2026-08-15 17:43:33,662 DEBUG [backend.app.services.bambu_mqtt] [-] [[SERIAL]] gcode_state: FINISH -> FINISH, file: , subtask: q20
2026-08-15 17:43:33,677 DEBUG [backend.app.services.bambu_mqtt] [-] [[SERIAL]] Received command response: ams_filament_setting
2026-08-15 17:43:33,677 DEBUG [backend.app.services.bambu_mqtt] [-] [[SERIAL]] ams_filament_setting response: {'command': 'ams_filament_setting', 'ams_id': 255, 'tray_id': 0, 'slot_id': 0, 'tray_info_idx': 'GFG99', 'tray_type': 'PETG', 'tray_sub_brands': '', 'tray_color': 'FFFFFFFF', 'nozzle_temp_min': '220', 'nozzle_temp_max': '270', 'sequence_id': '5', 'err_code': 84033543}
2026-08-15 17:43:33,677 INFO [backend.app.services.bambu_mqtt] [-] [[SERIAL]] Developer mode probe: INCONCLUSIVE (result='', reason='') — the printer neither confirmed nor refused the command
2026-08-15 17:43:33,970 DEBUG [backend.app.services.bambu_mqtt] [-] [[SERIAL]] Received gcode_state: FINISH, gcode_file: , subtask_name: q20
2026-08-15 17:43:33,971 DEBUG [backend.app.services.bambu_mqtt] [-] [[SERIAL]] AMS dict fields: {'ams_exist_bits': '0', 'tray_exist_bits': '0', 'tray_is_bbl_bits': '0', 'tray_tar': '255', 'tray_now': '254', 'tray_pre': '254', 'tray_read_done_bits': '0', 'tray_reading_bits': '0', 'version': 19, 'insert_flag': True, 'power_on_flag': False}
2026-08-15 17:43:33,971 DEBUG [backend.app.services.bambu_mqtt] [-] [[SERIAL]] tray_now updated: 254
2026-08-15 17:43:33,971 DEBUG [backend.app.services.bambu_mqtt] [-] [[SERIAL]] Merged AMS data: 0 new units, 0 total
2026-08-15 17:43:33,971 DEBUG [backend.app.services.bambu_mqtt] [-] [[SERIAL]] ams_status: 0 (main=0, sub=0)
2026-08-15 17:43:33,972 DEBUG [backend.app.services.bambu_mqtt] [-] [[SERIAL]] Received command response: push_status
2026-08-15 17:43:33,972 DEBUG [backend.app.services.bambu_mqtt] [-] [[SERIAL]] chamber_temper raw value: 5.0
2026-08-15 17:43:33,972 DEBUG [backend.app.services.bambu_mqtt] [-] [[SERIAL]] chamber_temper direct value: 5.0°C (heater OFF)
2026-08-15 17:43:33,972 DEBUG [backend.app.services.bambu_mqtt] [-] [[SERIAL]] Chamber heating calculated: target=0.0, current=5.0, heating=False, respect_local=False
2026-08-15 17:43:33,973 DEBUG [backend.app.services.bambu_mqtt] [-] [[SERIAL]] Chamber temp updated to: 5.0, target: 0.0, heating: False
2026-08-15 17:43:33,973 DEBUG [backend.app.services.bambu_mqtt] [-] [[SERIAL]] HMS data received: []
2026-08-15 17:43:33,974 DEBUG [backend.app.services.bambu_mqtt] [-] [[SERIAL]] ipcam field: {'ipcam_dev': '1', 'ipcam_record': 'disable', 'timelapse': 'disable', 'resolution': '', 'tutk_server': 'disable', 'mode_bits': 3}
2026-08-15 17:43:33,974 DEBUG [backend.app.services.bambu_mqtt] [-] [[SERIAL]] wifi_signal received: -60dBm
2026-08-15 17:43:33,974 DEBUG [backend.app.services.bambu_mqtt] [-] [[SERIAL]] lights_report: [{'node': 'chamber_light', 'mode': 'on'}]
2026-08-15 17:43:33,974 INFO [backend.app.services.bambu_mqtt] [-] [[SERIAL]] Probing developer mode via ams_filament_setting (seq=5)
2026-08-15 17:43:33,975 DEBUG [backend.app.services.bambu_mqtt] [-] [[SERIAL]] gcode_state: FINISH -> FINISH, file: , subtask: q20
2026-08-15 17:43:34,032 DEBUG [backend.app.services.bambu_mqtt] [-] [[SERIAL]] Received gcode_state: FINISH, gcode_file: , subtask_name: q20
2026-08-15 17:43:34,033 DEBUG [backend.app.services.bambu_mqtt] [-] [[SERIAL]] AMS dict fields: {'ams_exist_bits': '0', 'tray_exist_bits': '0', 'tray_is_bbl_bits': '0', 'tray_tar': '255', 'tray_now': '254', 'tray_pre': '254', 'tray_read_done_bits': '0', 'tray_reading_bits': '0', 'version': 29, 'insert_flag': True, 'power_on_flag': False}
2026-08-15 17:43:34,033 DEBUG [backend.app.services.bambu_mqtt] [-] [[SERIAL]] tray_now updated: 254
2026-08-15 17:43:34,033 DEBUG [backend.app.services.bambu_mqtt] [-] [[SERIAL]] Merged AMS data: 0 new units, 0 total
2026-08-15 17:43:34,034 DEBUG [backend.app.services.bambu_mqtt] [-] [[SERIAL]] ams_status: 0 (main=0, sub=0)
2026-08-15 17:43:34,034 DEBUG [backend.app.services.bambu_mqtt] [-] [[SERIAL]] Received command response: push_status
2026-08-15 17:43:34,034 DEBUG [backend.app.services.bambu_mqtt] [-] [[SERIAL]] chamber_temper raw value: 5.0
2026-08-15 17:43:34,034 DEBUG [backend.app.services.bambu_mqtt] [-] [[SERIAL]] chamber_temper direct value: 5.0°C (heater OFF)
2026-08-15 17:43:34,035 DEBUG [backend.app.services.bambu_mqtt] [-] [[SERIAL]] Chamber heating calculated: target=0.0, current=5.0, heating=False, respect_local=False
2026-08-15 17:43:34,035 DEBUG [backend.app.services.bambu_mqtt] [-] [[SERIAL]] Chamber temp updated to: 5.0, target: 0.0, heating: False
2026-08-15 17:43:34,036 DEBUG [backend.app.services.bambu_mqtt] [-] [[SERIAL]] HMS data received: []
2026-08-15 17:43:34,036 DEBUG [backend.app.services.bambu_mqtt] [-] [[SERIAL]] ipcam field: {'ipcam_dev': '1', 'ipcam_record': 'disable', 'timelapse': 'disable', 'resolution': '', 'tutk_server': 'disable', 'mode_bits': 3}
2026-08-15 17:43:34,036 DEBUG [backend.app.services.bambu_mqtt] [-] [[SERIAL]] lights_report: [{'node': 'chamber_light', 'mode': 'on'}]
2026-08-15 17:43:34,036 INFO [backend.app.services.bambu_mqtt] [-] [[SERIAL]] Probing developer mode via ams_filament_setting (seq=5)
2026-08-15 17:43:34,037 DEBUG [backend.app.services.bambu_mqtt] [-] [[SERIAL]] gcode_state: FINISH -> FINISH, file: , subtask: q20
2026-08-15 17:43:34,044 DEBUG [backend.app.services.bambu_mqtt] [-] [[SERIAL]] Received command response: ams_filament_setting
2026-08-15 17:43:34,044 DEBUG [backend.app.services.bambu_mqtt] [-] [[SERIAL]] ams_filament_setting response: {'command': 'ams_filament_setting', 'ams_id': 255, 'tray_id': 0, 'slot_id': 0, 'tray_info_idx': 'GFG99', 'tray_type': 'PETG', 'tray_sub_brands': '', 'tray_color': 'FFFFFFFF', 'nozzle_temp_min': '220', 'nozzle_temp_max': '270', 'sequence_id': '5', 'err_code': 84033543}
2026-08-15 17:43:34,044 INFO [backend.app.services.bambu_mqtt] [-] [[SERIAL]] Developer mode probe: INCONCLUSIVE (result='', reason='') — the printer neither confirmed nor refused the command
2026-08-15 17:43:34,080 DEBUG [backend.app.services.bambu_mqtt] [-] [[SERIAL]] Received command response: ams_filament_setting
2026-08-15 17:43:34,080 DEBUG [backend.app.services.bambu_mqtt] [-] [[SERIAL]] ams_filament_setting response: {'command': 'ams_filament_setting', 'ams_id': 255, 'tray_id': 0, 'slot_id': 0, 'tray_info_idx': 'GFG99', 'tray_type': 'PETG', 'tray_sub_brands': '', 'tray_color': 'FFFFFFFF', 'nozzle_temp_min': '220', 'nozzle_temp_max': '270', 'sequence_id': '5', 'err_code': 84033543}
2026-08-15 17:43:34,080 INFO [backend.app.services.bambu_mqtt] [-] [[SERIAL]] Developer mode probe: INCONCLUSIVE (result='', reason='') — the printer neither confirmed nor refused the command
2026-08-15 17:43:34,849 DEBUG [backend.app.services.bambu_mqtt] [-] [[SERIAL]] Received command response: push_status
2026-08-15 17:43:34,850 DEBUG [backend.app.services.bambu_mqtt] [-] [[SERIAL]] wifi_signal received: -65dBm
2026-08-15 17:43:34,870 DEBUG [backend.app.services.bambu_mqtt] [-] [[SERIAL]] Received command response: push_status
2026-08-15 17:43:34,886 DEBUG [backend.app.services.bambu_mqtt] [-] [[SERIAL]] Received command response: push_status
2026-08-15 17:43:34,887 DEBUG [backend.app.services.bambu_mqtt] [-] [[SERIAL]] HMS data received: [{'attr': 83887360, 'code': 65543, 'action': 0, 'timestamp': 1786787011}]
2026-08-15 17:43:34,887 WARNING [backend.app.services.bambu_mqtt] [-] [[SERIAL]] Printer reported HMS 0500050000010007 (MQTT command verification failed): it is rejecting control commands, so prints, temperature changes and filament loads will be ignored. Enable Developer Mode on the printer and restart it.
2026-08-15 17:43:34,888 DEBUG [backend.app.services.bambu_mqtt] [-] [[SERIAL]] wifi_signal received: -72dBm
2026-08-15 17:43:34,895 INFO [backend.app.main] [-] [SNAPSHOT] Capturing fresh frame for printer 6
2026-08-15 17:43:34,895 INFO [backend.app.services.camera] [-] Capturing camera frame bytes from [IP] using chamber image protocol (model: A1)
2026-08-15 17:43:35,093 DEBUG [backend.app.services.bambu_mqtt] [-] [[SERIAL]] Received command response: push_status
2026-08-15 17:43:35,094 DEBUG [backend.app.services.bambu_mqtt] [-] [[SERIAL]] HMS data received: [{'attr': 83887360, 'code': 65543, 'action': 0, 'timestamp': 1786787011}]
2026-08-15 17:43:35,094 WARNING [backend.app.services.bambu_mqtt] [-] [[SERIAL]] Printer reported HMS 0500050000010007 (MQTT command verification failed): it is rejecting control commands, so prints, temperature changes and filament loads will be ignored. Enable Developer Mode on the printer and restart it.
2026-08-15 17:43:35,101 INFO [backend.app.main] [-] [SNAPSHOT] Capturing fresh frame for printer 7
2026-08-15 17:43:35,101 INFO [backend.app.services.camera] [-] Capturing camera frame bytes from [IP] using chamber image protocol (model: A1)
2026-08-15 17:43:35,145 DEBUG [backend.app.services.bambu_mqtt] [-] [[SERIAL]] Received command response: push_status
2026-08-15 17:43:35,146 DEBUG [backend.app.services.bambu_mqtt] [-] [[SERIAL]] HMS data received: [{'attr': 83887360, 'code': 65543, 'action': 0, 'timestamp': 1786787008}]
2026-08-15 17:43:35,146 WARNING [backend.app.services.bambu_mqtt] [-] [[SERIAL]] Printer reported HMS 0500050000010007 (MQTT command verification failed): it is rejecting control commands, so prints, temperature changes and filament loads will be ignored. Enable Developer Mode on the printer and restart it.
2026-08-15 17:43:35,146 DEBUG [backend.app.services.bambu_mqtt] [-] [[SERIAL]] wifi_signal received: -65dBm
2026-08-15 17:43:35,154 INFO [backend.app.main] [-] [SNAPSHOT] Capturing fresh frame for printer 1
2026-08-15 17:43:35,154 INFO [backend.app.services.camera] [-] Capturing camera frame bytes from [IP] using chamber image protocol (model: A1)
2026-08-15 17:43:35,266 DEBUG [backend.app.services.bambu_mqtt] [-] [[SERIAL]] Received command response: push_status
2026-08-15 17:43:35,266 DEBUG [backend.app.services.bambu_mqtt] [-] [[SERIAL]] wifi_signal received: -61dBm
2026-08-15 17:43:35,866 DEBUG [backend.app.services.bambu_mqtt] [-] [[SERIAL]] Received command response: push_status
2026-08-15 17:43:35,867 DEBUG [backend.app.services.bambu_mqtt] [-] [[SERIAL]] wifi_signal received: -59dBm
2026-08-15 17:43:35,874 DEBUG [backend.app.services.bambu_mqtt] [-] [[SERIAL]] Received command response: push_status