2026-08-22 11:03:08,261 INFO [backend.app.main] [-] Recorded 1 AMS sensor history entries
2026-08-22 11:08:08,267 INFO [backend.app.main] [-] Recorded 1 AMS sensor history entries
2026-08-22 11:13:08,273 INFO [backend.app.main] [-] Recorded 1 AMS sensor history entries
2026-08-22 11:16:29,395 WARNING [backend.app.services.bambu_mqtt] [-] [[SERIAL]] MQTT disconnected: rc=Keep alive timeout, flags=DisconnectFlags(is_disconnect_packet_from_server=False)
2026-08-22 11:16:29,396 WARNING [backend.app.services.bambu_mqtt] [-] [[SERIAL]] MQTT disconnected: rc=Keep alive timeout, flags=DisconnectFlags(is_disconnect_packet_from_server=False)
2026-08-22 11:16:29,396 INFO [backend.app.main] [-] [#1752] Printer 1 connected→disconnected edge; scheduling offline notification in 60s
2026-08-22 11:17:29,399 INFO [backend.app.main] [-] [#1752] Printer 1 offline debounce elapsed: still_offline=True
2026-08-22 11:17:29,403 INFO [backend.app.main] [-] [#1752] Dispatching on_printer_offline for printer 1 ([PRINTER])
2026-08-22 11:22:00,382 INFO [backend.app.api.routes.cloud] [eec6c363] get_filament_info called with 1 IDs: ['GFSNL08']
2026-08-22 11:22:00,875 INFO [uvicorn.access] [-] [IP]:55941 - "POST /api/v1/cloud/filament-info HTTP/1.1" 200
2026-08-22 11:22:03,787 INFO [backend.app.api.routes.websocket] [-] WebSocket client disconnected normally
2026-08-22 12:00:00,006 WARNING [backend.app.utils.local_time] [-] Unrecognised TZ env value 'GMT+0', falling back to UTC
2026-08-22 13:00:00,007 WARNING [backend.app.utils.local_time] [-] Unrecognised TZ env value 'GMT+0', falling back to UTC
2026-08-22 14:00:00,007 WARNING [backend.app.utils.local_time] [-] Unrecognised TZ env value 'GMT+0', falling back to UTC
2026-08-22 15:00:00,008 WARNING [backend.app.utils.local_time] [-] Unrecognised TZ env value 'GMT+0', falling back to UTC
2026-08-22 16:00:00,007 WARNING [backend.app.utils.local_time] [-] Unrecognised TZ env value 'GMT+0', falling back to UTC
2026-08-22 17:00:00,007 WARNING [backend.app.utils.local_time] [-] Unrecognised TZ env value 'GMT+0', falling back to UTC
2026-08-22 18:00:00,007 WARNING [backend.app.utils.local_time] [-] Unrecognised TZ env value 'GMT+0', falling back to UTC
2026-08-22 19:00:00,007 WARNING [backend.app.utils.local_time] [-] Unrecognised TZ env value 'GMT+0', falling back to UTC
2026-08-22 20:00:00,008 WARNING [backend.app.utils.local_time] [-] Unrecognised TZ env value 'GMT+0', falling back to UTC
2026-08-22 21:00:00,010 WARNING [backend.app.utils.local_time] [-] Unrecognised TZ env value 'GMT+0', falling back to UTC
2026-08-22 22:00:00,008 WARNING [backend.app.utils.local_time] [-] Unrecognised TZ env value 'GMT+0', falling back to UTC
2026-08-22 23:00:00,008 WARNING [backend.app.utils.local_time] [-] Unrecognised TZ env value 'GMT+0', falling back to UTC
2026-08-23 00:00:00,007 WARNING [backend.app.utils.local_time] [-] Unrecognised TZ env value 'GMT+0', falling back to UTC
2026-08-23 01:00:00,007 WARNING [backend.app.utils.local_time] [-] Unrecognised TZ env value 'GMT+0', falling back to UTC
2026-08-23 02:00:00,007 WARNING [backend.app.utils.local_time] [-] Unrecognised TZ env value 'GMT+0', falling back to UTC
2026-08-23 03:00:00,003 WARNING [backend.app.utils.local_time] [-] Unrecognised TZ env value 'GMT+0', falling back to UTC
2026-08-23 04:00:00,003 WARNING [backend.app.utils.local_time] [-] Unrecognised TZ env value 'GMT+0', falling back to UTC
2026-08-23 05:00:00,003 WARNING [backend.app.utils.local_time] [-] Unrecognised TZ env value 'GMT+0', falling back to UTC
2026-08-23 06:00:00,004 WARNING [backend.app.utils.local_time] [-] Unrecognised TZ env value 'GMT+0', falling back to UTC
2026-08-23 07:00:00,006 WARNING [backend.app.utils.local_time] [-] Unrecognised TZ env value 'GMT+0', falling back to UTC
2026-08-23 08:00:00,008 WARNING [backend.app.utils.local_time] [-] Unrecognised TZ env value 'GMT+0', falling back to UTC
2026-08-23 09:00:00,007 WARNING [backend.app.utils.local_time] [-] Unrecognised TZ env value 'GMT+0', falling back to UTC
2026-08-23 10:00:00,009 WARNING [backend.app.utils.local_time] [-] Unrecognised TZ env value 'GMT+0', falling back to UTC
2026-08-23 11:00:00,008 WARNING [backend.app.utils.local_time] [-] Unrecognised TZ env value 'GMT+0', falling back to UTC
2026-08-23 12:00:00,007 WARNING [backend.app.utils.local_time] [-] Unrecognised TZ env value 'GMT+0', falling back to UTC
2026-08-23 13:00:00,008 WARNING [backend.app.utils.local_time] [-] Unrecognised TZ env value 'GMT+0', falling back to UTC
2026-08-23 14:00:00,007 WARNING [backend.app.utils.local_time] [-] Unrecognised TZ env value 'GMT+0', falling back to UTC
2026-08-23 15:00:00,008 WARNING [backend.app.utils.local_time] [-] Unrecognised TZ env value 'GMT+0', falling back to UTC
2026-08-23 16:00:00,008 WARNING [backend.app.utils.local_time] [-] Unrecognised TZ env value 'GMT+0', falling back to UTC
2026-08-23 17:00:00,005 WARNING [backend.app.utils.local_time] [-] Unrecognised TZ env value 'GMT+0', falling back to UTC
2026-08-23 18:00:00,006 WARNING [backend.app.utils.local_time] [-] Unrecognised TZ env value 'GMT+0', falling back to UTC
2026-08-23 19:00:00,007 WARNING [backend.app.utils.local_time] [-] Unrecognised TZ env value 'GMT+0', falling back to UTC
2026-08-23 20:00:00,004 WARNING [backend.app.utils.local_time] [-] Unrecognised TZ env value 'GMT+0', falling back to UTC
2026-08-23 21:00:00,007 WARNING [backend.app.utils.local_time] [-] Unrecognised TZ env value 'GMT+0', falling back to UTC
2026-08-23 22:00:00,008 WARNING [backend.app.utils.local_time] [-] Unrecognised TZ env value 'GMT+0', falling back to UTC
2026-08-23 23:00:00,007 WARNING [backend.app.utils.local_time] [-] Unrecognised TZ env value 'GMT+0', falling back to UTC
2026-08-24 00:00:00,007 WARNING [backend.app.utils.local_time] [-] Unrecognised TZ env value 'GMT+0', falling back to UTC
2026-08-24 01:00:00,007 WARNING [backend.app.utils.local_time] [-] Unrecognised TZ env value 'GMT+0', falling back to UTC
2026-08-24 02:00:00,007 WARNING [backend.app.utils.local_time] [-] Unrecognised TZ env value 'GMT+0', falling back to UTC
2026-08-24 03:00:00,003 WARNING [backend.app.utils.local_time] [-] Unrecognised TZ env value 'GMT+0', falling back to UTC
2026-08-24 04:00:00,003 WARNING [backend.app.utils.local_time] [-] Unrecognised TZ env value 'GMT+0', falling back to UTC
2026-08-24 05:00:00,003 WARNING [backend.app.utils.local_time] [-] Unrecognised TZ env value 'GMT+0', falling back to UTC
2026-08-24 06:00:00,007 WARNING [backend.app.utils.local_time] [-] Unrecognised TZ env value 'GMT+0', falling back to UTC
2026-08-24 07:00:00,004 WARNING [backend.app.utils.local_time] [-] Unrecognised TZ env value 'GMT+0', falling back to UTC
2026-08-24 08:00:00,002 WARNING [backend.app.utils.local_time] [-] Unrecognised TZ env value 'GMT+0', falling back to UTC
2026-08-24 08:21:21,245 WARNING [backend.app.services.bambu_mqtt] [-] [[SERIAL]] Connection stale - no message for 162349.9s, forcing reconnect
2026-08-24 08:21:21,245 INFO [backend.app.services.bambu_mqtt] [-] [[SERIAL]] Disconnect callback after stale reconnect (expected), rc=Normal disconnection
2026-08-24 08:21:21,265 INFO [backend.app.main] [-] [#1752] Printer 1 connected→disconnected edge; scheduling offline notification in 60s
2026-08-24 08:21:22,175 INFO [backend.app.main] [-] [#1752] Printer 1 reconnected before debounce; cancelling pending offline notification
2026-08-24 08:23:13,059 INFO [backend.app.main] [-] Recorded 1 AMS sensor history entries
2026-08-24 08:28:13,064 INFO [backend.app.main] [-] Recorded 1 AMS sensor history entries
2026-08-24 08:33:13,071 INFO [backend.app.main] [-] Recorded 1 AMS sensor history entries
2026-08-24 08:38:13,076 INFO [backend.app.main] [-] Recorded 1 AMS sensor history entries
2026-08-24 08:43:13,081 INFO [backend.app.main] [-] Recorded 1 AMS sensor history entries
2026-08-24 08:48:13,089 INFO [backend.app.main] [-] Recorded 1 AMS sensor history entries
2026-08-24 08:53:13,096 INFO [backend.app.main] [-] Recorded 1 AMS sensor history entries
2026-08-24 08:58:13,103 INFO [backend.app.main] [-] Recorded 1 AMS sensor history entries
2026-08-24 09:00:00,003 WARNING [backend.app.utils.local_time] [-] Unrecognised TZ env value 'GMT+0', falling back to UTC
2026-08-24 09:03:13,109 INFO [backend.app.main] [-] Recorded 1 AMS sensor history entries
2026-08-24 09:08:13,114 INFO [backend.app.main] [-] Recorded 1 AMS sensor history entries
2026-08-24 09:13:13,120 INFO [backend.app.main] [-] Recorded 1 AMS sensor history entries
2026-08-24 09:18:13,127 INFO [backend.app.main] [-] Recorded 1 AMS sensor history entries
2026-08-24 09:23:13,134 INFO [backend.app.main] [-] Recorded 1 AMS sensor history entries
2026-08-24 09:28:13,140 INFO [backend.app.main] [-] Recorded 1 AMS sensor history entries
2026-08-24 09:33:13,147 INFO [backend.app.main] [-] Recorded 1 AMS sensor history entries
2026-08-24 09:38:13,153 INFO [backend.app.main] [-] Recorded 1 AMS sensor history entries
2026-08-24 09:43:13,161 INFO [backend.app.main] [-] Recorded 1 AMS sensor history entries
2026-08-24 09:48:13,168 INFO [backend.app.main] [-] Recorded 1 AMS sensor history entries
2026-08-24 09:53:13,177 INFO [backend.app.main] [-] Recorded 1 AMS sensor history entries
2026-08-24 09:58:13,182 INFO [backend.app.main] [-] Recorded 1 AMS sensor history entries
2026-08-24 10:00:00,007 WARNING [backend.app.utils.local_time] [-] Unrecognised TZ env value 'GMT+0', falling back to UTC
2026-08-24 10:03:13,188 INFO [backend.app.main] [-] Recorded 1 AMS sensor history entries
2026-08-24 10:08:13,194 INFO [backend.app.main] [-] Recorded 1 AMS sensor history entries
2026-08-24 10:13:13,199 INFO [backend.app.main] [-] Recorded 1 AMS sensor history entries
2026-08-24 10:18:13,206 INFO [backend.app.main] [-] Recorded 1 AMS sensor history entries
2026-08-24 10:23:13,212 INFO [backend.app.main] [-] Recorded 1 AMS sensor history entries
2026-08-24 10:28:13,219 INFO [backend.app.main] [-] Recorded 1 AMS sensor history entries
2026-08-24 10:33:13,226 INFO [backend.app.main] [-] Recorded 1 AMS sensor history entries
2026-08-24 10:38:13,233 INFO [backend.app.main] [-] Recorded 1 AMS sensor history entries
2026-08-24 10:43:13,242 INFO [backend.app.main] [-] Recorded 1 AMS sensor history entries
2026-08-24 10:48:13,251 INFO [backend.app.main] [-] Recorded 1 AMS sensor history entries
2026-08-24 10:53:13,270 INFO [backend.app.main] [-] Recorded 1 AMS sensor history entries
2026-08-24 10:58:13,277 INFO [backend.app.main] [-] Recorded 1 AMS sensor history entries
2026-08-24 11:00:00,003 WARNING [backend.app.utils.local_time] [-] Unrecognised TZ env value 'GMT+0', falling back to UTC
2026-08-24 11:03:13,295 INFO [backend.app.main] [-] Recorded 1 AMS sensor history entries
2026-08-24 11:08:13,313 INFO [backend.app.main] [-] Recorded 1 AMS sensor history entries
2026-08-24 11:13:13,319 INFO [backend.app.main] [-] Recorded 1 AMS sensor history entries
2026-08-24 11:18:13,335 INFO [backend.app.main] [-] Recorded 1 AMS sensor history entries
2026-08-24 11:23:13,353 INFO [backend.app.main] [-] Recorded 1 AMS sensor history entries
2026-08-24 11:28:13,371 INFO [backend.app.main] [-] Recorded 1 AMS sensor history entries
2026-08-24 11:33:13,389 INFO [backend.app.main] [-] Recorded 1 AMS sensor history entries
2026-08-24 11:38:13,407 INFO [backend.app.main] [-] Recorded 1 AMS sensor history entries
2026-08-24 11:43:13,413 INFO [backend.app.main] [-] Recorded 1 AMS sensor history entries
2026-08-24 11:48:13,418 INFO [backend.app.main] [-] Recorded 1 AMS sensor history entries
2026-08-24 11:53:13,429 INFO [backend.app.main] [-] Recorded 1 AMS sensor history entries
2026-08-24 11:54:34,771 INFO [uvicorn.access] [-] [IP]:63109 - "POST /api/v1/auth/login HTTP/1.1" 200
2026-08-24 11:54:34,843 INFO [uvicorn.access] [-] [IP]:63109 - "POST /api/v1/printers/camera/stream-token HTTP/1.1" 200
2026-08-24 11:54:35,068 INFO [uvicorn.access] [-] [IP]:60268 - "POST /api/v1/auth/ws-token HTTP/1.1" 200
2026-08-24 11:54:35,135 INFO [backend.app.api.routes.websocket] [-] WebSocket client connecting (principal=[USER])
2026-08-24 11:54:35,142 INFO [backend.app.api.routes.websocket] [-] WebSocket client connected
2026-08-24 11:54:35,142 INFO [backend.app.api.routes.websocket] [-] Sent initial status for 1 printers
2026-08-24 11:54:35,148 INFO [backend.app.api.routes.cloud] [a2c6ea5c] get_filament_info called with 1 IDs: ['GFSNL08']
2026-08-24 11:54:35,667 INFO [uvicorn.access] [-] [IP]:60640 - "POST /api/v1/cloud/filament-info HTTP/1.1" 200
2026-08-24 11:58:13,442 INFO [backend.app.main] [-] Recorded 1 AMS sensor history entries
2026-08-24 12:00:00,006 WARNING [backend.app.utils.local_time] [-] Unrecognised TZ env value 'GMT+0', falling back to UTC
2026-08-24 12:01:26,951 INFO [backend.app.services.bambu_mqtt] [-] [[SERIAL]] AMS Filament Backup: OFF
2026-08-24 12:01:36,211 INFO [backend.app.services.bambu_mqtt] [-] [[SERIAL]] PRINT START detected - file: Silicone_Caulk_Cartridge_Finishing_Nozzle_Tips.gcode.3mf, subtask: Silicone_Caulk_Cartridge_Finishing_Nozzle_Tips, is_new: True, is_file_change: False
2026-08-24 12:01:36,212 INFO [backend.app.main] [-] [CALLBACK] on_print_start called for printer 1, data keys: ['filename', 'subtask_name', 'remaining_time', 'raw_data', 'ams_mapping']
2026-08-24 12:01:36,213 INFO [backend.app.services.usage_tracker] [-] [UsageTracker] Skipped trays with invalid remain% for printer 1: AMS0-T0(remain=-1), AMS0-T1(remain=-1), AMS0-T2(remain=-1), AMS0-T3(remain=-1)
2026-08-24 12:01:36,213 INFO [backend.app.services.usage_tracker] [-] [UsageTracker] PRINT START printer 1: mapping=None, tray_now=255, last_loaded_tray=1
2026-08-24 12:01:36,214 INFO [backend.app.services.usage_tracker] [-] [UsageTracker] PRINT START printer 1: mapping-related keys: {'ams_extruder_map': {'0': 0}}
2026-08-24 12:01:36,214 INFO [backend.app.services.usage_tracker] [-] [UsageTracker] PRINT START printer 1 AMS 0: T0(type=PETG, color=2850E0FF, now=?, tar=?), T1(type=PETG, color=F72323FF, now=?, tar=?), T2(type=PETG, color=FFFFFFFF, now=?, tar=?), T3(type=PETG, color=161616FF, now=?, tar=?)
2026-08-24 12:01:36,222 INFO [backend.app.services.usage_tracker] [-] [UsageTracker] Captured start remain% for printer 1 (1 trays): {'255-0': 0}
2026-08-24 12:01:36,227 INFO [backend.app.main] [-] [PLATE CHECK] printer_id=1, plate_detection_enabled=False
2026-08-24 12:01:36,227 INFO [backend.app.main] [-] [CALLBACK] Print start detected - filename: Silicone_Caulk_Cartridge_Finishing_Nozzle_Tips.gcode.3mf, subtask: Silicone_Caulk_Cartridge_Finishing_Nozzle_Tips
2026-08-24 12:01:36,230 INFO [backend.app.main] [-] Trying filenames: ['Silicone_Caulk_Cartridge_Finishing_Nozzle_Tips.gcode.3mf', 'Silicone_Caulk_Cartridge_Finishing_Nozzle_Tips.3mf']
2026-08-24 12:01:36,268 INFO [backend.app.api.routes.printers] [6910f510] Trying to download cover for 'Silicone_Caulk_Cartridge_Finishing_Nozzle_Tips' from [IP] (trying 8 paths)
2026-08-24 12:01:37,701 INFO [backend.app.services.bambu_ftp] [-] FTP connected successfully to [IP] (model=A1, prot_c=False)
2026-08-24 12:01:37,812 INFO [backend.app.services.bambu_ftp] [-] FTP connected successfully to [IP] (model=A1, prot_c=False)
2026-08-24 12:02:36,235 WARNING [backend.app.services.bambu_ftp] [-] FTP download timed out after 30.0s (plus 30.0s grace) for /Silicone_Caulk_Cartridge_Finishing_Nozzle_Tips.gcode.3mf
2026-08-24 12:02:36,236 INFO [backend.app.services.bambu_ftp] [-] FTP download failed with prot_p for A1 model, trying prot_c fallback...
2026-08-24 12:02:37,472 INFO [backend.app.services.bambu_ftp] [-] FTP connected successfully to [IP] (model=A1, prot_c=True)
2026-08-24 12:02:48,109 WARNING [backend.app.services.bambu_ftp] [-] Download 3MF from /Silicone_Caulk_Cartridge_Finishing_Nozzle_Tips.gcode.3mf attempt 1/4 failed: 
2026-08-24 12:02:48,109 INFO [backend.app.services.bambu_ftp] [-] Download 3MF from /Silicone_Caulk_Cartridge_Finishing_Nozzle_Tips.gcode.3mf will retry in 2.0s...
2026-08-24 12:02:54,249 INFO [backend.app.services.bambu_ftp] [-] FTP connected successfully to [IP] (model=A1, prot_c=False)
2026-08-24 12:03:04,134 INFO [uvicorn.access] [-] [IP]:56326 - "POST /api/v1/printers/camera/stream-token HTTP/1.1" 200
2026-08-24 12:03:04,238 INFO [uvicorn.access] [-] [IP]:59287 - "POST /api/v1/printers/camera/stream-token HTTP/1.1" 200
2026-08-24 12:03:04,249 INFO [backend.app.api.routes.camera] [2e19a99a] Using chamber image protocol for A1
2026-08-24 12:03:04,249 INFO [backend.app.api.routes.camera] [2e19a99a] Camera viewer attached to printer-1 (subscribers=1)
2026-08-24 12:03:04,249 INFO [backend.app.api.routes.camera] [2e19a99a] Starting chamber image stream for [IP] (stream_id=1-fanout-23d5045e, model=A1)
2026-08-24 12:03:04,314 INFO [backend.app.api.routes.camera] [7328b2ec] Using chamber image protocol for A1
2026-08-24 12:03:04,314 INFO [backend.app.api.routes.camera] [7328b2ec] Camera viewer attached to printer-1 (subscribers=2)
2026-08-24 12:03:05,081 INFO [backend.app.services.camera] [2e19a99a] Chamber image: connected to [IP]:6000
2026-08-24 12:03:06,269 WARNING [backend.app.services.bambu_ftp] [6910f510] FTP download_try_paths exceeded its 90.0s cap for [IP] (#2572)
2026-08-24 12:03:07,559 INFO [backend.app.services.bambu_ftp] [-] FTP connected successfully to [IP] (model=A1, prot_c=False)
2026-08-24 12:03:07,873 INFO [backend.app.services.bambu_ftp] [-] FTP download failed for /Silicone_Caulk_Cartridge_Finishing_Nozzle_Tips.gcode.3mf: [SSL: UNEXPECTED_EOF_WHILE_READING] EOF occurred in violation of protocol (_ssl.c:1032)
2026-08-24 12:03:09,455 INFO [backend.app.api.routes.camera] [2e19a99a] Camera viewer detached from printer-1 (subscribers=1)
2026-08-24 12:03:13,460 INFO [backend.app.main] [-] Recorded 1 AMS sensor history entries
2026-08-24 12:03:17,467 INFO [backend.app.api.routes.camera] [7328b2ec] Camera viewer detached from printer-1 (subscribers=0)
2026-08-24 12:03:17,613 INFO [backend.app.api.routes.camera] [2e19a99a] Chamber image stream cancelled (stream_id=1-fanout-23d5045e)
2026-08-24 12:03:17,627 INFO [backend.app.api.routes.camera] [2e19a99a] Chamber image stream stopped for [IP] (stream_id=1-fanout-23d5045e)
2026-08-24 12:03:17,630 INFO [backend.app.api.routes.camera] [e137a73b] Shut down camera fan-out broadcaster for printer 1
2026-08-24 12:03:17,631 INFO [backend.app.api.routes.camera] [e137a73b] Stopped 0 camera stream(s) for printer 1
2026-08-24 12:03:17,635 INFO [uvicorn.access] [-] [IP]:53513 - "POST /api/v1/printers/1/camera/stop HTTP/1.1" 200
2026-08-24 12:03:17,812 WARNING [backend.app.api.routes.printers] [6910f510] FTP download attempt 2 failed: , retrying...
2026-08-24 12:03:17,828 INFO [backend.app.api.routes.cloud] [715b2e29] get_filament_info called with 1 IDs: ['GFSNL08']
2026-08-24 12:03:18,330 INFO [uvicorn.access] [-] [IP]:57094 - "POST /api/v1/cloud/filament-info HTTP/1.1" 200
2026-08-24 12:03:19,825 INFO [backend.app.services.bambu_ftp] [-] FTP connected successfully to [IP] (model=A1, prot_c=False)
2026-08-24 12:03:21,453 INFO [backend.app.services.bambu_mqtt] [-] [[SERIAL]] Tray change during print: tray=0 at layer=0
2026-08-24 12:03:41,727 INFO [backend.app.services.bambu_ftp] [-] Successfully downloaded /Silicone_Caulk_Cartridge_Finishing_Nozzle_Tips.gcode.3mf to /app/data/archive/temp/Silicone_Caulk_Cartridge_Finishing_Nozzle_Tips.gcode.3mf (3322457 bytes)
2026-08-24 12:03:41,727 INFO [backend.app.services.bambu_ftp] [-] FTP mode cached for [IP]: prot_p
2026-08-24 12:03:42,564 INFO [backend.app.services.bambu_ftp] [-] Successfully downloaded /Silicone_Caulk_Cartridge_Finishing_Nozzle_Tips.gcode.3mf to /app/data/archive/temp/cover_1_Silicone_Caulk_Cartridge_Finishing_Nozzle_Tips.gcode.3mf (917504 bytes)
2026-08-24 12:03:50,112 WARNING [backend.app.services.bambu_ftp] [-] FTP download timed out after 30.0s (plus 30.0s grace) for /Silicone_Caulk_Cartridge_Finishing_Nozzle_Tips.gcode.3mf
2026-08-24 12:03:50,112 INFO [backend.app.services.bambu_ftp] [-] FTP download failed with prot_p for A1 model, trying prot_c fallback...
2026-08-24 12:03:51,053 INFO [backend.app.services.bambu_ftp] [-] FTP connected successfully to [IP] (model=A1, prot_c=True)
2026-08-24 12:03:57,429 INFO [backend.app.services.bambu_ftp] [-] Successfully downloaded /Silicone_Caulk_Cartridge_Finishing_Nozzle_Tips.gcode.3mf to /app/data/archive/temp/Silicone_Caulk_Cartridge_Finishing_Nozzle_Tips.gcode.3mf (3322457 bytes)
2026-08-24 12:03:57,429 INFO [backend.app.services.bambu_ftp] [-] FTP mode cached for [IP]: prot_p
2026-08-24 12:04:03,473 INFO [backend.app.services.bambu_ftp] [-] Successfully downloaded /Silicone_Caulk_Cartridge_Finishing_Nozzle_Tips.gcode.3mf to /app/data/archive/temp/cover_1_Silicone_Caulk_Cartridge_Finishing_Nozzle_Tips.gcode.3mf (3322457 bytes)
2026-08-24 12:04:03,486 INFO [backend.app.api.routes.printers] [6910f510] Downloaded file size: 3322457 bytes
2026-08-24 12:04:03,487 INFO [backend.app.api.routes.printers] [6910f510] Cover: detected plate 1 from 3MF contents
2026-08-24 12:04:04,536 INFO [backend.app.api.routes.support] [83971f70] Log level changed to DEBUG
2026-08-24 12:04:04,536 INFO [backend.app.api.routes.bug_report] [83971f70] Bug report: enabled debug logging
2026-08-24 12:04:04,536 DEBUG [backend.app.services.bambu_mqtt] [83971f70] [[SERIAL]] Requesting status update (pushall)
2026-08-24 12:04:04,539 INFO [uvicorn.access] [-] [IP]:58050 - "POST /api/v1/bug-report/start-logging HTTP/1.1" 200
2026-08-24 12:04:04,599 DEBUG [backend.app.services.bambu_mqtt] [-] [[SERIAL]] Found xcam inside print data: {'buildplate_marker_detector': False}
2026-08-24 12:04:04,599 DEBUG [backend.app.services.bambu_mqtt] [-] [[SERIAL]] Parsing xcam data - all fields: ['buildplate_marker_detector']
2026-08-24 12:04:04,599 DEBUG [backend.app.services.bambu_mqtt] [-] [[SERIAL]] Received gcode_state: RUNNING, gcode_file: Silicone_Caulk_Cartridge_Finishing_Nozzle_Tips.gcode.3mf, subtask_name: Silicone_Caulk_Cartridge_Finishing_Nozzle_Tips
2026-08-24 12:04:04,599 DEBUG [backend.app.services.bambu_mqtt] [-] [[SERIAL]] AMS dict fields: {'ams_exist_bits': '1', 'tray_exist_bits': 'f', 'tray_is_bbl_bits': 'f', 'tray_tar': '0', 'tray_now': '0', 'tray_pre': '0', 'tray_read_done_bits': 'f', 'tray_reading_bits': '0', 'version': 8, 'insert_flag': False, 'power_on_flag': False}
2026-08-24 12:04:04,599 DEBUG [backend.app.services.bambu_mqtt] [-] [[SERIAL]] tray_now updated: 0
2026-08-24 12:04:04,599 DEBUG [backend.app.services.bambu_mqtt] [-] [[SERIAL]] Merged AMS data: 1 new units, 1 total
2026-08-24 12:04:04,599 DEBUG [backend.app.services.bambu_mqtt] [-] [[SERIAL]] AMS 0 info=0x2003 -> extruder 0
2026-08-24 12:04:04,600 DEBUG [backend.app.services.bambu_mqtt] [-] [[SERIAL]] ams_extruder_map: {'0': 0}
2026-08-24 12:04:04,600 DEBUG [backend.app.services.bambu_mqtt] [-] [[SERIAL]] ams_status: 768 (main=3, sub=0)
2026-08-24 12:04:04,600 DEBUG [backend.app.services.bambu_mqtt] [-] [[SERIAL]] Received command response: push_status
2026-08-24 12:04:04,600 DEBUG [backend.app.services.bambu_mqtt] [-] [[SERIAL]] chamber_temper raw value: 5.0
2026-08-24 12:04:04,600 DEBUG [backend.app.services.bambu_mqtt] [-] [[SERIAL]] chamber_temper direct value: 5.0°C (heater OFF)
2026-08-24 12:04:04,600 DEBUG [backend.app.services.bambu_mqtt] [-] [[SERIAL]] Chamber heating calculated: target=0.0, current=5.0, heating=False, respect_local=False
2026-08-24 12:04:04,600 DEBUG [backend.app.services.bambu_mqtt] [-] [[SERIAL]] Chamber temp updated to: 5.0, target: 0.0, heating: False
2026-08-24 12:04:04,600 DEBUG [backend.app.services.bambu_mqtt] [-] [[SERIAL]] HMS data received: []
2026-08-24 12:04:04,600 DEBUG [backend.app.services.bambu_mqtt] [-] [[SERIAL]] ipcam field: {'ipcam_dev': '1', 'ipcam_record': 'disable', 'timelapse': 'disable', 'resolution': '1080p', 'tutk_server': 'disable', 'mode_bits': 3}
2026-08-24 12:04:04,601 DEBUG [backend.app.services.bambu_mqtt] [-] [[SERIAL]] wifi_signal received: -35dBm
2026-08-24 12:04:04,601 DEBUG [backend.app.services.bambu_mqtt] [-] [[SERIAL]] lights_report: [{'node': 'chamber_light', 'mode': 'off'}]
2026-08-24 12:04:04,601 DEBUG [backend.app.services.bambu_mqtt] [-] [[SERIAL]] gcode_state: RUNNING -> RUNNING, file: Silicone_Caulk_Cartridge_Finishing_Nozzle_Tips.gcode.3mf, subtask: Silicone_Caulk_Cartridge_Finishing_Nozzle_Tips
2026-08-24 12:04:06,676 DEBUG [backend.app.services.bambu_mqtt] [-] [[SERIAL]] Received command response: push_status
2026-08-24 12:04:06,677 DEBUG [backend.app.services.bambu_mqtt] [-] [[SERIAL]] wifi_signal received: -37dBm
2026-08-24 12:04:08,722 DEBUG [backend.app.services.bambu_mqtt] [-] [[SERIAL]] Received command response: push_status
2026-08-24 12:04:10,781 DEBUG [backend.app.services.bambu_mqtt] [-] [[SERIAL]] Received command response: push_status
2026-08-24 12:04:11,440 WARNING [backend.app.services.bambu_ftp] [-] Download 3MF from /Silicone_Caulk_Cartridge_Finishing_Nozzle_Tips.gcode.3mf attempt 2/4 failed: 
2026-08-24 12:04:11,440 INFO [backend.app.services.bambu_ftp] [-] Download 3MF from /Silicone_Caulk_Cartridge_Finishing_Nozzle_Tips.gcode.3mf will retry in 2.0s...