2026-08-06 17:50:04,457 DEBUG [backend.app.services.bambu_mqtt] [-] [[SERIAL]] Timelapse detected during print (from ipcam)
2026-08-06 17:50:04,457 DEBUG [backend.app.services.bambu_mqtt] [-] [[SERIAL]] wifi_signal received: -46dBm
2026-08-06 17:50:04,457 DEBUG [backend.app.services.bambu_mqtt] [-] [[SERIAL]] lights_report: [{'mode': 'on', 'node': 'chamber_light'}, {'mode': 'flashing', 'node': 'work_light'}]
2026-08-06 17:50:04,457 DEBUG [backend.app.services.bambu_mqtt] [-] [[SERIAL]] gcode_state: RUNNING -> RUNNING, file: /data/Metadata/plate_1.gcode, subtask: Infinity_Cube_Fidget_(Print-In-Place)
2026-08-06 17:50:05,485 DEBUG [backend.app.services.bambu_mqtt] [-] [[SERIAL]] Found xcam inside print data: {'allow_skip_parts': False, 'buildplate_marker_detector': False, 'first_layer_inspector': True, 'halt_print_sensitivity': 'medium', 'print_halt': True, 'printing_monitor': False, 'spaghetti_detector': False}
2026-08-06 17:50:05,486 DEBUG [backend.app.services.bambu_mqtt] [-] [[SERIAL]] Parsing xcam data - all fields: ['allow_skip_parts', 'buildplate_marker_detector', 'first_layer_inspector', 'halt_print_sensitivity', 'print_halt', 'printing_monitor', 'spaghetti_detector']
2026-08-06 17:50:05,486 DEBUG [backend.app.services.bambu_mqtt] [-] [[SERIAL]] Received gcode_state: RUNNING, gcode_file: /data/Metadata/plate_1.gcode, subtask_name: Infinity_Cube_Fidget_(Print-In-Place)
2026-08-06 17:50:05,486 DEBUG [backend.app.services.bambu_mqtt] [-] [[SERIAL]] AMS dict fields: {'ams_exist_bits': '3', 'ams_exist_bits_raw': '3', 'insert_flag': True, 'power_on_flag': False, 'tray_exist_bits': 'ff', 'tray_is_bbl_bits': 'ff', 'tray_now': '1', 'tray_pre': '1', 'tray_read_done_bits': 'ff', 'tray_reading_bits': '0', 'tray_tar': '1', 'version': 3857}
2026-08-06 17:50:05,486 DEBUG [backend.app.services.bambu_mqtt] [-] [[SERIAL]] tray_now updated: 1
2026-08-06 17:50:05,486 DEBUG [backend.app.services.bambu_mqtt] [-] [[SERIAL]] Merged AMS data: 2 new units, 2 total
2026-08-06 17:50:05,487 DEBUG [backend.app.services.bambu_mqtt] [-] [[SERIAL]] ams_status: 768 (main=3, sub=0)
2026-08-06 17:50:05,487 DEBUG [backend.app.services.bambu_mqtt] [-] [[SERIAL]] Received command response: push_status
2026-08-06 17:50:05,487 DEBUG [backend.app.services.bambu_mqtt] [-] [[SERIAL]] chamber_temper raw value: 40.0
2026-08-06 17:50:05,487 DEBUG [backend.app.services.bambu_mqtt] [-] [[SERIAL]] chamber_temper direct value: 40.0°C (heater OFF)
2026-08-06 17:50:05,487 DEBUG [backend.app.services.bambu_mqtt] [-] [[SERIAL]] Chamber heating calculated: target=0.0, current=40.0, heating=False, respect_local=False
2026-08-06 17:50:05,487 DEBUG [backend.app.services.bambu_mqtt] [-] [[SERIAL]] Chamber temp updated to: 40.0, target: 0.0, heating: False
2026-08-06 17:50:05,487 DEBUG [backend.app.services.bambu_mqtt] [-] [[SERIAL]] HMS data received: []
2026-08-06 17:50:05,487 DEBUG [backend.app.services.bambu_mqtt] [-] [[SERIAL]] ipcam field: {'agora_service': 'disable', 'ipcam_dev': '1', 'ipcam_record': 'enable', 'mode_bits': 2, 'resolution': '720p', 'rtsp_url': 'rtsps://[IP]:322/streaming/live/1', 'timelapse': 'enable', 'tutk_server': 'disable'}
2026-08-06 17:50:05,488 DEBUG [backend.app.services.bambu_mqtt] [-] [[SERIAL]] Timelapse detected during print (from ipcam)
2026-08-06 17:50:05,488 DEBUG [backend.app.services.bambu_mqtt] [-] [[SERIAL]] wifi_signal received: -46dBm
2026-08-06 17:50:05,488 DEBUG [backend.app.services.bambu_mqtt] [-] [[SERIAL]] lights_report: [{'mode': 'on', 'node': 'chamber_light'}, {'mode': 'flashing', 'node': 'work_light'}]
2026-08-06 17:50:05,488 DEBUG [backend.app.services.bambu_mqtt] [-] [[SERIAL]] gcode_state: RUNNING -> RUNNING, file: /data/Metadata/plate_1.gcode, subtask: Infinity_Cube_Fidget_(Print-In-Place)
2026-08-06 17:50:06,506 DEBUG [backend.app.services.bambu_mqtt] [-] [[SERIAL]] Found xcam inside print data: {'allow_skip_parts': False, 'buildplate_marker_detector': False, 'first_layer_inspector': True, 'halt_print_sensitivity': 'medium', 'print_halt': True, 'printing_monitor': False, 'spaghetti_detector': False}
2026-08-06 17:50:06,506 DEBUG [backend.app.services.bambu_mqtt] [-] [[SERIAL]] Parsing xcam data - all fields: ['allow_skip_parts', 'buildplate_marker_detector', 'first_layer_inspector', 'halt_print_sensitivity', 'print_halt', 'printing_monitor', 'spaghetti_detector']
2026-08-06 17:50:06,506 DEBUG [backend.app.services.bambu_mqtt] [-] [[SERIAL]] Received gcode_state: RUNNING, gcode_file: /data/Metadata/plate_1.gcode, subtask_name: Infinity_Cube_Fidget_(Print-In-Place)
2026-08-06 17:50:06,507 DEBUG [backend.app.services.bambu_mqtt] [-] [[SERIAL]] AMS dict fields: {'ams_exist_bits': '3', 'ams_exist_bits_raw': '3', 'insert_flag': True, 'power_on_flag': False, 'tray_exist_bits': 'ff', 'tray_is_bbl_bits': 'ff', 'tray_now': '1', 'tray_pre': '1', 'tray_read_done_bits': 'ff', 'tray_reading_bits': '0', 'tray_tar': '1', 'version': 3857}
2026-08-06 17:50:06,507 DEBUG [backend.app.services.bambu_mqtt] [-] [[SERIAL]] tray_now updated: 1
2026-08-06 17:50:06,507 DEBUG [backend.app.services.bambu_mqtt] [-] [[SERIAL]] Merged AMS data: 2 new units, 2 total
2026-08-06 17:50:06,507 DEBUG [backend.app.services.bambu_mqtt] [-] [[SERIAL]] ams_status: 768 (main=3, sub=0)
2026-08-06 17:50:06,507 DEBUG [backend.app.services.bambu_mqtt] [-] [[SERIAL]] Received command response: push_status
2026-08-06 17:50:06,507 DEBUG [backend.app.services.bambu_mqtt] [-] [[SERIAL]] chamber_temper raw value: 40.0
2026-08-06 17:50:06,507 DEBUG [backend.app.services.bambu_mqtt] [-] [[SERIAL]] chamber_temper direct value: 40.0°C (heater OFF)
2026-08-06 17:50:06,508 DEBUG [backend.app.services.bambu_mqtt] [-] [[SERIAL]] Chamber heating calculated: target=0.0, current=40.0, heating=False, respect_local=False
2026-08-06 17:50:06,508 DEBUG [backend.app.services.bambu_mqtt] [-] [[SERIAL]] Chamber temp updated to: 40.0, target: 0.0, heating: False
2026-08-06 17:50:06,508 DEBUG [backend.app.services.bambu_mqtt] [-] [[SERIAL]] HMS data received: []
2026-08-06 17:50:06,508 DEBUG [backend.app.services.bambu_mqtt] [-] [[SERIAL]] ipcam field: {'agora_service': 'disable', 'ipcam_dev': '1', 'ipcam_record': 'enable', 'mode_bits': 2, 'resolution': '720p', 'rtsp_url': 'rtsps://[IP]:322/streaming/live/1', 'timelapse': 'enable', 'tutk_server': 'disable'}
2026-08-06 17:50:06,508 DEBUG [backend.app.services.bambu_mqtt] [-] [[SERIAL]] Timelapse detected during print (from ipcam)
2026-08-06 17:50:06,508 DEBUG [backend.app.services.bambu_mqtt] [-] [[SERIAL]] wifi_signal received: -46dBm
2026-08-06 17:50:06,508 DEBUG [backend.app.services.bambu_mqtt] [-] [[SERIAL]] lights_report: [{'mode': 'on', 'node': 'chamber_light'}, {'mode': 'flashing', 'node': 'work_light'}]
2026-08-06 17:50:06,508 DEBUG [backend.app.services.bambu_mqtt] [-] [[SERIAL]] gcode_state: RUNNING -> RUNNING, file: /data/Metadata/plate_1.gcode, subtask: Infinity_Cube_Fidget_(Print-In-Place)
2026-08-06 17:50:07,505 DEBUG [backend.app.services.bambu_mqtt] [-] [[SERIAL]] Found xcam inside print data: {'allow_skip_parts': False, 'buildplate_marker_detector': False, 'first_layer_inspector': True, 'halt_print_sensitivity': 'medium', 'print_halt': True, 'printing_monitor': False, 'spaghetti_detector': False}
2026-08-06 17:50:07,505 DEBUG [backend.app.services.bambu_mqtt] [-] [[SERIAL]] Parsing xcam data - all fields: ['allow_skip_parts', 'buildplate_marker_detector', 'first_layer_inspector', 'halt_print_sensitivity', 'print_halt', 'printing_monitor', 'spaghetti_detector']
2026-08-06 17:50:07,505 DEBUG [backend.app.services.bambu_mqtt] [-] [[SERIAL]] Received gcode_state: RUNNING, gcode_file: /data/Metadata/plate_1.gcode, subtask_name: Infinity_Cube_Fidget_(Print-In-Place)
2026-08-06 17:50:07,505 DEBUG [backend.app.services.bambu_mqtt] [-] [[SERIAL]] AMS dict fields: {'ams_exist_bits': '3', 'ams_exist_bits_raw': '3', 'insert_flag': True, 'power_on_flag': False, 'tray_exist_bits': 'ff', 'tray_is_bbl_bits': 'ff', 'tray_now': '1', 'tray_pre': '1', 'tray_read_done_bits': 'ff', 'tray_reading_bits': '0', 'tray_tar': '1', 'version': 3857}
2026-08-06 17:50:07,505 DEBUG [backend.app.services.bambu_mqtt] [-] [[SERIAL]] tray_now updated: 1
2026-08-06 17:50:07,505 DEBUG [backend.app.services.bambu_mqtt] [-] [[SERIAL]] Merged AMS data: 2 new units, 2 total
2026-08-06 17:50:07,505 DEBUG [backend.app.services.bambu_mqtt] [-] [[SERIAL]] ams_status: 768 (main=3, sub=0)
2026-08-06 17:50:07,505 DEBUG [backend.app.services.bambu_mqtt] [-] [[SERIAL]] Received command response: push_status
2026-08-06 17:50:07,505 DEBUG [backend.app.services.bambu_mqtt] [-] [[SERIAL]] chamber_temper raw value: 40.0
2026-08-06 17:50:07,505 DEBUG [backend.app.services.bambu_mqtt] [-] [[SERIAL]] chamber_temper direct value: 40.0°C (heater OFF)
2026-08-06 17:50:07,505 DEBUG [backend.app.services.bambu_mqtt] [-] [[SERIAL]] Chamber heating calculated: target=0.0, current=40.0, heating=False, respect_local=False
2026-08-06 17:50:07,505 DEBUG [backend.app.services.bambu_mqtt] [-] [[SERIAL]] Chamber temp updated to: 40.0, target: 0.0, heating: False
2026-08-06 17:50:07,505 DEBUG [backend.app.services.bambu_mqtt] [-] [[SERIAL]] HMS data received: []
2026-08-06 17:50:07,506 DEBUG [backend.app.services.bambu_mqtt] [-] [[SERIAL]] ipcam field: {'agora_service': 'disable', 'ipcam_dev': '1', 'ipcam_record': 'enable', 'mode_bits': 2, 'resolution': '720p', 'rtsp_url': 'rtsps://[IP]:322/streaming/live/1', 'timelapse': 'enable', 'tutk_server': 'disable'}
2026-08-06 17:50:07,506 DEBUG [backend.app.services.bambu_mqtt] [-] [[SERIAL]] Timelapse detected during print (from ipcam)
2026-08-06 17:50:07,506 DEBUG [backend.app.services.bambu_mqtt] [-] [[SERIAL]] wifi_signal received: -46dBm
2026-08-06 17:50:07,506 DEBUG [backend.app.services.bambu_mqtt] [-] [[SERIAL]] lights_report: [{'mode': 'on', 'node': 'chamber_light'}, {'mode': 'flashing', 'node': 'work_light'}]
2026-08-06 17:50:07,506 DEBUG [backend.app.services.bambu_mqtt] [-] [[SERIAL]] gcode_state: RUNNING -> RUNNING, file: /data/Metadata/plate_1.gcode, subtask: Infinity_Cube_Fidget_(Print-In-Place)
2026-08-06 17:50:08,411 DEBUG [backend.app.services.bambu_ftp] [-] FTP connecting to [IP]:990 (timeout=30s, model=X1C, prot_c=False, cap_tls_v1_2=False)
2026-08-06 17:50:08,412 DEBUG [backend.app.services.bambu_ftp] [-] FTP connecting to [IP]:990 (timeout=30s, model=X1C, prot_c=False, cap_tls_v1_2=False)
2026-08-06 17:50:08,499 DEBUG [backend.app.services.bambu_ftp] [-] FTP connected, logging in as bblp
2026-08-06 17:50:08,502 DEBUG [backend.app.services.bambu_ftp] [-] FTP connected, logging in as bblp
2026-08-06 17:50:08,518 DEBUG [backend.app.services.bambu_mqtt] [-] [[SERIAL]] Found xcam inside print data: {'allow_skip_parts': False, 'buildplate_marker_detector': False, 'first_layer_inspector': True, 'halt_print_sensitivity': 'medium', 'print_halt': True, 'printing_monitor': False, 'spaghetti_detector': False}
2026-08-06 17:50:08,518 DEBUG [backend.app.services.bambu_mqtt] [-] [[SERIAL]] Parsing xcam data - all fields: ['allow_skip_parts', 'buildplate_marker_detector', 'first_layer_inspector', 'halt_print_sensitivity', 'print_halt', 'printing_monitor', 'spaghetti_detector']
2026-08-06 17:50:08,519 DEBUG [backend.app.services.bambu_mqtt] [-] [[SERIAL]] Received gcode_state: RUNNING, gcode_file: /data/Metadata/plate_1.gcode, subtask_name: Infinity_Cube_Fidget_(Print-In-Place)
2026-08-06 17:50:08,519 DEBUG [backend.app.services.bambu_mqtt] [-] [[SERIAL]] AMS dict fields: {'ams_exist_bits': '3', 'ams_exist_bits_raw': '3', 'insert_flag': True, 'power_on_flag': False, 'tray_exist_bits': 'ff', 'tray_is_bbl_bits': 'ff', 'tray_now': '1', 'tray_pre': '1', 'tray_read_done_bits': 'ff', 'tray_reading_bits': '0', 'tray_tar': '1', 'version': 3858}
2026-08-06 17:50:08,519 DEBUG [backend.app.services.bambu_mqtt] [-] [[SERIAL]] tray_now updated: 1
2026-08-06 17:50:08,519 DEBUG [backend.app.services.bambu_mqtt] [-] [[SERIAL]] Merged AMS data: 2 new units, 2 total
2026-08-06 17:50:08,519 DEBUG [backend.app.services.bambu_mqtt] [-] [[SERIAL]] ams_status: 768 (main=3, sub=0)
2026-08-06 17:50:08,519 DEBUG [backend.app.services.bambu_mqtt] [-] [[SERIAL]] Received command response: push_status
2026-08-06 17:50:08,519 DEBUG [backend.app.services.bambu_mqtt] [-] [[SERIAL]] chamber_temper raw value: 40.0
2026-08-06 17:50:08,519 DEBUG [backend.app.services.bambu_mqtt] [-] [[SERIAL]] chamber_temper direct value: 40.0°C (heater OFF)
2026-08-06 17:50:08,520 DEBUG [backend.app.services.bambu_mqtt] [-] [[SERIAL]] Chamber heating calculated: target=0.0, current=40.0, heating=False, respect_local=False
2026-08-06 17:50:08,520 DEBUG [backend.app.services.bambu_mqtt] [-] [[SERIAL]] Chamber temp updated to: 40.0, target: 0.0, heating: False
2026-08-06 17:50:08,520 DEBUG [backend.app.services.bambu_mqtt] [-] [[SERIAL]] HMS data received: []
2026-08-06 17:50:08,520 DEBUG [backend.app.services.bambu_mqtt] [-] [[SERIAL]] ipcam field: {'agora_service': 'disable', 'ipcam_dev': '1', 'ipcam_record': 'enable', 'mode_bits': 2, 'resolution': '720p', 'rtsp_url': 'rtsps://[IP]:322/streaming/live/1', 'timelapse': 'enable', 'tutk_server': 'disable'}
2026-08-06 17:50:08,520 DEBUG [backend.app.services.bambu_mqtt] [-] [[SERIAL]] Timelapse detected during print (from ipcam)
2026-08-06 17:50:08,520 DEBUG [backend.app.services.bambu_mqtt] [-] [[SERIAL]] wifi_signal received: -46dBm
2026-08-06 17:50:08,520 DEBUG [backend.app.services.bambu_mqtt] [-] [[SERIAL]] lights_report: [{'mode': 'on', 'node': 'chamber_light'}, {'mode': 'flashing', 'node': 'work_light'}]
2026-08-06 17:50:08,520 DEBUG [backend.app.services.bambu_mqtt] [-] [[SERIAL]] gcode_state: RUNNING -> RUNNING, file: /data/Metadata/plate_1.gcode, subtask: Infinity_Cube_Fidget_(Print-In-Place)
2026-08-06 17:50:08,551 DEBUG [backend.app.services.bambu_ftp] [-] FTP logged in, setting prot_p (protected) and passive mode
2026-08-06 17:50:08,564 DEBUG [backend.app.services.bambu_ftp] [-] FTP logged in, setting prot_p (protected) and passive mode
2026-08-06 17:50:08,564 DEBUG [backend.app.services.bambu_ftp] [-] FTP server welcome: 220 (vsFTPd 3.0.3)
2026-08-06 17:50:08,564 INFO [backend.app.services.bambu_ftp] [-] FTP connected successfully to [IP] (model=X1C, prot_c=False)
2026-08-06 17:50:08,571 DEBUG [backend.app.services.bambu_ftp] [-] AVBL command not supported: 500 Unknown command.
2026-08-06 17:50:08,577 DEBUG [backend.app.services.bambu_ftp] [-] FTP server welcome: 220 (vsFTPd 3.0.3)
2026-08-06 17:50:08,577 INFO [backend.app.services.bambu_ftp] [-] FTP connected successfully to [IP] (model=X1C, prot_c=False)
2026-08-06 17:50:08,588 DEBUG [backend.app.services.bambu_ftp] [-] STAT response: 211-FTP server status:
     Connected to [IP]
     Logged in as bblp
     TYPE: ASCII
     No session bandwidth limit
     Session timeout in seconds is 300
     Control connection is encrypted
     Data connections will be encrypted
     At session startup, client count was 1
     vsFTPd 3.0.3 - secure, fast, stable
211 End of status
2026-08-06 17:50:08,670 DEBUG [backend.app.services.bambu_ftp] [-] Listed 229 files in /
2026-08-06 17:50:09,540 DEBUG [backend.app.services.bambu_mqtt] [-] [[SERIAL]] Found xcam inside print data: {'allow_skip_parts': False, 'buildplate_marker_detector': False, 'first_layer_inspector': True, 'halt_print_sensitivity': 'medium', 'print_halt': True, 'printing_monitor': False, 'spaghetti_detector': False}
2026-08-06 17:50:09,540 DEBUG [backend.app.services.bambu_mqtt] [-] [[SERIAL]] Parsing xcam data - all fields: ['allow_skip_parts', 'buildplate_marker_detector', 'first_layer_inspector', 'halt_print_sensitivity', 'print_halt', 'printing_monitor', 'spaghetti_detector']
2026-08-06 17:50:09,540 DEBUG [backend.app.services.bambu_mqtt] [-] [[SERIAL]] Received gcode_state: RUNNING, gcode_file: /data/Metadata/plate_1.gcode, subtask_name: Infinity_Cube_Fidget_(Print-In-Place)
2026-08-06 17:50:09,540 DEBUG [backend.app.services.bambu_mqtt] [-] [[SERIAL]] AMS dict fields: {'ams_exist_bits': '3', 'ams_exist_bits_raw': '3', 'insert_flag': True, 'power_on_flag': False, 'tray_exist_bits': 'ff', 'tray_is_bbl_bits': 'ff', 'tray_now': '1', 'tray_pre': '1', 'tray_read_done_bits': 'ff', 'tray_reading_bits': '0', 'tray_tar': '1', 'version': 3858}
2026-08-06 17:50:09,541 DEBUG [backend.app.services.bambu_mqtt] [-] [[SERIAL]] tray_now updated: 1
2026-08-06 17:50:09,541 DEBUG [backend.app.services.bambu_mqtt] [-] [[SERIAL]] Merged AMS data: 2 new units, 2 total
2026-08-06 17:50:09,541 DEBUG [backend.app.services.bambu_mqtt] [-] [[SERIAL]] ams_status: 768 (main=3, sub=0)
2026-08-06 17:50:09,541 DEBUG [backend.app.services.bambu_mqtt] [-] [[SERIAL]] Received command response: push_status
2026-08-06 17:50:09,541 DEBUG [backend.app.services.bambu_mqtt] [-] [[SERIAL]] chamber_temper raw value: 40.0
2026-08-06 17:50:09,542 DEBUG [backend.app.services.bambu_mqtt] [-] [[SERIAL]] chamber_temper direct value: 40.0°C (heater OFF)
2026-08-06 17:50:09,542 DEBUG [backend.app.services.bambu_mqtt] [-] [[SERIAL]] Chamber heating calculated: target=0.0, current=40.0, heating=False, respect_local=False
2026-08-06 17:50:09,542 DEBUG [backend.app.services.bambu_mqtt] [-] [[SERIAL]] Chamber temp updated to: 40.0, target: 0.0, heating: False
2026-08-06 17:50:09,542 DEBUG [backend.app.services.bambu_mqtt] [-] [[SERIAL]] HMS data received: []
2026-08-06 17:50:09,542 DEBUG [backend.app.services.bambu_mqtt] [-] [[SERIAL]] ipcam field: {'agora_service': 'disable', 'ipcam_dev': '1', 'ipcam_record': 'enable', 'mode_bits': 2, 'resolution': '720p', 'rtsp_url': 'rtsps://[IP]:322/streaming/live/1', 'timelapse': 'enable', 'tutk_server': 'disable'}
2026-08-06 17:50:09,542 DEBUG [backend.app.services.bambu_mqtt] [-] [[SERIAL]] Timelapse detected during print (from ipcam)
2026-08-06 17:50:09,543 DEBUG [backend.app.services.bambu_mqtt] [-] [[SERIAL]] wifi_signal received: -46dBm
2026-08-06 17:50:09,543 DEBUG [backend.app.services.bambu_mqtt] [-] [[SERIAL]] lights_report: [{'mode': 'on', 'node': 'chamber_light'}, {'mode': 'flashing', 'node': 'work_light'}]
2026-08-06 17:50:09,543 DEBUG [backend.app.services.bambu_mqtt] [-] [[SERIAL]] gcode_state: RUNNING -> RUNNING, file: /data/Metadata/plate_1.gcode, subtask: Infinity_Cube_Fidget_(Print-In-Place)
2026-08-06 17:50:10,549 DEBUG [backend.app.services.bambu_mqtt] [-] [[SERIAL]] Found xcam inside print data: {'allow_skip_parts': False, 'buildplate_marker_detector': False, 'first_layer_inspector': True, 'halt_print_sensitivity': 'medium', 'print_halt': True, 'printing_monitor': False, 'spaghetti_detector': False}
2026-08-06 17:50:10,549 DEBUG [backend.app.services.bambu_mqtt] [-] [[SERIAL]] Parsing xcam data - all fields: ['allow_skip_parts', 'buildplate_marker_detector', 'first_layer_inspector', 'halt_print_sensitivity', 'print_halt', 'printing_monitor', 'spaghetti_detector']
2026-08-06 17:50:10,550 DEBUG [backend.app.services.bambu_mqtt] [-] [[SERIAL]] Received gcode_state: RUNNING, gcode_file: /data/Metadata/plate_1.gcode, subtask_name: Infinity_Cube_Fidget_(Print-In-Place)
2026-08-06 17:50:10,550 DEBUG [backend.app.services.bambu_mqtt] [-] [[SERIAL]] AMS dict fields: {'ams_exist_bits': '3', 'ams_exist_bits_raw': '3', 'insert_flag': True, 'power_on_flag': False, 'tray_exist_bits': 'ff', 'tray_is_bbl_bits': 'ff', 'tray_now': '1', 'tray_pre': '1', 'tray_read_done_bits': 'ff', 'tray_reading_bits': '0', 'tray_tar': '1', 'version': 3858}
2026-08-06 17:50:10,550 DEBUG [backend.app.services.bambu_mqtt] [-] [[SERIAL]] tray_now updated: 1
2026-08-06 17:50:10,551 DEBUG [backend.app.services.bambu_mqtt] [-] [[SERIAL]] Merged AMS data: 2 new units, 2 total
2026-08-06 17:50:10,551 DEBUG [backend.app.services.bambu_mqtt] [-] [[SERIAL]] ams_status: 768 (main=3, sub=0)
2026-08-06 17:50:10,551 DEBUG [backend.app.services.bambu_mqtt] [-] [[SERIAL]] Received command response: push_status
2026-08-06 17:50:10,551 DEBUG [backend.app.services.bambu_mqtt] [-] [[SERIAL]] chamber_temper raw value: 40.0
2026-08-06 17:50:10,551 DEBUG [backend.app.services.bambu_mqtt] [-] [[SERIAL]] chamber_temper direct value: 40.0°C (heater OFF)
2026-08-06 17:50:10,551 DEBUG [backend.app.services.bambu_mqtt] [-] [[SERIAL]] Chamber heating calculated: target=0.0, current=40.0, heating=False, respect_local=False
2026-08-06 17:50:10,552 DEBUG [backend.app.services.bambu_mqtt] [-] [[SERIAL]] Chamber temp updated to: 40.0, target: 0.0, heating: False
2026-08-06 17:50:10,552 DEBUG [backend.app.services.bambu_mqtt] [-] [[SERIAL]] HMS data received: []
2026-08-06 17:50:10,552 DEBUG [backend.app.services.bambu_mqtt] [-] [[SERIAL]] ipcam field: {'agora_service': 'disable', 'ipcam_dev': '1', 'ipcam_record': 'enable', 'mode_bits': 2, 'resolution': '720p', 'rtsp_url': 'rtsps://[IP]:322/streaming/live/1', 'timelapse': 'enable', 'tutk_server': 'disable'}
2026-08-06 17:50:10,552 DEBUG [backend.app.services.bambu_mqtt] [-] [[SERIAL]] Timelapse detected during print (from ipcam)
2026-08-06 17:50:10,552 DEBUG [backend.app.services.bambu_mqtt] [-] [[SERIAL]] wifi_signal received: -46dBm
2026-08-06 17:50:10,552 DEBUG [backend.app.services.bambu_mqtt] [-] [[SERIAL]] lights_report: [{'mode': 'on', 'node': 'chamber_light'}, {'mode': 'flashing', 'node': 'work_light'}]
2026-08-06 17:50:10,552 DEBUG [backend.app.services.bambu_mqtt] [-] [[SERIAL]] gcode_state: RUNNING -> RUNNING, file: /data/Metadata/plate_1.gcode, subtask: Infinity_Cube_Fidget_(Print-In-Place)
2026-08-06 17:50:11,562 DEBUG [backend.app.services.bambu_mqtt] [-] [[SERIAL]] Found xcam inside print data: {'allow_skip_parts': False, 'buildplate_marker_detector': False, 'first_layer_inspector': True, 'halt_print_sensitivity': 'medium', 'print_halt': True, 'printing_monitor': False, 'spaghetti_detector': False}
2026-08-06 17:50:11,562 DEBUG [backend.app.services.bambu_mqtt] [-] [[SERIAL]] Parsing xcam data - all fields: ['allow_skip_parts', 'buildplate_marker_detector', 'first_layer_inspector', 'halt_print_sensitivity', 'print_halt', 'printing_monitor', 'spaghetti_detector']
2026-08-06 17:50:11,562 DEBUG [backend.app.services.bambu_mqtt] [-] [[SERIAL]] Received gcode_state: RUNNING, gcode_file: /data/Metadata/plate_1.gcode, subtask_name: Infinity_Cube_Fidget_(Print-In-Place)
2026-08-06 17:50:11,562 DEBUG [backend.app.services.bambu_mqtt] [-] [[SERIAL]] AMS dict fields: {'ams_exist_bits': '3', 'ams_exist_bits_raw': '3', 'insert_flag': True, 'power_on_flag': False, 'tray_exist_bits': 'ff', 'tray_is_bbl_bits': 'ff', 'tray_now': '1', 'tray_pre': '1', 'tray_read_done_bits': 'ff', 'tray_reading_bits': '0', 'tray_tar': '1', 'version': 3858}
2026-08-06 17:50:11,562 DEBUG [backend.app.services.bambu_mqtt] [-] [[SERIAL]] tray_now updated: 1
2026-08-06 17:50:11,562 DEBUG [backend.app.services.bambu_mqtt] [-] [[SERIAL]] Merged AMS data: 2 new units, 2 total
2026-08-06 17:50:11,562 DEBUG [backend.app.services.bambu_mqtt] [-] [[SERIAL]] ams_status: 768 (main=3, sub=0)
2026-08-06 17:50:11,562 DEBUG [backend.app.services.bambu_mqtt] [-] [[SERIAL]] Received command response: push_status
2026-08-06 17:50:11,562 DEBUG [backend.app.services.bambu_mqtt] [-] [[SERIAL]] chamber_temper raw value: 40.0
2026-08-06 17:50:11,562 DEBUG [backend.app.services.bambu_mqtt] [-] [[SERIAL]] chamber_temper direct value: 40.0°C (heater OFF)
2026-08-06 17:50:11,563 DEBUG [backend.app.services.bambu_mqtt] [-] [[SERIAL]] Chamber heating calculated: target=0.0, current=40.0, heating=False, respect_local=False
2026-08-06 17:50:11,563 DEBUG [backend.app.services.bambu_mqtt] [-] [[SERIAL]] Chamber temp updated to: 40.0, target: 0.0, heating: False
2026-08-06 17:50:11,563 DEBUG [backend.app.services.bambu_mqtt] [-] [[SERIAL]] HMS data received: []
2026-08-06 17:50:11,563 DEBUG [backend.app.services.bambu_mqtt] [-] [[SERIAL]] ipcam field: {'agora_service': 'disable', 'ipcam_dev': '1', 'ipcam_record': 'enable', 'mode_bits': 2, 'resolution': '720p', 'rtsp_url': 'rtsps://[IP]:322/streaming/live/1', 'timelapse': 'enable', 'tutk_server': 'disable'}
2026-08-06 17:50:11,563 DEBUG [backend.app.services.bambu_mqtt] [-] [[SERIAL]] Timelapse detected during print (from ipcam)
2026-08-06 17:50:11,563 DEBUG [backend.app.services.bambu_mqtt] [-] [[SERIAL]] wifi_signal received: -46dBm
2026-08-06 17:50:11,563 DEBUG [backend.app.services.bambu_mqtt] [-] [[SERIAL]] lights_report: [{'mode': 'on', 'node': 'chamber_light'}, {'mode': 'flashing', 'node': 'work_light'}]
2026-08-06 17:50:11,563 DEBUG [backend.app.services.bambu_mqtt] [-] [[SERIAL]] gcode_state: RUNNING -> RUNNING, file: /data/Metadata/plate_1.gcode, subtask: Infinity_Cube_Fidget_(Print-In-Place)
2026-08-06 17:50:12,249 INFO [backend.app.api.routes.camera] [77a937a8] Skipping force-shutdown for printer 1: 1 subscriber(s) still attached; natural cleanup will tear down when last viewer disconnects
2026-08-06 17:50:12,249 INFO [uvicorn.access] [-] [IP]:61308 - "POST /api/v1/printers/1/camera/stop HTTP/1.1" 200
2026-08-06 17:50:12,271 INFO [backend.app.api.routes.camera] [fa8e8ff4] Camera viewer detached from printer-1 (subscribers=0)
2026-08-06 17:50:12,571 DEBUG [backend.app.services.bambu_mqtt] [-] [[SERIAL]] Found xcam inside print data: {'allow_skip_parts': False, 'buildplate_marker_detector': False, 'first_layer_inspector': True, 'halt_print_sensitivity': 'medium', 'print_halt': True, 'printing_monitor': False, 'spaghetti_detector': False}
2026-08-06 17:50:12,571 DEBUG [backend.app.services.bambu_mqtt] [-] [[SERIAL]] Parsing xcam data - all fields: ['allow_skip_parts', 'buildplate_marker_detector', 'first_layer_inspector', 'halt_print_sensitivity', 'print_halt', 'printing_monitor', 'spaghetti_detector']
2026-08-06 17:50:12,571 DEBUG [backend.app.services.bambu_mqtt] [-] [[SERIAL]] Received gcode_state: RUNNING, gcode_file: /data/Metadata/plate_1.gcode, subtask_name: Infinity_Cube_Fidget_(Print-In-Place)
2026-08-06 17:50:12,571 DEBUG [backend.app.services.bambu_mqtt] [-] [[SERIAL]] AMS dict fields: {'ams_exist_bits': '3', 'ams_exist_bits_raw': '3', 'insert_flag': True, 'power_on_flag': False, 'tray_exist_bits': 'ff', 'tray_is_bbl_bits': 'ff', 'tray_now': '1', 'tray_pre': '1', 'tray_read_done_bits': 'ff', 'tray_reading_bits': '0', 'tray_tar': '1', 'version': 3858}
2026-08-06 17:50:12,571 DEBUG [backend.app.services.bambu_mqtt] [-] [[SERIAL]] tray_now updated: 1
2026-08-06 17:50:12,571 DEBUG [backend.app.services.bambu_mqtt] [-] [[SERIAL]] Merged AMS data: 2 new units, 2 total
2026-08-06 17:50:12,571 DEBUG [backend.app.services.bambu_mqtt] [-] [[SERIAL]] ams_status: 768 (main=3, sub=0)
2026-08-06 17:50:12,571 DEBUG [backend.app.services.bambu_mqtt] [-] [[SERIAL]] Received command response: push_status
2026-08-06 17:50:12,571 DEBUG [backend.app.services.bambu_mqtt] [-] [[SERIAL]] chamber_temper raw value: 40.0
2026-08-06 17:50:12,571 DEBUG [backend.app.services.bambu_mqtt] [-] [[SERIAL]] chamber_temper direct value: 40.0°C (heater OFF)
2026-08-06 17:50:12,572 DEBUG [backend.app.services.bambu_mqtt] [-] [[SERIAL]] Chamber heating calculated: target=0.0, current=40.0, heating=False, respect_local=False
2026-08-06 17:50:12,572 DEBUG [backend.app.services.bambu_mqtt] [-] [[SERIAL]] Chamber temp updated to: 40.0, target: 0.0, heating: False
2026-08-06 17:50:12,572 DEBUG [backend.app.services.bambu_mqtt] [-] [[SERIAL]] HMS data received: []
2026-08-06 17:50:12,572 DEBUG [backend.app.services.bambu_mqtt] [-] [[SERIAL]] ipcam field: {'agora_service': 'disable', 'ipcam_dev': '1', 'ipcam_record': 'enable', 'mode_bits': 2, 'resolution': '720p', 'rtsp_url': 'rtsps://[IP]:322/streaming/live/1', 'timelapse': 'enable', 'tutk_server': 'disable'}
2026-08-06 17:50:12,572 DEBUG [backend.app.services.bambu_mqtt] [-] [[SERIAL]] Timelapse detected during print (from ipcam)
2026-08-06 17:50:12,572 DEBUG [backend.app.services.bambu_mqtt] [-] [[SERIAL]] wifi_signal received: -46dBm
2026-08-06 17:50:12,572 DEBUG [backend.app.services.bambu_mqtt] [-] [[SERIAL]] lights_report: [{'mode': 'on', 'node': 'chamber_light'}, {'mode': 'flashing', 'node': 'work_light'}]
2026-08-06 17:50:12,572 DEBUG [backend.app.services.bambu_mqtt] [-] [[SERIAL]] gcode_state: RUNNING -> RUNNING, file: /data/Metadata/plate_1.gcode, subtask: Infinity_Cube_Fidget_(Print-In-Place)
2026-08-06 17:50:12,597 INFO [backend.app.api.routes.camera] [126bc33f] Using RTSP protocol for X1C
2026-08-06 17:50:12,597 INFO [backend.app.api.routes.camera] [126bc33f] Camera viewer attached to printer-1 (subscribers=1)
2026-08-06 17:50:12,602 INFO [uvicorn.access] [-] [IP]:61308 - "POST /api/v1/printers/camera/stream-token HTTP/1.1" 200
2026-08-06 17:50:12,673 DEBUG [backend.app.api.routes.printers] [faf2b1a9] API returning ams_mapping: [], ams_extruder_map: {}
2026-08-06 17:50:12,673 DEBUG [backend.app.api.routes.printers] [faf2b1a9] Using tray_now directly as global ID: 1
2026-08-06 17:50:12,676 INFO [backend.app.api.routes.camera] [d03bebc0] Using RTSP protocol for X1C
2026-08-06 17:50:12,676 INFO [backend.app.api.routes.camera] [d03bebc0] Camera viewer attached to printer-1 (subscribers=2)
2026-08-06 17:50:12,860 INFO [backend.app.api.routes.camera] [126bc33f] Camera viewer detached from printer-1 (subscribers=1)
2026-08-06 17:50:13,591 DEBUG [backend.app.services.bambu_mqtt] [-] [[SERIAL]] Found xcam inside print data: {'allow_skip_parts': False, 'buildplate_marker_detector': False, 'first_layer_inspector': True, 'halt_print_sensitivity': 'medium', 'print_halt': True, 'printing_monitor': False, 'spaghetti_detector': False}
2026-08-06 17:50:13,591 DEBUG [backend.app.services.bambu_mqtt] [-] [[SERIAL]] Parsing xcam data - all fields: ['allow_skip_parts', 'buildplate_marker_detector', 'first_layer_inspector', 'halt_print_sensitivity', 'print_halt', 'printing_monitor', 'spaghetti_detector']
2026-08-06 17:50:13,591 DEBUG [backend.app.services.bambu_mqtt] [-] [[SERIAL]] Received gcode_state: RUNNING, gcode_file: /data/Metadata/plate_1.gcode, subtask_name: Infinity_Cube_Fidget_(Print-In-Place)
2026-08-06 17:50:13,591 DEBUG [backend.app.services.bambu_mqtt] [-] [[SERIAL]] AMS dict fields: {'ams_exist_bits': '3', 'ams_exist_bits_raw': '3', 'insert_flag': True, 'power_on_flag': False, 'tray_exist_bits': 'ff', 'tray_is_bbl_bits': 'ff', 'tray_now': '1', 'tray_pre': '1', 'tray_read_done_bits': 'ff', 'tray_reading_bits': '0', 'tray_tar': '1', 'version': 3858}
2026-08-06 17:50:13,591 DEBUG [backend.app.services.bambu_mqtt] [-] [[SERIAL]] tray_now updated: 1
2026-08-06 17:50:13,591 DEBUG [backend.app.services.bambu_mqtt] [-] [[SERIAL]] Merged AMS data: 2 new units, 2 total
2026-08-06 17:50:13,591 DEBUG [backend.app.services.bambu_mqtt] [-] [[SERIAL]] ams_status: 768 (main=3, sub=0)
2026-08-06 17:50:13,591 DEBUG [backend.app.services.bambu_mqtt] [-] [[SERIAL]] Received command response: push_status
2026-08-06 17:50:13,591 DEBUG [backend.app.services.bambu_mqtt] [-] [[SERIAL]] chamber_temper raw value: 40.0
2026-08-06 17:50:13,591 DEBUG [backend.app.services.bambu_mqtt] [-] [[SERIAL]] chamber_temper direct value: 40.0°C (heater OFF)
2026-08-06 17:50:13,591 DEBUG [backend.app.services.bambu_mqtt] [-] [[SERIAL]] Chamber heating calculated: target=0.0, current=40.0, heating=False, respect_local=False
2026-08-06 17:50:13,591 DEBUG [backend.app.services.bambu_mqtt] [-] [[SERIAL]] Chamber temp updated to: 40.0, target: 0.0, heating: False
2026-08-06 17:50:13,591 DEBUG [backend.app.services.bambu_mqtt] [-] [[SERIAL]] HMS data received: []
2026-08-06 17:50:13,592 DEBUG [backend.app.services.bambu_mqtt] [-] [[SERIAL]] ipcam field: {'agora_service': 'disable', 'ipcam_dev': '1', 'ipcam_record': 'enable', 'mode_bits': 2, 'resolution': '720p', 'rtsp_url': 'rtsps://[IP]:322/streaming/live/1', 'timelapse': 'enable', 'tutk_server': 'disable'}
2026-08-06 17:50:13,592 DEBUG [backend.app.services.bambu_mqtt] [-] [[SERIAL]] Timelapse detected during print (from ipcam)
2026-08-06 17:50:13,592 DEBUG [backend.app.services.bambu_mqtt] [-] [[SERIAL]] wifi_signal received: -46dBm
2026-08-06 17:50:13,592 DEBUG [backend.app.services.bambu_mqtt] [-] [[SERIAL]] lights_report: [{'mode': 'on', 'node': 'chamber_light'}, {'mode': 'flashing', 'node': 'work_light'}]
2026-08-06 17:50:13,592 DEBUG [backend.app.services.bambu_mqtt] [-] [[SERIAL]] gcode_state: RUNNING -> RUNNING, file: /data/Metadata/plate_1.gcode, subtask: Infinity_Cube_Fidget_(Print-In-Place)