2026-08-15 16:51:13,292 INFO [backend.app.services.mqtt_relay] [-] MQTT relay disconnected cleanly
2026-08-15 16:51:13,295 INFO [backend.app.services.mqtt_relay] [-] MQTT relay connected successfully
2026-08-15 16:51:14,294 INFO [backend.app.services.mqtt_relay] [0566568a] MQTT relay connected to mqtt.scottheath.com:1883
2026-08-15 16:51:14,301 INFO [uvicorn.access] [-] [IP]:55996 - "PUT /api/v1/settings/ HTTP/1.1" 200
2026-08-15 16:51:15,192 INFO [backend.app.services.mqtt_relay] [-] MQTT relay disconnected cleanly
2026-08-15 16:51:15,196 INFO [backend.app.services.mqtt_relay] [-] MQTT relay connected successfully
2026-08-15 16:51:16,195 INFO [backend.app.services.mqtt_relay] [14a904b4] MQTT relay connected to mqtt.scottheath.com:1883
2026-08-15 16:51:16,201 INFO [uvicorn.access] [-] [IP]:56008 - "PUT /api/v1/settings/ HTTP/1.1" 200
2026-08-15 16:51:28,936 INFO [backend.app.services.mqtt_relay] [-] MQTT relay disconnected cleanly
2026-08-15 16:51:28,938 INFO [backend.app.services.mqtt_relay] [-] MQTT relay connected successfully
2026-08-15 16:51:29,938 INFO [backend.app.services.mqtt_relay] [8534fc04] MQTT relay connected to mqtt.scottheath.com:1883
2026-08-15 16:51:29,945 INFO [uvicorn.access] [-] [IP]:59226 - "PUT /api/v1/settings/ HTTP/1.1" 200
2026-08-15 16:51:31,265 INFO [backend.app.services.mqtt_relay] [-] MQTT relay disconnected cleanly
2026-08-15 16:51:31,268 INFO [backend.app.services.mqtt_relay] [-] MQTT relay connected successfully
2026-08-15 16:51:32,269 INFO [backend.app.services.mqtt_relay] [e7d75474] MQTT relay connected to mqtt.scottheath.com:1883
2026-08-15 16:51:32,276 INFO [uvicorn.access] [-] [IP]:55754 - "PUT /api/v1/settings/ HTTP/1.1" 200
2026-08-15 16:51:49,807 INFO [backend.app.services.stl_thumbnail] [354c9335] Generated STL thumbnail: /app/data/archive/library/thumbnails/aee67716e005426c9dce257445ccc32d.png
2026-08-15 16:51:49,814 INFO [uvicorn.access] [-] [IP]:52860 - "POST /api/v1/library/generate-stl-thumbnails HTTP/1.1" 200
2026-08-15 16:52:01,801 INFO [uvicorn.access] [-] [IP]:38812 - "PUT /api/v1/library/files/5 HTTP/1.1" 200
2026-08-15 16:52:09,813 INFO [uvicorn.access] [-] [IP]:42600 - "PUT /api/v1/library/files/5 HTTP/1.1" 200
2026-08-15 16:54:06,028 INFO [backend.app.main] [-] Recorded 1 AMS sensor history entries
2026-08-15 16:54:34,723 INFO [backend.app.services.bambu_mqtt] [bc073b04] [[SERIAL]] Requesting K-profiles for nozzle_diameter=0.4 (attempt 1/3, seq_id=6)
2026-08-15 16:54:34,740 INFO [backend.app.services.bambu_mqtt] [-] [[SERIAL]] K-profile response: nozzle=0.4, seq_id=6, 2 profiles, matched=True
2026-08-15 16:54:34,741 INFO [backend.app.services.bambu_mqtt] [-] [[SERIAL]] Got 2 K-profiles for nozzle=0.4
2026-08-15 16:54:34,741 INFO [backend.app.services.bambu_mqtt] [bc073b04] [[SERIAL]] Got 2 K-profiles for nozzle=0.4 on attempt 1
2026-08-15 16:54:34,816 INFO [backend.app.services.bambu_mqtt] [829a1247] [[SERIAL]] Requesting K-profiles for nozzle_diameter=0.4 (attempt 1/3, seq_id=7)
2026-08-15 16:54:34,831 INFO [backend.app.services.bambu_mqtt] [-] [[SERIAL]] K-profile response: nozzle=0.4, seq_id=7, 2 profiles, matched=True
2026-08-15 16:54:34,831 INFO [backend.app.services.bambu_mqtt] [-] [[SERIAL]] Got 2 K-profiles for nozzle=0.4
2026-08-15 16:54:34,831 INFO [backend.app.services.bambu_mqtt] [829a1247] [[SERIAL]] Got 2 K-profiles for nozzle=0.4 on attempt 1
2026-08-15 16:55:05,223 INFO [backend.app.services.slicer_api] [bc3fb84c] Slicing 3c04b0f76f384a7caaa9fef5ad0c6a00.3mf (1.3 MB) plate=1 with 0 profile(s)
2026-08-15 16:55:05,400 WARNING [backend.app.services.slice_preview] [bc3fb84c] Preview slice failed for library_file/1 plate 1: Slicer CLI failed (500): Slicing failed with error from slicer: Invalid parameter value(s) included in the 3mf file.: Slicer process failed (exit code 238)
stderr: Param values in 3mf/config error: 
raft_first_layer_expansion: -1 not in range [0.000000,340282346638528859811704183484516925440.000000]
tree_support_wall_count: -1 not in range [0.000000,2.000000]
stdout: run found error, return -18, exit...
2026-08-15 16:59:06,035 INFO [backend.app.main] [-] Recorded 1 AMS sensor history entries
2026-08-15 17:00:00,004 WARNING [backend.app.utils.local_time] [-] Unrecognised TZ env value 'America/New York', falling back to UTC
2026-08-15 17:01:23,972 INFO [backend.app.api.routes.websocket] [-] WebSocket client disconnected normally
2026-08-15 17:01:27,956 INFO [uvicorn.access] [-] [IP]:47076 - "POST /api/v1/auth/ws-token HTTP/1.1" 200
2026-08-15 17:01:27,981 INFO [backend.app.api.routes.websocket] [-] WebSocket client connecting (principal=[USER])
2026-08-15 17:01:27,984 INFO [backend.app.api.routes.websocket] [-] WebSocket client connected
2026-08-15 17:01:27,984 INFO [backend.app.api.routes.websocket] [-] Sent initial status for 1 printers
2026-08-15 17:02:07,984 INFO [backend.app.api.routes.websocket] [-] WebSocket client disconnected normally
2026-08-15 17:04:06,043 INFO [backend.app.main] [-] Recorded 1 AMS sensor history entries
2026-08-15 17:06:35,515 INFO [uvicorn.access] [-] [IP]:40182 - "POST /api/v1/auth/ws-token HTTP/1.1" 200
2026-08-15 17:06:35,544 INFO [backend.app.api.routes.websocket] [-] WebSocket client connecting (principal=[USER])
2026-08-15 17:06:35,546 INFO [backend.app.api.routes.websocket] [-] WebSocket client connected
2026-08-15 17:06:35,546 INFO [backend.app.api.routes.websocket] [-] Sent initial status for 1 printers
2026-08-15 17:08:46,637 INFO [uvicorn.access] [-] [IP]:41146 - "DELETE /api/v1/archives/24?purge_stats=true HTTP/1.1" 200
2026-08-15 17:08:46,750 INFO [uvicorn.access] [-] [IP]:41232 - "POST /api/v1/printers/camera/stream-token HTTP/1.1" 200
2026-08-15 17:08:50,792 INFO [uvicorn.access] [-] [IP]:51102 - "DELETE /api/v1/archives/23?purge_stats=true HTTP/1.1" 200
2026-08-15 17:09:06,051 INFO [backend.app.main] [-] Recorded 1 AMS sensor history entries
2026-08-15 17:09:42,151 INFO [backend.app.api.routes.cloud] [c17d24a5] get_filament_info called with 5 IDs: ['GFSNL08', 'GFA00', 'GFA11', 'GFS05', 'GFU01']
2026-08-15 17:09:42,691 INFO [uvicorn.access] [-] [IP]:39826 - "POST /api/v1/cloud/filament-info HTTP/1.1" 200
2026-08-15 17:14:06,059 INFO [backend.app.main] [-] Recorded 1 AMS sensor history entries
2026-08-15 17:18:34,987 WARNING [backend.app.services.bambu_mqtt] [-] [[SERIAL]] MQTT disconnected: rc=Keep alive timeout, flags=DisconnectFlags(is_disconnect_packet_from_server=False)
2026-08-15 17:18:34,988 WARNING [backend.app.services.bambu_mqtt] [-] [[SERIAL]] MQTT disconnected: rc=Keep alive timeout, flags=DisconnectFlags(is_disconnect_packet_from_server=False)
2026-08-15 17:18:34,988 INFO [backend.app.main] [-] [#1752] Printer 1 connected→disconnected edge; scheduling offline notification in 60s
2026-08-15 17:18:55,934 INFO [backend.app.api.routes.websocket] [-] WebSocket client disconnected normally
2026-08-15 17:18:59,505 INFO [uvicorn.access] [-] [IP]:45520 - "POST /api/v1/auth/ws-token HTTP/1.1" 200
2026-08-15 17:18:59,536 INFO [backend.app.api.routes.websocket] [-] WebSocket client connecting (principal=[USER])
2026-08-15 17:18:59,537 INFO [backend.app.api.routes.websocket] [-] WebSocket client connected
2026-08-15 17:18:59,538 INFO [backend.app.api.routes.websocket] [-] Sent initial status for 1 printers
2026-08-15 17:19:34,990 INFO [backend.app.main] [-] [#1752] Printer 1 offline debounce elapsed: still_offline=True
2026-08-15 17:19:34,992 INFO [backend.app.main] [-] [#1752] Dispatching on_printer_offline for printer 1 ([PRINTER])
2026-08-15 17:19:39,538 INFO [backend.app.api.routes.websocket] [-] WebSocket client disconnected normally
2026-08-15 17:27:30,280 INFO [uvicorn.access] [-] [IP]:57604 - "POST /api/v1/auth/ws-token HTTP/1.1" 200
2026-08-15 17:27:30,317 INFO [backend.app.api.routes.websocket] [-] WebSocket client connecting (principal=[USER])
2026-08-15 17:27:30,321 INFO [backend.app.api.routes.websocket] [-] WebSocket client connected
2026-08-15 17:27:30,323 INFO [backend.app.api.routes.websocket] [-] Sent initial status for 1 printers
2026-08-15 17:27:43,986 INFO [backend.app.services.virtual_printer.ssdp_server] [-] Sent SSDP response to [IP] for 'Bambuddy' (Location=[IP], USN=[SERIAL])
2026-08-15 17:27:48,910 INFO [backend.app.services.virtual_printer.ssdp_server] [-] Sent SSDP response to [IP] for 'Bambuddy' (Location=[IP], USN=[SERIAL])
2026-08-15 17:27:53,935 INFO [backend.app.services.virtual_printer.ssdp_server] [-] Sent SSDP response to [IP] for 'Bambuddy' (Location=[IP], USN=[SERIAL])
2026-08-15 17:27:58,962 INFO [backend.app.services.virtual_printer.ssdp_server] [-] Sent SSDP response to [IP] for 'Bambuddy' (Location=[IP], USN=[SERIAL])
2026-08-15 17:28:04,291 INFO [backend.app.services.virtual_printer.ssdp_server] [-] Sent SSDP response to [IP] for 'Bambuddy' (Location=[IP], USN=[SERIAL])
2026-08-15 17:28:09,316 INFO [backend.app.services.virtual_printer.ssdp_server] [-] Sent SSDP response to [IP] for 'Bambuddy' (Location=[IP], USN=[SERIAL])
2026-08-15 17:28:14,342 INFO [backend.app.services.virtual_printer.ssdp_server] [-] Sent SSDP response to [IP] for 'Bambuddy' (Location=[IP], USN=[SERIAL])
2026-08-15 17:28:19,365 INFO [backend.app.services.virtual_printer.ssdp_server] [-] Sent SSDP response to [IP] for 'Bambuddy' (Location=[IP], USN=[SERIAL])
2026-08-15 17:28:24,390 INFO [backend.app.services.virtual_printer.ssdp_server] [-] Sent SSDP response to [IP] for 'Bambuddy' (Location=[IP], USN=[SERIAL])
2026-08-15 17:28:29,817 INFO [backend.app.services.virtual_printer.ssdp_server] [-] Sent SSDP response to [IP] for 'Bambuddy' (Location=[IP], USN=[SERIAL])
2026-08-15 17:28:34,841 INFO [backend.app.services.virtual_printer.ssdp_server] [-] Sent SSDP response to [IP] for 'Bambuddy' (Location=[IP], USN=[SERIAL])
2026-08-15 17:28:39,868 INFO [backend.app.services.virtual_printer.ssdp_server] [-] Sent SSDP response to [IP] for 'Bambuddy' (Location=[IP], USN=[SERIAL])
2026-08-15 17:28:44,993 INFO [backend.app.services.virtual_printer.ssdp_server] [-] Sent SSDP response to [IP] for 'Bambuddy' (Location=[IP], USN=[SERIAL])
2026-08-15 17:28:50,017 INFO [backend.app.services.virtual_printer.ssdp_server] [-] Sent SSDP response to [IP] for 'Bambuddy' (Location=[IP], USN=[SERIAL])
2026-08-15 17:28:55,043 INFO [backend.app.services.virtual_printer.ssdp_server] [-] Sent SSDP response to [IP] for 'Bambuddy' (Location=[IP], USN=[SERIAL])
2026-08-15 17:29:00,475 INFO [backend.app.services.virtual_printer.ssdp_server] [-] Sent SSDP response to [IP] for 'Bambuddy' (Location=[IP], USN=[SERIAL])
2026-08-15 17:29:05,502 INFO [backend.app.services.virtual_printer.ssdp_server] [-] Sent SSDP response to [IP] for 'Bambuddy' (Location=[IP], USN=[SERIAL])
2026-08-15 17:29:10,529 INFO [backend.app.services.virtual_printer.ssdp_server] [-] Sent SSDP response to [IP] for 'Bambuddy' (Location=[IP], USN=[SERIAL])
2026-08-15 17:29:15,555 INFO [backend.app.services.virtual_printer.ssdp_server] [-] Sent SSDP response to [IP] for 'Bambuddy' (Location=[IP], USN=[SERIAL])
2026-08-15 17:29:20,579 INFO [backend.app.services.virtual_printer.ssdp_server] [-] Sent SSDP response to [IP] for 'Bambuddy' (Location=[IP], USN=[SERIAL])
2026-08-15 17:29:25,703 INFO [backend.app.services.virtual_printer.ssdp_server] [-] Sent SSDP response to [IP] for 'Bambuddy' (Location=[IP], USN=[SERIAL])
2026-08-15 17:29:31,033 INFO [backend.app.services.virtual_printer.ssdp_server] [-] Sent SSDP response to [IP] for 'Bambuddy' (Location=[IP], USN=[SERIAL])
2026-08-15 17:29:36,157 INFO [backend.app.services.virtual_printer.ssdp_server] [-] Sent SSDP response to [IP] for 'Bambuddy' (Location=[IP], USN=[SERIAL])
2026-08-15 17:29:41,182 INFO [backend.app.services.virtual_printer.ssdp_server] [-] Sent SSDP response to [IP] for 'Bambuddy' (Location=[IP], USN=[SERIAL])
2026-08-15 17:29:46,213 INFO [backend.app.services.virtual_printer.ssdp_server] [-] Sent SSDP response to [IP] for 'Bambuddy' (Location=[IP], USN=[SERIAL])
2026-08-15 17:29:51,233 INFO [backend.app.services.virtual_printer.ssdp_server] [-] Sent SSDP response to [IP] for 'Bambuddy' (Location=[IP], USN=[SERIAL])
2026-08-15 17:29:56,254 INFO [backend.app.services.virtual_printer.ssdp_server] [-] Sent SSDP response to [IP] for 'Bambuddy' (Location=[IP], USN=[SERIAL])
2026-08-15 17:30:01,377 INFO [backend.app.services.virtual_printer.ssdp_server] [-] Sent SSDP response to [IP] for 'Bambuddy' (Location=[IP], USN=[SERIAL])
2026-08-15 17:30:06,395 INFO [backend.app.services.virtual_printer.ssdp_server] [-] Sent SSDP response to [IP] for 'Bambuddy' (Location=[IP], USN=[SERIAL])
2026-08-15 17:30:11,414 INFO [backend.app.services.virtual_printer.ssdp_server] [-] Sent SSDP response to [IP] for 'Bambuddy' (Location=[IP], USN=[SERIAL])
2026-08-15 17:30:16,533 INFO [backend.app.services.virtual_printer.ssdp_server] [-] Sent SSDP response to [IP] for 'Bambuddy' (Location=[IP], USN=[SERIAL])
2026-08-15 17:30:21,551 INFO [backend.app.services.virtual_printer.ssdp_server] [-] Sent SSDP response to [IP] for 'Bambuddy' (Location=[IP], USN=[SERIAL])
2026-08-15 17:30:26,570 INFO [backend.app.services.virtual_printer.ssdp_server] [-] Sent SSDP response to [IP] for 'Bambuddy' (Location=[IP], USN=[SERIAL])
2026-08-15 17:30:31,995 INFO [backend.app.services.virtual_printer.ssdp_server] [-] Sent SSDP response to [IP] for 'Bambuddy' (Location=[IP], USN=[SERIAL])
2026-08-15 17:30:37,021 INFO [backend.app.services.virtual_printer.ssdp_server] [-] Sent SSDP response to [IP] for 'Bambuddy' (Location=[IP], USN=[SERIAL])
2026-08-15 17:30:42,045 INFO [backend.app.services.virtual_printer.ssdp_server] [-] Sent SSDP response to [IP] for 'Bambuddy' (Location=[IP], USN=[SERIAL])
2026-08-15 17:30:47,063 INFO [backend.app.services.virtual_printer.ssdp_server] [-] Sent SSDP response to [IP] for 'Bambuddy' (Location=[IP], USN=[SERIAL])
2026-08-15 17:30:52,080 INFO [backend.app.services.virtual_printer.ssdp_server] [-] Sent SSDP response to [IP] for 'Bambuddy' (Location=[IP], USN=[SERIAL])
2026-08-15 17:30:57,204 INFO [backend.app.services.virtual_printer.ssdp_server] [-] Sent SSDP response to [IP] for 'Bambuddy' (Location=[IP], USN=[SERIAL])
2026-08-15 17:31:02,628 INFO [backend.app.services.virtual_printer.ssdp_server] [-] Sent SSDP response to [IP] for 'Bambuddy' (Location=[IP], USN=[SERIAL])
2026-08-15 17:31:07,654 INFO [backend.app.services.virtual_printer.ssdp_server] [-] Sent SSDP response to [IP] for 'Bambuddy' (Location=[IP], USN=[SERIAL])
2026-08-15 17:31:12,675 INFO [backend.app.services.virtual_printer.ssdp_server] [-] Sent SSDP response to [IP] for 'Bambuddy' (Location=[IP], USN=[SERIAL])
2026-08-15 17:31:17,694 INFO [backend.app.services.virtual_printer.ssdp_server] [-] Sent SSDP response to [IP] for 'Bambuddy' (Location=[IP], USN=[SERIAL])
2026-08-15 17:31:22,714 INFO [backend.app.services.virtual_printer.ssdp_server] [-] Sent SSDP response to [IP] for 'Bambuddy' (Location=[IP], USN=[SERIAL])
2026-08-15 17:31:27,834 INFO [backend.app.services.virtual_printer.ssdp_server] [-] Sent SSDP response to [IP] for 'Bambuddy' (Location=[IP], USN=[SERIAL])
2026-08-15 17:31:33,154 INFO [backend.app.services.virtual_printer.ssdp_server] [-] Sent SSDP response to [IP] for 'Bambuddy' (Location=[IP], USN=[SERIAL])
2026-08-15 17:31:38,273 INFO [backend.app.services.virtual_printer.ssdp_server] [-] Sent SSDP response to [IP] for 'Bambuddy' (Location=[IP], USN=[SERIAL])
2026-08-15 17:31:43,294 INFO [backend.app.services.virtual_printer.ssdp_server] [-] Sent SSDP response to [IP] for 'Bambuddy' (Location=[IP], USN=[SERIAL])
2026-08-15 17:31:48,314 INFO [backend.app.services.virtual_printer.ssdp_server] [-] Sent SSDP response to [IP] for 'Bambuddy' (Location=[IP], USN=[SERIAL])
2026-08-15 17:31:53,333 INFO [backend.app.services.virtual_printer.ssdp_server] [-] Sent SSDP response to [IP] for 'Bambuddy' (Location=[IP], USN=[SERIAL])
2026-08-15 17:31:58,351 INFO [backend.app.services.virtual_printer.ssdp_server] [-] Sent SSDP response to [IP] for 'Bambuddy' (Location=[IP], USN=[SERIAL])
2026-08-15 17:32:03,473 INFO [backend.app.services.virtual_printer.ssdp_server] [-] Sent SSDP response to [IP] for 'Bambuddy' (Location=[IP], USN=[SERIAL])
2026-08-15 17:32:08,494 INFO [backend.app.services.virtual_printer.ssdp_server] [-] Sent SSDP response to [IP] for 'Bambuddy' (Location=[IP], USN=[SERIAL])
2026-08-15 17:32:13,614 INFO [backend.app.services.virtual_printer.ssdp_server] [-] Sent SSDP response to [IP] for 'Bambuddy' (Location=[IP], USN=[SERIAL])
2026-08-15 17:32:18,632 INFO [backend.app.services.virtual_printer.ssdp_server] [-] Sent SSDP response to [IP] for 'Bambuddy' (Location=[IP], USN=[SERIAL])
2026-08-15 17:32:23,651 INFO [backend.app.services.virtual_printer.ssdp_server] [-] Sent SSDP response to [IP] for 'Bambuddy' (Location=[IP], USN=[SERIAL])
2026-08-15 17:32:28,672 INFO [backend.app.services.virtual_printer.ssdp_server] [-] Sent SSDP response to [IP] for 'Bambuddy' (Location=[IP], USN=[SERIAL])
2026-08-15 17:32:34,092 INFO [backend.app.services.virtual_printer.ssdp_server] [-] Sent SSDP response to [IP] for 'Bambuddy' (Location=[IP], USN=[SERIAL])
2026-08-15 17:32:39,114 INFO [backend.app.services.virtual_printer.ssdp_server] [-] Sent SSDP response to [IP] for 'Bambuddy' (Location=[IP], USN=[SERIAL])
2026-08-15 17:32:44,234 INFO [backend.app.services.virtual_printer.ssdp_server] [-] Sent SSDP response to [IP] for 'Bambuddy' (Location=[IP], USN=[SERIAL])
2026-08-15 17:32:49,252 INFO [backend.app.services.virtual_printer.ssdp_server] [-] Sent SSDP response to [IP] for 'Bambuddy' (Location=[IP], USN=[SERIAL])
2026-08-15 17:32:54,272 INFO [backend.app.services.virtual_printer.ssdp_server] [-] Sent SSDP response to [IP] for 'Bambuddy' (Location=[IP], USN=[SERIAL])
2026-08-15 17:32:59,293 INFO [backend.app.services.virtual_printer.ssdp_server] [-] Sent SSDP response to [IP] for 'Bambuddy' (Location=[IP], USN=[SERIAL])
2026-08-15 17:33:03,881 INFO [backend.app.api.routes.support] [4bc6cf7b] Log level changed to DEBUG
2026-08-15 17:33:03,881 INFO [backend.app.api.routes.bug_report] [4bc6cf7b] Bug report: enabled debug logging
2026-08-15 17:33:03,881 WARNING [backend.app.services.bambu_mqtt] [4bc6cf7b] [[SERIAL]] request_status_update: not connected
2026-08-15 17:33:03,882 INFO [uvicorn.access] [-] [IP]:42564 - "POST /api/v1/bug-report/start-logging HTTP/1.1" 200
2026-08-15 17:33:04,715 DEBUG [backend.app.services.virtual_printer.ssdp_server] [-] Received M-SEARCH from [IP]
2026-08-15 17:33:04,715 INFO [backend.app.services.virtual_printer.ssdp_server] [-] Sent SSDP response to [IP] for 'Bambuddy' (Location=[IP], USN=[SERIAL])
2026-08-15 17:33:05,037 DEBUG [backend.app.main] [-] [#2732] Printer 1 offline for 924s and its MQTT port is not answering — leaving the reconnect to paho
2026-08-15 17:33:09,735 DEBUG [backend.app.services.virtual_printer.ssdp_server] [-] Received M-SEARCH from [IP]
2026-08-15 17:33:09,735 INFO [backend.app.services.virtual_printer.ssdp_server] [-] Sent SSDP response to [IP] for 'Bambuddy' (Location=[IP], USN=[SERIAL])
2026-08-15 17:33:11,265 DEBUG [backend.app.main] [-] [[PRINTER]] Runtime tracking: not connected
2026-08-15 17:33:14,754 DEBUG [backend.app.services.virtual_printer.ssdp_server] [-] Received M-SEARCH from [IP]
2026-08-15 17:33:14,754 INFO [backend.app.services.virtual_printer.ssdp_server] [-] Sent SSDP response to [IP] for 'Bambuddy' (Location=[IP], USN=[SERIAL])
2026-08-15 17:33:19,875 DEBUG [backend.app.services.virtual_printer.ssdp_server] [-] Received M-SEARCH from [IP]
2026-08-15 17:33:19,876 INFO [backend.app.services.virtual_printer.ssdp_server] [-] Sent SSDP response to [IP] for 'Bambuddy' (Location=[IP], USN=[SERIAL])
2026-08-15 17:33:24,894 DEBUG [backend.app.services.virtual_printer.ssdp_server] [-] Received M-SEARCH from [IP]
2026-08-15 17:33:24,895 INFO [backend.app.services.virtual_printer.ssdp_server] [-] Sent SSDP response to [IP] for 'Bambuddy' (Location=[IP], USN=[SERIAL])
2026-08-15 17:33:29,412 DEBUG [backend.app.services.virtual_printer.ssdp_server] [-] Sent SSDP NOTIFY for Bambuddy (Location=[IP], USN=[SERIAL], bind=[IP])
2026-08-15 17:33:30,014 DEBUG [backend.app.services.virtual_printer.ssdp_server] [-] Received M-SEARCH from [IP]
2026-08-15 17:33:30,015 INFO [backend.app.services.virtual_printer.ssdp_server] [-] Sent SSDP response to [IP] for 'Bambuddy' (Location=[IP], USN=[SERIAL])
2026-08-15 17:33:33,757 DEBUG [backend.app.api.routes.printers] [88d36bec] API returning ams_mapping: [], ams_extruder_map: {'0': 0}
2026-08-15 17:33:33,757 DEBUG [backend.app.api.routes.printers] [88d36bec] Using tray_now directly as global ID: 255
2026-08-15 17:33:33,889 INFO [backend.app.api.routes.cloud] [f24a14be] get_filament_info called with 5 IDs: ['GFSNL08', 'GFA00', 'GFA11', 'GFS05', 'GFU01']
2026-08-15 17:33:34,009 DEBUG [backend.app.api.routes.cloud] [f24a14be] Failed to get cloud preset GFSNL08 (API ID: GFSNL08): Failed to get setting detail: 400 {"message":"missing","code":2,"error":"Please check specified resource exist or not.","public":null,"version":null,"type":null,"name":null,"update_time":null,"nickname":null,"base_id":null,"setting":n
2026-08-15 17:33:34,176 DEBUG [backend.app.api.routes.cloud] [f24a14be] Failed to get cloud preset GFA11 (API ID: GFSA11): Failed to get setting detail: 400 {"message":"missing","code":2,"error":"Please check specified resource exist or not.","public":null,"version":null,"type":null,"name":null,"update_time":null,"nickname":null,"base_id":null,"setting":n
2026-08-15 17:33:34,262 DEBUG [backend.app.api.routes.cloud] [f24a14be] Failed to get cloud preset GFS05 (API ID: GFS05): Failed to get setting detail: 400 {"message":"missing","code":2,"error":"Please check specified resource exist or not.","public":null,"version":null,"type":null,"name":null,"update_time":null,"nickname":null,"base_id":null,"setting":n
2026-08-15 17:33:34,351 INFO [uvicorn.access] [-] [IP]:55300 - "POST /api/v1/cloud/filament-info HTTP/1.1" 200
2026-08-15 17:33:35,057 DEBUG [backend.app.services.virtual_printer.ssdp_server] [-] Received M-SEARCH from [IP]
2026-08-15 17:33:35,057 INFO [backend.app.services.virtual_printer.ssdp_server] [-] Sent SSDP response to [IP] for 'Bambuddy' (Location=[IP], USN=[SERIAL])
2026-08-15 17:33:40,077 DEBUG [backend.app.services.virtual_printer.ssdp_server] [-] Received M-SEARCH from [IP]
2026-08-15 17:33:40,077 INFO [backend.app.services.virtual_printer.ssdp_server] [-] Sent SSDP response to [IP] for 'Bambuddy' (Location=[IP], USN=[SERIAL])
2026-08-15 17:33:41,268 DEBUG [backend.app.main] [-] [[PRINTER]] Runtime tracking: not connected
2026-08-15 17:33:45,099 DEBUG [backend.app.services.virtual_printer.ssdp_server] [-] Received M-SEARCH from [IP]
2026-08-15 17:33:45,100 INFO [backend.app.services.virtual_printer.ssdp_server] [-] Sent SSDP response to [IP] for 'Bambuddy' (Location=[IP], USN=[SERIAL])
2026-08-15 17:33:50,139 DEBUG [backend.app.services.virtual_printer.ssdp_server] [-] Received M-SEARCH from [IP]
2026-08-15 17:33:50,140 INFO [backend.app.services.virtual_printer.ssdp_server] [-] Sent SSDP response to [IP] for 'Bambuddy' (Location=[IP], USN=[SERIAL])
2026-08-15 17:33:52,130 DEBUG [backend.app.services.network_utils] [cbd82eb1] Found interface eth2 ([IP]) for target [IP]
2026-08-15 17:33:52,144 INFO [backend.app.services.virtual_printer.bind_server] [-] Bind server: client connected from [IP]:47014
2026-08-15 17:33:52,146 DEBUG [backend.app.services.virtual_printer.bind_server] [-] Bind server: client [IP]:47014 disconnected
2026-08-15 17:33:55,264 DEBUG [backend.app.services.virtual_printer.ssdp_server] [-] Received M-SEARCH from [IP]
2026-08-15 17:33:55,693 INFO [backend.app.services.virtual_printer.ssdp_server] [-] Sent SSDP response to [IP] for 'Bambuddy' (Location=[IP], USN=[SERIAL])
2026-08-15 17:33:55,796 INFO [backend.app.api.routes.support] [cbd82eb1] Generated support bundle: bambuddy-support-20260815-173352.zip
2026-08-15 17:33:59,433 DEBUG [backend.app.services.virtual_printer.ssdp_server] [-] Sent SSDP NOTIFY for Bambuddy (Location=[IP], USN=[SERIAL], bind=[IP])
2026-08-15 17:34:00,641 DEBUG [backend.app.services.virtual_printer.ssdp_server] [-] Received M-SEARCH from [IP]
2026-08-15 17:34:00,641 INFO [backend.app.services.virtual_printer.ssdp_server] [-] Sent SSDP response to [IP] for 'Bambuddy' (Location=[IP], USN=[SERIAL])
2026-08-15 17:34:05,672 DEBUG [backend.app.services.virtual_printer.ssdp_server] [-] Received M-SEARCH from [IP]
2026-08-15 17:34:05,673 INFO [backend.app.services.virtual_printer.ssdp_server] [-] Sent SSDP response to [IP] for 'Bambuddy' (Location=[IP], USN=[SERIAL])
2026-08-15 17:34:07,129 INFO [backend.app.api.routes.support] [28a029c8] Log level changed to INFO
2026-08-15 17:34:07,130 INFO [uvicorn.access] [-] [IP]:38454 - "POST /api/v1/support/debug-logging HTTP/1.1" 200
2026-08-15 17:34:10,692 INFO [backend.app.services.virtual_printer.ssdp_server] [-] Sent SSDP response to [IP] for 'Bambuddy' (Location=[IP], USN=[SERIAL])
2026-08-15 17:34:15,714 INFO [backend.app.services.virtual_printer.ssdp_server] [-] Sent SSDP response to [IP] for 'Bambuddy' (Location=[IP], USN=[SERIAL])
2026-08-15 17:34:20,736 INFO [backend.app.services.virtual_printer.ssdp_server] [-] Sent SSDP response to [IP] for 'Bambuddy' (Location=[IP], USN=[SERIAL])
2026-08-15 17:34:25,753 INFO [backend.app.services.virtual_printer.ssdp_server] [-] Sent SSDP response to [IP] for 'Bambuddy' (Location=[IP], USN=[SERIAL])
2026-08-15 17:34:31,177 INFO [backend.app.services.virtual_printer.ssdp_server] [-] Sent SSDP response to [IP] for 'Bambuddy' (Location=[IP], USN=[SERIAL])
2026-08-15 17:34:36,235 INFO [backend.app.services.virtual_printer.ssdp_server] [-] Sent SSDP response to [IP] for 'Bambuddy' (Location=[IP], USN=[SERIAL])
2026-08-15 17:34:41,258 INFO [backend.app.services.virtual_printer.ssdp_server] [-] Sent SSDP response to [IP] for 'Bambuddy' (Location=[IP], USN=[SERIAL])
2026-08-15 17:34:46,376 INFO [backend.app.services.virtual_printer.ssdp_server] [-] Sent SSDP response to [IP] for 'Bambuddy' (Location=[IP], USN=[SERIAL])
2026-08-15 17:34:51,395 INFO [backend.app.services.virtual_printer.ssdp_server] [-] Sent SSDP response to [IP] for 'Bambuddy' (Location=[IP], USN=[SERIAL])
2026-08-15 17:34:56,415 INFO [backend.app.services.virtual_printer.ssdp_server] [-] Sent SSDP response to [IP] for 'Bambuddy' (Location=[IP], USN=[SERIAL])
2026-08-15 17:35:01,839 INFO [backend.app.services.virtual_printer.ssdp_server] [-] Sent SSDP response to [IP] for 'Bambuddy' (Location=[IP], USN=[SERIAL])
2026-08-15 17:35:06,803 INFO [backend.app.services.virtual_printer.ssdp_server] [-] Sent SSDP response to [IP] for 'Bambuddy' (Location=[IP], USN=[SERIAL])
2026-08-15 17:35:11,924 INFO [backend.app.services.virtual_printer.ssdp_server] [-] Sent SSDP response to [IP] for 'Bambuddy' (Location=[IP], USN=[SERIAL])
2026-08-15 17:35:14,831 INFO [backend.app.api.routes.support] [eee7c2cf] Log level changed to DEBUG
2026-08-15 17:35:14,831 INFO [backend.app.api.routes.bug_report] [eee7c2cf] Bug report: enabled debug logging
2026-08-15 17:35:14,831 WARNING [backend.app.services.bambu_mqtt] [eee7c2cf] [[SERIAL]] request_status_update: not connected
2026-08-15 17:35:14,832 INFO [uvicorn.access] [-] [IP]:49190 - "POST /api/v1/bug-report/start-logging HTTP/1.1" 200
2026-08-15 17:35:16,940 DEBUG [backend.app.services.virtual_printer.ssdp_server] [-] Received M-SEARCH from [IP]
2026-08-15 17:35:16,941 INFO [backend.app.services.virtual_printer.ssdp_server] [-] Sent SSDP response to [IP] for 'Bambuddy' (Location=[IP], USN=[SERIAL])