2026-08-20 15:18:28,512 INFO [backend.app.services.virtual_printer.tcp_proxy] [50fb2bcb] FTP-Data-50076 TCP proxy listening on port 50076
2026-08-20 15:18:28,512 INFO [backend.app.services.virtual_printer.tcp_proxy] [50fb2bcb] FTP-Data-50077 TCP proxy listening on port 50077
2026-08-20 15:18:28,512 INFO [backend.app.services.virtual_printer.tcp_proxy] [50fb2bcb] FTP-Data-50078 TCP proxy listening on port 50078
2026-08-20 15:18:28,512 INFO [backend.app.services.virtual_printer.tcp_proxy] [50fb2bcb] FTP-Data-50079 TCP proxy listening on port 50079
2026-08-20 15:18:28,512 INFO [backend.app.services.virtual_printer.tcp_proxy] [50fb2bcb] FTP-Data-50080 TCP proxy listening on port 50080
2026-08-20 15:18:28,512 INFO [backend.app.services.virtual_printer.tcp_proxy] [50fb2bcb] FTP-Data-50081 TCP proxy listening on port 50081
2026-08-20 15:18:28,513 INFO [backend.app.services.virtual_printer.tcp_proxy] [50fb2bcb] FTP-Data-50082 TCP proxy listening on port 50082
2026-08-20 15:18:28,513 INFO [backend.app.services.virtual_printer.tcp_proxy] [50fb2bcb] FTP-Data-50083 TCP proxy listening on port 50083
2026-08-20 15:18:28,513 INFO [backend.app.services.virtual_printer.tcp_proxy] [50fb2bcb] FTP-Data-50084 TCP proxy listening on port 50084
2026-08-20 15:18:28,513 INFO [backend.app.services.virtual_printer.tcp_proxy] [50fb2bcb] FTP-Data-50085 TCP proxy listening on port 50085
2026-08-20 15:18:28,513 INFO [backend.app.services.virtual_printer.tcp_proxy] [50fb2bcb] FTP-Data-50086 TCP proxy listening on port 50086
2026-08-20 15:18:28,513 INFO [backend.app.services.virtual_printer.tcp_proxy] [50fb2bcb] FTP-Data-50087 TCP proxy listening on port 50087
2026-08-20 15:18:28,513 INFO [backend.app.services.virtual_printer.tcp_proxy] [50fb2bcb] FTP-Data-50088 TCP proxy listening on port 50088
2026-08-20 15:18:28,513 INFO [backend.app.services.virtual_printer.tcp_proxy] [50fb2bcb] FTP-Data-50089 TCP proxy listening on port 50089
2026-08-20 15:18:28,513 INFO [backend.app.services.virtual_printer.tcp_proxy] [50fb2bcb] FTP-Data-50090 TCP proxy listening on port 50090
2026-08-20 15:18:28,513 INFO [backend.app.services.virtual_printer.tcp_proxy] [50fb2bcb] FTP-Data-50091 TCP proxy listening on port 50091
2026-08-20 15:18:28,513 INFO [backend.app.services.virtual_printer.tcp_proxy] [50fb2bcb] FTP-Data-50092 TCP proxy listening on port 50092
2026-08-20 15:18:28,513 INFO [backend.app.services.virtual_printer.tcp_proxy] [50fb2bcb] FTP-Data-50093 TCP proxy listening on port 50093
2026-08-20 15:18:28,513 INFO [backend.app.services.virtual_printer.tcp_proxy] [50fb2bcb] FTP-Data-50094 TCP proxy listening on port 50094
2026-08-20 15:18:28,513 INFO [backend.app.services.virtual_printer.tcp_proxy] [50fb2bcb] FTP-Data-50095 TCP proxy listening on port 50095
2026-08-20 15:18:28,513 INFO [backend.app.services.virtual_printer.tcp_proxy] [50fb2bcb] FTP-Data-50096 TCP proxy listening on port 50096
2026-08-20 15:18:28,513 INFO [backend.app.services.virtual_printer.tcp_proxy] [50fb2bcb] FTP-Data-50097 TCP proxy listening on port 50097
2026-08-20 15:18:28,514 INFO [backend.app.services.virtual_printer.tcp_proxy] [50fb2bcb] FTP-Data-50098 TCP proxy listening on port 50098
2026-08-20 15:18:28,514 INFO [backend.app.services.virtual_printer.tcp_proxy] [50fb2bcb] FTP-Data-50099 TCP proxy listening on port 50099
2026-08-20 15:18:28,514 INFO [backend.app.services.virtual_printer.tcp_proxy] [50fb2bcb] FTP-Data-50100 TCP proxy listening on port 50100
2026-08-20 15:18:28,515 INFO [backend.app.services.virtual_printer.bind_server] [50fb2bcb] Bind server listening on [IP]:3002 (TLS)
2026-08-20 15:18:28,515 INFO [backend.app.services.virtual_printer.tcp_proxy] [50fb2bcb] Slicer proxy started for [IP] (transparent TCP + MQTT TLS, 101 FTP data ports)
2026-08-20 15:18:28,516 INFO [uvicorn.access] [-] [IP]:50359 - "PUT /api/v1/virtual-printers/1 HTTP/1.1" 200
2026-08-20 15:19:00,731 INFO [backend.app.api.routes.websocket] [-] WebSocket client disconnected normally
2026-08-20 15:19:55,267 INFO [uvicorn.access] [-] [IP]:50392 - "POST /api/v1/auth/ws-token HTTP/1.1" 200
2026-08-20 15:19:57,180 INFO [backend.app.api.routes.websocket] [-] WebSocket client connecting (principal=<anonymous>)
2026-08-20 15:19:57,181 INFO [backend.app.api.routes.websocket] [-] WebSocket client connected
2026-08-20 15:19:57,181 INFO [backend.app.api.routes.websocket] [-] Sent initial status for 1 printers
2026-08-20 15:20:15,858 INFO [backend.app.services.virtual_printer.tcp_proxy] [50fb2bcb] FTP proxy: client connected from [IP]:52420
2026-08-20 15:20:15,858 INFO [backend.app.services.virtual_printer.manager] [50fb2bcb] [VP PrintOKAY Carbon X1] Proxy FTP: connected: [IP]:52420
2026-08-20 15:20:15,868 INFO [backend.app.services.virtual_printer.tcp_proxy] [50fb2bcb] FTP proxy: connected to printer [IP]:990
2026-08-20 15:20:15,869 INFO [backend.app.services.virtual_printer.tcp_proxy] [50fb2bcb] FTP proxy: client [IP]:52420 disconnected
2026-08-20 15:20:15,869 INFO [backend.app.services.virtual_printer.manager] [50fb2bcb] [VP PrintOKAY Carbon X1] Proxy FTP: disconnected: [IP]:52420
2026-08-20 15:21:39,905 INFO [backend.app.api.routes.websocket] [-] WebSocket client disconnected normally
2026-08-20 15:22:32,806 INFO [uvicorn.access] [-] [IP]:50422 - "POST /api/v1/auth/ws-token HTTP/1.1" 200
2026-08-20 15:22:35,210 INFO [backend.app.api.routes.websocket] [-] WebSocket client connecting (principal=<anonymous>)
2026-08-20 15:22:35,211 INFO [backend.app.api.routes.websocket] [-] WebSocket client connected
2026-08-20 15:22:35,211 INFO [backend.app.api.routes.websocket] [-] Sent initial status for 1 printers
2026-08-20 15:23:18,833 INFO [backend.app.main] [-] Recorded 1 AMS sensor history entries
2026-08-20 15:23:59,547 INFO [backend.app.services.virtual_printer.tcp_proxy] [50fb2bcb] RTSP proxy: client connected from [IP]:60632
2026-08-20 15:23:59,547 INFO [backend.app.services.virtual_printer.manager] [50fb2bcb] [VP PrintOKAY Carbon X1] Proxy RTSP: connected: [IP]:60632
2026-08-20 15:23:59,556 INFO [backend.app.services.virtual_printer.tcp_proxy] [50fb2bcb] RTSP proxy: connected to printer [IP]:322
2026-08-20 15:24:01,946 INFO [backend.app.services.virtual_printer.tcp_proxy] [50fb2bcb] RTSP proxy: client [IP]:60632 disconnected
2026-08-20 15:24:01,946 INFO [backend.app.services.virtual_printer.manager] [50fb2bcb] [VP PrintOKAY Carbon X1] Proxy RTSP: disconnected: [IP]:60632
2026-08-20 15:24:34,693 INFO [backend.app.api.routes.websocket] [-] WebSocket client disconnected normally
2026-08-20 15:25:17,033 INFO [uvicorn.access] [-] [IP]:50451 - "POST /api/v1/auth/ws-token HTTP/1.1" 200
2026-08-20 15:25:18,243 INFO [backend.app.api.routes.websocket] [-] WebSocket client connecting (principal=<anonymous>)
2026-08-20 15:25:18,243 INFO [backend.app.api.routes.websocket] [-] WebSocket client connected
2026-08-20 15:25:18,244 INFO [backend.app.api.routes.websocket] [-] Sent initial status for 1 printers
2026-08-20 15:25:18,244 INFO [backend.app.api.routes.cloud] [2ad5aa10] get_filament_info called with 3 IDs: ['GFA00', 'GFSNL02', 'GFL99']
2026-08-20 15:25:18,845 INFO [uvicorn.access] [-] [IP]:50453 - "POST /api/v1/cloud/filament-info HTTP/1.1" 200
2026-08-20 15:25:51,468 INFO [backend.app.api.routes.websocket] [-] WebSocket client disconnected normally
2026-08-20 15:27:36,840 INFO [backend.app.services.bambu_mqtt] [0ff76a88] [[SERIAL]] Requesting K-profiles for nozzle_diameter=0.4 (attempt 1/3, seq_id=8)
2026-08-20 15:27:36,929 INFO [backend.app.services.bambu_mqtt] [-] [[SERIAL]] K-profile response: nozzle=0.4, seq_id=8, 0 profiles, matched=True
2026-08-20 15:27:36,930 INFO [backend.app.services.bambu_mqtt] [-] [[SERIAL]] Got 0 K-profiles for nozzle=0.4
2026-08-20 15:27:36,930 INFO [backend.app.services.bambu_mqtt] [0ff76a88] [[SERIAL]] Got 0 K-profiles for nozzle=0.4 on attempt 1
2026-08-20 15:27:36,961 INFO [backend.app.services.bambu_mqtt] [00763644] [[SERIAL]] Requesting K-profiles for nozzle_diameter=0.4 (attempt 1/3, seq_id=9)
2026-08-20 15:27:37,010 INFO [backend.app.services.bambu_mqtt] [-] [[SERIAL]] K-profile response: nozzle=0.4, seq_id=9, 0 profiles, matched=True
2026-08-20 15:27:37,010 INFO [backend.app.services.bambu_mqtt] [-] [[SERIAL]] Got 0 K-profiles for nozzle=0.4
2026-08-20 15:27:37,011 INFO [backend.app.services.bambu_mqtt] [00763644] [[SERIAL]] Got 0 K-profiles for nozzle=0.4 on attempt 1
2026-08-20 15:27:58,452 INFO [backend.app.main] [-] Evicted 1 stale expected-print entries (TTL=7200s)
2026-08-20 15:28:17,270 INFO [uvicorn.access] [-] [IP]:62106 - "POST /api/v1/makerworld/resolve HTTP/1.1" 200
2026-08-20 15:28:18,840 INFO [backend.app.main] [-] Recorded 1 AMS sensor history entries
2026-08-20 15:29:43,909 INFO [backend.app.api.routes.websocket] [-] WebSocket client disconnected normally
2026-08-20 15:30:46,770 INFO [uvicorn.access] [-] [IP]:50471 - "POST /api/v1/auth/ws-token HTTP/1.1" 200
2026-08-20 15:30:48,884 INFO [backend.app.api.routes.websocket] [-] WebSocket client connecting (principal=<anonymous>)
2026-08-20 15:30:48,884 INFO [backend.app.api.routes.websocket] [-] WebSocket client connected
2026-08-20 15:30:48,885 INFO [backend.app.api.routes.websocket] [-] Sent initial status for 1 printers
2026-08-20 15:31:18,477 INFO [backend.app.api.routes.cloud] [e0f2d418] get_filament_info called with 3 IDs: ['GFA00', 'GFSNL02', 'GFL99']
2026-08-20 15:31:19,163 INFO [uvicorn.access] [-] [IP]:50483 - "POST /api/v1/cloud/filament-info HTTP/1.1" 200
2026-08-20 15:31:57,377 INFO [backend.app.services.mqtt_relay] [f4e6f163] MQTT relay disabled
2026-08-20 15:31:57,383 INFO [uvicorn.access] [-] [IP]:50496 - "PUT /api/v1/settings/ HTTP/1.1" 200
2026-08-20 15:33:18,847 INFO [backend.app.main] [-] Recorded 1 AMS sensor history entries
2026-08-20 15:33:24,853 INFO [uvicorn.access] [-] [IP]:50505 - "DELETE /api/v1/slicer-pipelines/1 HTTP/1.1" 204
2026-08-20 15:37:15,301 INFO [uvicorn.access] [-] [IP]:50556 - "POST /api/v1/library/generate-stl-thumbnails HTTP/1.1" 200
2026-08-20 15:38:18,854 INFO [backend.app.main] [-] Recorded 1 AMS sensor history entries
2026-08-20 15:40:05,219 INFO [uvicorn.access] [-] [IP]:50615 - "POST /api/v1/printers/1/refresh-status HTTP/1.1" 200
2026-08-20 15:40:07,327 INFO [uvicorn.access] [-] [IP]:50615 - "POST /api/v1/printers/1/refresh-status HTTP/1.1" 200
2026-08-20 15:41:08,236 INFO [backend.app.api.routes.cloud] [c24d62b6] get_filament_info called with 3 IDs: ['GFA00', 'GFSNL02', 'GFL99']
2026-08-20 15:41:08,914 INFO [uvicorn.access] [-] [IP]:50641 - "POST /api/v1/cloud/filament-info HTTP/1.1" 200
2026-08-20 15:42:31,224 INFO [backend.app.services.virtual_printer.certificate] [7c8b0416] Using existing CA certificate (expires in 7299 days)
2026-08-20 15:42:31,827 INFO [uvicorn.access] [-] [IP]:50662 - "POST /api/v1/printers/camera/stream-token HTTP/1.1" 200
2026-08-20 15:43:18,860 INFO [backend.app.main] [-] Recorded 1 AMS sensor history entries
2026-08-20 15:44:12,474 INFO [backend.app.services.mqtt_relay] [0dd1ed69] MQTT relay disabled
2026-08-20 15:44:12,481 INFO [uvicorn.access] [-] [IP]:50670 - "PUT /api/v1/settings/ HTTP/1.1" 200
2026-08-20 15:44:49,608 INFO [uvicorn.access] [-] [IP]:50684 - "DELETE /api/v1/library/files/52 HTTP/1.1" 200
2026-08-20 15:45:04,333 INFO [uvicorn.access] [-] [IP]:50689 - "DELETE /api/v1/library/files/50 HTTP/1.1" 200
2026-08-20 15:45:23,887 INFO [backend.app.api.routes.websocket] [-] WebSocket client disconnected normally
2026-08-20 15:48:18,867 INFO [backend.app.main] [-] Recorded 1 AMS sensor history entries
2026-08-20 15:52:16,211 INFO [uvicorn.access] [-] [IP]:50710 - "POST /api/v1/printers/camera/stream-token HTTP/1.1" 200
2026-08-20 15:52:16,465 INFO [uvicorn.access] [-] [IP]:50716 - "POST /api/v1/auth/ws-token HTTP/1.1" 200
2026-08-20 15:52:16,486 INFO [backend.app.api.routes.websocket] [-] WebSocket client connecting (principal=<anonymous>)
2026-08-20 15:52:16,486 INFO [backend.app.api.routes.websocket] [-] WebSocket client connected
2026-08-20 15:52:16,487 INFO [backend.app.api.routes.websocket] [-] Sent initial status for 1 printers
2026-08-20 15:52:16,582 INFO [backend.app.api.routes.cloud] [21addab9] get_filament_info called with 3 IDs: ['GFA00', 'GFSNL02', 'GFL99']
2026-08-20 15:52:17,241 INFO [uvicorn.access] [-] [IP]:50715 - "POST /api/v1/cloud/filament-info HTTP/1.1" 200
2026-08-20 15:52:59,194 INFO [uvicorn.access] [-] [IP]:50731 - "POST /api/v1/library/generate-stl-thumbnails HTTP/1.1" 200
2026-08-20 15:53:18,873 INFO [backend.app.main] [-] Recorded 1 AMS sensor history entries
2026-08-20 15:54:07,620 INFO [uvicorn.access] [-] [IP]:50757 - "POST /api/v1/printers/camera/stream-token HTTP/1.1" 200
2026-08-20 15:54:07,816 INFO [uvicorn.access] [-] [IP]:50759 - "POST /api/v1/auth/ws-token HTTP/1.1" 200
2026-08-20 15:54:07,862 INFO [backend.app.api.routes.websocket] [-] WebSocket client connecting (principal=<anonymous>)
2026-08-20 15:54:07,862 INFO [backend.app.api.routes.websocket] [-] WebSocket client connected
2026-08-20 15:54:07,863 INFO [backend.app.api.routes.websocket] [-] Sent initial status for 1 printers
2026-08-20 15:54:17,191 INFO [backend.app.api.routes.websocket] [-] WebSocket client disconnected normally
2026-08-20 15:54:17,406 INFO [uvicorn.access] [-] [IP]:50762 - "POST /api/v1/printers/camera/stream-token HTTP/1.1" 200
2026-08-20 15:54:17,545 INFO [uvicorn.access] [-] [IP]:50762 - "POST /api/v1/auth/ws-token HTTP/1.1" 200
2026-08-20 15:54:17,600 INFO [backend.app.api.routes.websocket] [-] WebSocket client connecting (principal=<anonymous>)
2026-08-20 15:54:17,600 INFO [backend.app.api.routes.websocket] [-] WebSocket client connected
2026-08-20 15:54:17,601 INFO [backend.app.api.routes.websocket] [-] Sent initial status for 1 printers
2026-08-20 15:54:19,410 INFO [backend.app.api.routes.websocket] [-] WebSocket client disconnected normally
2026-08-20 15:54:29,531 INFO [backend.app.api.routes.websocket] [-] WebSocket client disconnected normally
2026-08-20 15:54:29,893 INFO [uvicorn.access] [-] [IP]:50772 - "POST /api/v1/printers/camera/stream-token HTTP/1.1" 200
2026-08-20 15:54:30,069 INFO [uvicorn.access] [-] [IP]:50775 - "POST /api/v1/auth/ws-token HTTP/1.1" 200
2026-08-20 15:54:30,115 INFO [backend.app.api.routes.websocket] [-] WebSocket client connecting (principal=<anonymous>)
2026-08-20 15:54:30,116 INFO [backend.app.api.routes.websocket] [-] WebSocket client connected
2026-08-20 15:54:30,116 INFO [backend.app.api.routes.websocket] [-] Sent initial status for 1 printers
2026-08-20 15:55:09,790 INFO [backend.app.api.routes.cloud] [8304d2bc] get_filament_info called with 3 IDs: ['GFA00', 'GFSNL02', 'GFL99']
2026-08-20 15:55:09,793 INFO [uvicorn.access] [-] [IP]:50793 - "POST /api/v1/cloud/filament-info HTTP/1.1" 200
2026-08-20 15:55:59,508 INFO [uvicorn.access] [-] [IP]:54532 - "POST /api/v1/printers/camera/stream-token HTTP/1.1" 200
2026-08-20 15:55:59,769 INFO [uvicorn.access] [-] [IP]:54537 - "POST /api/v1/auth/ws-token HTTP/1.1" 200
2026-08-20 15:55:59,790 INFO [backend.app.api.routes.websocket] [-] WebSocket client connecting (principal=<anonymous>)
2026-08-20 15:55:59,791 INFO [backend.app.api.routes.websocket] [-] WebSocket client connected
2026-08-20 15:55:59,792 INFO [backend.app.api.routes.websocket] [-] Sent initial status for 1 printers
2026-08-20 15:58:18,885 INFO [backend.app.main] [-] Recorded 1 AMS sensor history entries
2026-08-20 15:59:56,208 INFO [backend.app.api.routes.support] [b91b9c2a] Log level changed to DEBUG
2026-08-20 15:59:56,208 INFO [backend.app.api.routes.bug_report] [b91b9c2a] Bug report: enabled debug logging
2026-08-20 15:59:56,208 DEBUG [backend.app.services.bambu_mqtt] [b91b9c2a] [[SERIAL]] Requesting status update (pushall)
2026-08-20 15:59:56,209 INFO [uvicorn.access] [-] [IP]:50866 - "POST /api/v1/bug-report/start-logging HTTP/1.1" 200
2026-08-20 15:59:56,420 DEBUG [backend.app.services.bambu_mqtt] [-] [[SERIAL]] Found xcam inside print data: {'allow_skip_parts': False, 'buildplate_marker_detector': True, 'first_layer_inspector': False, 'halt_print_sensitivity': 'medium', 'print_halt': True, 'printing_monitor': False, 'spaghetti_detector': False}
2026-08-20 15:59:56,420 DEBUG [backend.app.services.bambu_mqtt] [-] [[SERIAL]] Parsing xcam data - all fields: ['allow_skip_parts', 'buildplate_marker_detector', 'first_layer_inspector', 'halt_print_sensitivity', 'print_halt', 'printing_monitor', 'spaghetti_detector']
2026-08-20 15:59:56,421 DEBUG [backend.app.services.bambu_mqtt] [-] [[SERIAL]] Received gcode_state: IDLE, gcode_file: , subtask_name: 
2026-08-20 15:59:56,421 DEBUG [backend.app.services.bambu_mqtt] [-] [[SERIAL]] AMS dict fields: {'ams_exist_bits': '1', 'ams_exist_bits_raw': '1', 'cali_id': 0, 'cali_stat': 0, 'insert_flag': True, 'power_on_flag': True, 'tray_exist_bits': 'f', 'tray_is_bbl_bits': 'f', 'tray_now': '255', 'tray_pre': '255', 'tray_read_done_bits': 'f', 'tray_reading_bits': '0', 'tray_tar': '255', 'unbind_ams_stat': 0, 'version': 17}
2026-08-20 15:59:56,421 DEBUG [backend.app.services.bambu_mqtt] [-] [[SERIAL]] tray_now updated: 255
2026-08-20 15:59:56,421 DEBUG [backend.app.services.bambu_mqtt] [-] [[SERIAL]] Merged AMS data: 1 new units, 1 total
2026-08-20 15:59:56,421 DEBUG [backend.app.services.bambu_mqtt] [-] [[SERIAL]] AMS 0 info=0x1001 -> extruder 0
2026-08-20 15:59:56,421 DEBUG [backend.app.services.bambu_mqtt] [-] [[SERIAL]] ams_extruder_map: {'0': 0}
2026-08-20 15:59:56,421 DEBUG [backend.app.services.bambu_mqtt] [-] [[SERIAL]] ams_status: 0 (main=0, sub=0)
2026-08-20 15:59:56,422 DEBUG [backend.app.services.bambu_mqtt] [-] [[SERIAL]] Received command response: push_status
2026-08-20 15:59:56,422 DEBUG [backend.app.services.bambu_mqtt] [-] [[SERIAL]] device.extruder.state=1 (switch_state bits 12-14: 0)
2026-08-20 15:59:56,422 DEBUG [backend.app.services.bambu_mqtt] [-] [[SERIAL]] info.temp direct: 30°C (heater OFF)
2026-08-20 15:59:56,422 DEBUG [backend.app.services.bambu_mqtt] [-] [[SERIAL]] ctc_info keys: ['temp']
2026-08-20 15:59:56,422 DEBUG [backend.app.services.bambu_mqtt] [-] [[SERIAL]] Chamber heating calculated: target=0.0, current=30.0, heating=False, respect_local=False
2026-08-20 15:59:56,422 DEBUG [backend.app.services.bambu_mqtt] [-] [[SERIAL]] Chamber temp updated to: 30.0, target: 0.0, heating: False
2026-08-20 15:59:56,423 DEBUG [backend.app.services.bambu_mqtt] [-] [[SERIAL]] HMS data received: []
2026-08-20 15:59:56,423 DEBUG [backend.app.services.bambu_mqtt] [-] [[SERIAL]] ipcam field: {'agora_service': 'disable', 'brtc_service': 'enable', 'bs_state': 0, 'ipcam_dev': '1', 'ipcam_record': 'enable', 'laser_preview_res': 7, 'mode_bits': 2, 'resolution': '1080p', 'rtsp_url': 'rtsps://[IP]:322/streaming/live/1', 'timelapse': 'disable', 'tl_store_hpd_type': 2, 'tl_store_path_type': 2, 'tutk_server': 'disable'}
2026-08-20 15:59:56,423 DEBUG [backend.app.services.bambu_mqtt] [-] [[SERIAL]] wifi_signal received: -62dBm
2026-08-20 15:59:56,423 DEBUG [backend.app.services.bambu_mqtt] [-] [[SERIAL]] lights_report: [{'mode': 'on', 'node': 'chamber_light'}, {'mode': 'flashing', 'node': 'work_light'}]
2026-08-20 15:59:56,423 DEBUG [backend.app.services.bambu_mqtt] [-] [[SERIAL]] MQTT mapping field: []
2026-08-20 15:59:56,423 DEBUG [backend.app.services.bambu_mqtt] [-] [[SERIAL]] gcode_state: IDLE -> IDLE, file: , subtask: 
2026-08-20 15:59:57,482 DEBUG [backend.app.services.bambu_mqtt] [-] [[SERIAL]] Found xcam inside print data: {'allow_skip_parts': False, 'buildplate_marker_detector': True, 'first_layer_inspector': False, 'halt_print_sensitivity': 'medium', 'print_halt': True, 'printing_monitor': False, 'spaghetti_detector': False}
2026-08-20 15:59:57,482 DEBUG [backend.app.services.bambu_mqtt] [-] [[SERIAL]] Parsing xcam data - all fields: ['allow_skip_parts', 'buildplate_marker_detector', 'first_layer_inspector', 'halt_print_sensitivity', 'print_halt', 'printing_monitor', 'spaghetti_detector']
2026-08-20 15:59:57,482 DEBUG [backend.app.services.bambu_mqtt] [-] [[SERIAL]] Received gcode_state: IDLE, gcode_file: , subtask_name: 
2026-08-20 15:59:57,482 DEBUG [backend.app.services.bambu_mqtt] [-] [[SERIAL]] ams_extruder_map: {'0': 0}
2026-08-20 15:59:57,482 DEBUG [backend.app.services.bambu_mqtt] [-] [[SERIAL]] Received command response: push_status
2026-08-20 15:59:57,483 DEBUG [backend.app.services.bambu_mqtt] [-] [[SERIAL]] HMS data received: []
2026-08-20 15:59:57,483 DEBUG [backend.app.services.bambu_mqtt] [-] [[SERIAL]] lights_report: [{'mode': 'on', 'node': 'chamber_light'}, {'mode': 'flashing', 'node': 'work_light'}]
2026-08-20 15:59:57,483 DEBUG [backend.app.services.bambu_mqtt] [-] [[SERIAL]] MQTT mapping field: []
2026-08-20 15:59:57,484 DEBUG [backend.app.services.bambu_mqtt] [-] [[SERIAL]] gcode_state: IDLE -> IDLE, file: , subtask: 
2026-08-20 15:59:58,594 DEBUG [backend.app.services.bambu_mqtt] [-] [[SERIAL]] Found xcam inside print data: {'allow_skip_parts': False, 'buildplate_marker_detector': True, 'first_layer_inspector': False, 'halt_print_sensitivity': 'medium', 'print_halt': True, 'printing_monitor': False, 'spaghetti_detector': False}
2026-08-20 15:59:58,595 DEBUG [backend.app.services.bambu_mqtt] [-] [[SERIAL]] Parsing xcam data - all fields: ['allow_skip_parts', 'buildplate_marker_detector', 'first_layer_inspector', 'halt_print_sensitivity', 'print_halt', 'printing_monitor', 'spaghetti_detector']
2026-08-20 15:59:58,595 DEBUG [backend.app.services.bambu_mqtt] [-] [[SERIAL]] Received gcode_state: IDLE, gcode_file: , subtask_name: 
2026-08-20 15:59:58,595 DEBUG [backend.app.services.bambu_mqtt] [-] [[SERIAL]] ams_extruder_map: {'0': 0}
2026-08-20 15:59:58,595 DEBUG [backend.app.services.bambu_mqtt] [-] [[SERIAL]] Received command response: push_status
2026-08-20 15:59:58,596 DEBUG [backend.app.services.bambu_mqtt] [-] [[SERIAL]] HMS data received: []
2026-08-20 15:59:58,596 DEBUG [backend.app.services.bambu_mqtt] [-] [[SERIAL]] lights_report: [{'mode': 'on', 'node': 'chamber_light'}, {'mode': 'flashing', 'node': 'work_light'}]
2026-08-20 15:59:58,596 DEBUG [backend.app.services.bambu_mqtt] [-] [[SERIAL]] MQTT mapping field: []
2026-08-20 15:59:58,596 DEBUG [backend.app.services.bambu_mqtt] [-] [[SERIAL]] gcode_state: IDLE -> IDLE, file: , subtask: 
2026-08-20 15:59:59,701 DEBUG [backend.app.services.bambu_mqtt] [-] [[SERIAL]] Found xcam inside print data: {'allow_skip_parts': False, 'buildplate_marker_detector': True, 'first_layer_inspector': False, 'halt_print_sensitivity': 'medium', 'print_halt': True, 'printing_monitor': False, 'spaghetti_detector': False}
2026-08-20 15:59:59,701 DEBUG [backend.app.services.bambu_mqtt] [-] [[SERIAL]] Parsing xcam data - all fields: ['allow_skip_parts', 'buildplate_marker_detector', 'first_layer_inspector', 'halt_print_sensitivity', 'print_halt', 'printing_monitor', 'spaghetti_detector']
2026-08-20 15:59:59,701 DEBUG [backend.app.services.bambu_mqtt] [-] [[SERIAL]] Received gcode_state: IDLE, gcode_file: , subtask_name: 
2026-08-20 15:59:59,701 DEBUG [backend.app.services.bambu_mqtt] [-] [[SERIAL]] ams_extruder_map: {'0': 0}
2026-08-20 15:59:59,702 DEBUG [backend.app.services.bambu_mqtt] [-] [[SERIAL]] Received command response: push_status
2026-08-20 15:59:59,702 DEBUG [backend.app.services.bambu_mqtt] [-] [[SERIAL]] HMS data received: []
2026-08-20 15:59:59,702 DEBUG [backend.app.services.bambu_mqtt] [-] [[SERIAL]] lights_report: [{'mode': 'on', 'node': 'chamber_light'}, {'mode': 'flashing', 'node': 'work_light'}]
2026-08-20 15:59:59,702 DEBUG [backend.app.services.bambu_mqtt] [-] [[SERIAL]] MQTT mapping field: []
2026-08-20 15:59:59,703 DEBUG [backend.app.services.bambu_mqtt] [-] [[SERIAL]] gcode_state: IDLE -> IDLE, file: , subtask: 
2026-08-20 16:00:00,855 DEBUG [backend.app.services.bambu_mqtt] [-] [[SERIAL]] Found xcam inside print data: {'allow_skip_parts': False, 'buildplate_marker_detector': True, 'first_layer_inspector': False, 'halt_print_sensitivity': 'medium', 'print_halt': True, 'printing_monitor': False, 'spaghetti_detector': False}
2026-08-20 16:00:00,856 DEBUG [backend.app.services.bambu_mqtt] [-] [[SERIAL]] Parsing xcam data - all fields: ['allow_skip_parts', 'buildplate_marker_detector', 'first_layer_inspector', 'halt_print_sensitivity', 'print_halt', 'printing_monitor', 'spaghetti_detector']
2026-08-20 16:00:00,856 DEBUG [backend.app.services.bambu_mqtt] [-] [[SERIAL]] Received gcode_state: IDLE, gcode_file: , subtask_name: 
2026-08-20 16:00:00,856 DEBUG [backend.app.services.bambu_mqtt] [-] [[SERIAL]] ams_extruder_map: {'0': 0}
2026-08-20 16:00:00,856 DEBUG [backend.app.services.bambu_mqtt] [-] [[SERIAL]] Received command response: push_status
2026-08-20 16:00:00,857 DEBUG [backend.app.services.bambu_mqtt] [-] [[SERIAL]] HMS data received: []
2026-08-20 16:00:00,857 DEBUG [backend.app.services.bambu_mqtt] [-] [[SERIAL]] lights_report: [{'mode': 'on', 'node': 'chamber_light'}, {'mode': 'flashing', 'node': 'work_light'}]
2026-08-20 16:00:00,857 DEBUG [backend.app.services.bambu_mqtt] [-] [[SERIAL]] MQTT mapping field: []
2026-08-20 16:00:00,857 DEBUG [backend.app.services.bambu_mqtt] [-] [[SERIAL]] gcode_state: IDLE -> IDLE, file: , subtask: 
2026-08-20 16:00:01,601 DEBUG [backend.app.services.virtual_printer.ssdp_server] [50fb2bcb] Sent SSDP NOTIFY for PrintOKAY Carbon X1 (Proxy) (Location=[IP], USN=[SERIAL], bind=[IP])
2026-08-20 16:00:01,968 DEBUG [backend.app.services.bambu_mqtt] [-] [[SERIAL]] Found xcam inside print data: {'allow_skip_parts': False, 'buildplate_marker_detector': True, 'first_layer_inspector': False, 'halt_print_sensitivity': 'medium', 'print_halt': True, 'printing_monitor': False, 'spaghetti_detector': False}
2026-08-20 16:00:01,968 DEBUG [backend.app.services.bambu_mqtt] [-] [[SERIAL]] Parsing xcam data - all fields: ['allow_skip_parts', 'buildplate_marker_detector', 'first_layer_inspector', 'halt_print_sensitivity', 'print_halt', 'printing_monitor', 'spaghetti_detector']
2026-08-20 16:00:01,968 DEBUG [backend.app.services.bambu_mqtt] [-] [[SERIAL]] Received gcode_state: IDLE, gcode_file: , subtask_name: 
2026-08-20 16:00:01,968 DEBUG [backend.app.services.bambu_mqtt] [-] [[SERIAL]] ams_extruder_map: {'0': 0}
2026-08-20 16:00:01,969 DEBUG [backend.app.services.bambu_mqtt] [-] [[SERIAL]] Received command response: push_status
2026-08-20 16:00:01,969 DEBUG [backend.app.services.bambu_mqtt] [-] [[SERIAL]] HMS data received: []
2026-08-20 16:00:01,969 DEBUG [backend.app.services.bambu_mqtt] [-] [[SERIAL]] lights_report: [{'mode': 'on', 'node': 'chamber_light'}, {'mode': 'flashing', 'node': 'work_light'}]
2026-08-20 16:00:01,970 DEBUG [backend.app.services.bambu_mqtt] [-] [[SERIAL]] MQTT mapping field: []
2026-08-20 16:00:01,970 DEBUG [backend.app.services.bambu_mqtt] [-] [[SERIAL]] gcode_state: IDLE -> IDLE, file: , subtask: 