2026-08-20 00:39:47,028 INFO [uvicorn.access] [-] [IP]:56839 - "PUT /api/v1/settings/ HTTP/1.1" 200
2026-08-20 00:39:49,083 INFO [uvicorn.access] [-] [IP]:56839 - "PUT /api/v1/settings/ HTTP/1.1" 200
2026-08-20 00:39:50,302 INFO [uvicorn.access] [-] [IP]:56839 - "PUT /api/v1/settings/ HTTP/1.1" 200
2026-08-20 00:39:52,241 INFO [uvicorn.access] [-] [IP]:50361 - "PUT /api/v1/settings/ HTTP/1.1" 200
2026-08-20 00:39:56,695 INFO [uvicorn.access] [-] [IP]:50361 - "PUT /api/v1/settings/ HTTP/1.1" 200
2026-08-20 00:39:58,955 INFO [uvicorn.access] [-] [IP]:62409 - "PUT /api/v1/settings/ HTTP/1.1" 200
2026-08-20 00:40:00,437 INFO [uvicorn.access] [-] [IP]:62409 - "PUT /api/v1/settings/ HTTP/1.1" 200
2026-08-20 00:40:03,094 INFO [uvicorn.access] [-] [IP]:62409 - "PUT /api/v1/settings/ HTTP/1.1" 200
2026-08-20 00:40:09,722 INFO [uvicorn.access] [-] [IP]:58245 - "PUT /api/v1/settings/ HTTP/1.1" 200
2026-08-20 00:41:43,127 INFO [backend.app.api.routes.cloud] [f03cd805] get_filament_info called with 2 IDs: ['GFL99', 'Pd3ef6a5']
2026-08-20 00:41:43,822 INFO [uvicorn.access] [-] [IP]:50566 - "POST /api/v1/cloud/filament-info HTTP/1.1" 200
2026-08-20 00:44:30,917 INFO [backend.app.main] [-] Recorded 1 AMS sensor history entries
2026-08-20 00:46:59,671 INFO [backend.app.api.routes.cloud] [90e10072] get_filament_info called with 2 IDs: ['GFL99', 'Pd3ef6a5']
2026-08-20 00:47:00,368 INFO [uvicorn.access] [-] [IP]:51550 - "POST /api/v1/cloud/filament-info HTTP/1.1" 200
2026-08-20 00:47:12,545 WARNING [backend.app.services.mqtt_relay] [9b773855] MQTT enabled but no broker configured
2026-08-20 00:47:12,549 INFO [uvicorn.access] [-] [IP]:50848 - "PUT /api/v1/settings/ HTTP/1.1" 200
2026-08-20 00:47:20,912 WARNING [backend.app.services.mqtt_relay] [e3cf4c26] MQTT relay connection pending to 192:1883
2026-08-20 00:47:21,916 WARNING [backend.app.services.mqtt_smart_plug] [e3cf4c26] MQTT smart plug connection pending to 192:1883
2026-08-20 00:47:21,920 INFO [uvicorn.access] [-] [IP]:62652 - "PUT /api/v1/settings/ HTTP/1.1" 200
2026-08-20 00:47:22,777 INFO [backend.app.services.mqtt_relay] [-] MQTT relay disconnected cleanly
2026-08-20 00:47:23,779 WARNING [backend.app.services.mqtt_relay] [5569f6ed] MQTT relay connection pending to 192.1:1883
2026-08-20 00:47:23,780 INFO [backend.app.services.mqtt_smart_plug] [-] MQTT smart plug service disconnected cleanly
2026-08-20 00:47:24,783 WARNING [backend.app.services.mqtt_smart_plug] [5569f6ed] MQTT smart plug connection pending to 192.1:1883
2026-08-20 00:47:24,791 INFO [uvicorn.access] [-] [IP]:62652 - "PUT /api/v1/settings/ HTTP/1.1" 200
2026-08-20 00:47:25,901 INFO [backend.app.services.mqtt_relay] [-] MQTT relay disconnected cleanly
2026-08-20 00:47:25,902 ERROR [backend.app.services.mqtt_relay] [-] MQTT relay connection failed: Not authorized
2026-08-20 00:47:25,902 WARNING [backend.app.services.mqtt_relay] [-] MQTT relay disconnected: Unspecified error
2026-08-20 00:47:26,902 WARNING [backend.app.services.mqtt_relay] [e7c3b8a5] MQTT relay connection pending to [IP]:1883
2026-08-20 00:47:26,904 INFO [backend.app.services.mqtt_smart_plug] [-] MQTT smart plug service disconnected cleanly
2026-08-20 00:47:26,906 ERROR [backend.app.services.mqtt_relay] [-] MQTT relay connection failed: Not authorized
2026-08-20 00:47:26,907 WARNING [backend.app.services.mqtt_relay] [-] MQTT relay disconnected: Unspecified error
2026-08-20 00:47:26,910 ERROR [backend.app.services.mqtt_smart_plug] [-] MQTT smart plug connection failed: Not authorized
2026-08-20 00:47:26,911 WARNING [backend.app.services.mqtt_smart_plug] [-] MQTT smart plug service disconnected: Unspecified error
2026-08-20 00:47:27,909 WARNING [backend.app.services.mqtt_smart_plug] [e7c3b8a5] MQTT smart plug connection pending to [IP]:1883
2026-08-20 00:47:27,912 ERROR [backend.app.services.mqtt_smart_plug] [-] MQTT smart plug connection failed: Not authorized
2026-08-20 00:47:27,919 WARNING [backend.app.services.mqtt_smart_plug] [-] MQTT smart plug service disconnected: Unspecified error
2026-08-20 00:47:27,936 INFO [uvicorn.access] [-] [IP]:54410 - "PUT /api/v1/settings/ HTTP/1.1" 200
2026-08-20 00:47:28,909 ERROR [backend.app.services.mqtt_relay] [-] MQTT relay connection failed: Not authorized
2026-08-20 00:47:28,910 WARNING [backend.app.services.mqtt_relay] [-] MQTT relay disconnected: Unspecified error
2026-08-20 00:47:29,922 ERROR [backend.app.services.mqtt_smart_plug] [-] MQTT smart plug connection failed: Not authorized
2026-08-20 00:47:29,922 WARNING [backend.app.services.mqtt_smart_plug] [-] MQTT smart plug service disconnected: Unspecified error
2026-08-20 00:47:31,912 ERROR [backend.app.services.mqtt_relay] [-] MQTT relay connection failed: Not authorized
2026-08-20 00:47:31,912 WARNING [backend.app.services.mqtt_relay] [-] MQTT relay disconnected: Unspecified error
2026-08-20 00:47:32,913 WARNING [backend.app.services.mqtt_relay] [e3a2e608] MQTT relay connection pending to [IP]:1883
2026-08-20 00:47:32,915 ERROR [backend.app.services.mqtt_relay] [-] MQTT relay connection failed: Not authorized
2026-08-20 00:47:32,927 ERROR [backend.app.services.mqtt_smart_plug] [-] MQTT smart plug connection failed: Not authorized
2026-08-20 00:47:32,955 WARNING [backend.app.services.mqtt_relay] [-] MQTT relay disconnected: Unspecified error
2026-08-20 00:47:32,956 WARNING [backend.app.services.mqtt_smart_plug] [-] MQTT smart plug service disconnected: Unspecified error
2026-08-20 00:47:33,926 WARNING [backend.app.services.mqtt_smart_plug] [e3a2e608] MQTT smart plug connection pending to [IP]:1883
2026-08-20 00:47:33,943 INFO [uvicorn.access] [-] [IP]:62652 - "PUT /api/v1/settings/ HTTP/1.1" 200
2026-08-20 00:47:33,958 ERROR [backend.app.services.mqtt_smart_plug] [-] MQTT smart plug connection failed: Not authorized
2026-08-20 00:47:33,959 WARNING [backend.app.services.mqtt_smart_plug] [-] MQTT smart plug service disconnected: Unspecified error
2026-08-20 00:47:34,963 INFO [backend.app.services.mqtt_relay] [-] MQTT relay connected successfully
2026-08-20 00:47:35,960 INFO [backend.app.services.mqtt_relay] [a0b9de19] MQTT relay connected to [IP]:1883
2026-08-20 00:47:35,970 INFO [backend.app.services.mqtt_smart_plug] [-] MQTT smart plug service connected successfully
2026-08-20 00:47:36,967 INFO [backend.app.services.mqtt_smart_plug] [a0b9de19] MQTT smart plug service connected to [IP]:1883
2026-08-20 00:47:36,984 INFO [uvicorn.access] [-] [IP]:62652 - "PUT /api/v1/settings/ HTTP/1.1" 200
2026-08-20 00:49:30,940 INFO [backend.app.main] [-] Recorded 1 AMS sensor history entries
2026-08-20 00:54:30,959 INFO [backend.app.main] [-] Recorded 1 AMS sensor history entries
2026-08-20 00:55:48,226 INFO [backend.app.services.bambu_mqtt] [bf757d08] [[SERIAL]] Requesting K-profiles for nozzle_diameter=0.4 (attempt 1/3, seq_id=4)
2026-08-20 00:55:48,277 INFO [backend.app.services.bambu_mqtt] [-] [[SERIAL]] K-profile response: nozzle=0.4, seq_id=4, 0 profiles, matched=True
2026-08-20 00:55:48,278 INFO [backend.app.services.bambu_mqtt] [-] [[SERIAL]] Got 0 K-profiles for nozzle=0.4
2026-08-20 00:55:48,278 INFO [backend.app.services.bambu_mqtt] [bf757d08] [[SERIAL]] Got 0 K-profiles for nozzle=0.4 on attempt 1
2026-08-20 00:55:54,686 INFO [uvicorn.access] [-] [IP]:64521 - "PATCH /api/v1/inventory/spools/7 HTTP/1.1" 200
2026-08-20 00:55:54,715 INFO [uvicorn.access] [-] [IP]:64521 - "PUT /api/v1/inventory/spools/7/k-profiles HTTP/1.1" 200
2026-08-20 00:56:03,644 INFO [uvicorn.access] [-] [IP]:50746 - "POST /api/v1/inventory/labels HTTP/1.1" 200
2026-08-20 00:56:16,204 INFO [backend.app.services.bambu_mqtt] [a97b679d] [[SERIAL]] Requesting K-profiles for nozzle_diameter=0.4 (attempt 1/3, seq_id=5)
2026-08-20 00:56:16,250 INFO [backend.app.services.bambu_mqtt] [-] [[SERIAL]] K-profile response: nozzle=0.4, seq_id=5, 0 profiles, matched=True
2026-08-20 00:56:16,251 INFO [backend.app.services.bambu_mqtt] [-] [[SERIAL]] Got 0 K-profiles for nozzle=0.4
2026-08-20 00:56:16,252 INFO [backend.app.services.bambu_mqtt] [a97b679d] [[SERIAL]] Got 0 K-profiles for nozzle=0.4 on attempt 1
2026-08-20 00:56:27,732 INFO [uvicorn.access] [-] [IP]:61412 - "PATCH /api/v1/inventory/spools/7 HTTP/1.1" 200
2026-08-20 00:56:27,750 INFO [uvicorn.access] [-] [IP]:61412 - "PUT /api/v1/inventory/spools/7/k-profiles HTTP/1.1" 200
2026-08-20 00:57:17,802 INFO [backend.app.api.routes.support] [3861c41c] Log level changed to DEBUG
2026-08-20 00:57:17,802 INFO [backend.app.api.routes.bug_report] [3861c41c] Bug report: enabled debug logging
2026-08-20 00:57:17,803 DEBUG [backend.app.services.bambu_mqtt] [3861c41c] [[SERIAL]] Requesting status update (pushall)
2026-08-20 00:57:17,805 INFO [uvicorn.access] [-] [IP]:56210 - "POST /api/v1/bug-report/start-logging HTTP/1.1" 200
2026-08-20 00:57:17,891 DEBUG [backend.app.services.bambu_mqtt] [-] [[SERIAL]] Found xcam inside print data: {'buildplate_marker_detector': True}
2026-08-20 00:57:17,891 DEBUG [backend.app.services.bambu_mqtt] [-] [[SERIAL]] Parsing xcam data - all fields: ['buildplate_marker_detector']
2026-08-20 00:57:17,892 DEBUG [backend.app.services.bambu_mqtt] [-] [[SERIAL]] Received gcode_state: FINISH, gcode_file: , subtask_name: dock.stl
2026-08-20 00:57:17,892 DEBUG [backend.app.services.bambu_mqtt] [-] [[SERIAL]] AMS dict fields: {'ams_exist_bits': '1', 'tray_exist_bits': 'f', 'tray_is_bbl_bits': 'f', 'tray_tar': '255', 'tray_now': '255', 'tray_pre': '255', 'tray_read_done_bits': 'f', 'tray_reading_bits': '0', 'version': 8, 'insert_flag': True, 'power_on_flag': False}
2026-08-20 00:57:17,892 DEBUG [backend.app.services.bambu_mqtt] [-] [[SERIAL]] tray_now updated: 255
2026-08-20 00:57:17,893 DEBUG [backend.app.services.bambu_mqtt] [-] [[SERIAL]] Merged AMS data: 1 new units, 1 total
2026-08-20 00:57:17,893 DEBUG [backend.app.services.bambu_mqtt] [-] [[SERIAL]] AMS 0 info=0x1001 -> extruder 0
2026-08-20 00:57:17,893 DEBUG [backend.app.services.bambu_mqtt] [-] [[SERIAL]] ams_extruder_map: {'0': 0}
2026-08-20 00:57:17,894 DEBUG [backend.app.services.bambu_mqtt] [-] [[SERIAL]] ams_status: 0 (main=0, sub=0)
2026-08-20 00:57:17,894 DEBUG [backend.app.services.bambu_mqtt] [-] [[SERIAL]] Received command response: push_status
2026-08-20 00:57:17,894 DEBUG [backend.app.services.bambu_mqtt] [-] [[SERIAL]] chamber_temper raw value: 5.0
2026-08-20 00:57:17,894 DEBUG [backend.app.services.bambu_mqtt] [-] [[SERIAL]] chamber_temper direct value: 5.0°C (heater OFF)
2026-08-20 00:57:17,895 DEBUG [backend.app.services.bambu_mqtt] [-] [[SERIAL]] Chamber heating calculated: target=0.0, current=5.0, heating=False, respect_local=False
2026-08-20 00:57:17,895 DEBUG [backend.app.services.bambu_mqtt] [-] [[SERIAL]] Chamber temp updated to: 5.0, target: 0.0, heating: False
2026-08-20 00:57:17,896 DEBUG [backend.app.services.bambu_mqtt] [-] [[SERIAL]] HMS data received: [{'attr': 83887104, 'code': 65604, 'action': 0, 'timestamp': 1785348542}]
2026-08-20 00:57:17,896 DEBUG [backend.app.services.bambu_mqtt] [-] [[SERIAL]] ipcam field: {'ipcam_dev': '1', 'ipcam_record': 'enable', 'timelapse': 'disable', 'resolution': '1080p', 'tutk_server': 'disable', 'mode_bits': 3}
2026-08-20 00:57:17,897 DEBUG [backend.app.services.bambu_mqtt] [-] [[SERIAL]] wifi_signal received: -66dBm
2026-08-20 00:57:17,897 DEBUG [backend.app.services.bambu_mqtt] [-] [[SERIAL]] lights_report: [{'node': 'chamber_light', 'mode': 'off'}]
2026-08-20 00:57:17,898 DEBUG [backend.app.services.bambu_mqtt] [-] [[SERIAL]] gcode_state: FINISH -> FINISH, file: , subtask: dock.stl
2026-08-20 00:57:21,934 DEBUG [backend.app.services.bambu_mqtt] [-] [[SERIAL]] Received command response: push_status
2026-08-20 00:57:28,612 DEBUG [PIL.PngImagePlugin] [d65236a0] STREAM b'IHDR' 16 13
2026-08-20 00:57:28,612 DEBUG [PIL.PngImagePlugin] [d65236a0] STREAM b'IDAT' 41 276
2026-08-20 00:57:28,616 INFO [uvicorn.access] [-] [IP]:55024 - "POST /api/v1/inventory/labels HTTP/1.1" 200
2026-08-20 00:57:29,997 DEBUG [backend.app.services.bambu_mqtt] [-] [[SERIAL]] Received command response: push_status
2026-08-20 00:57:30,000 DEBUG [backend.app.services.bambu_mqtt] [-] [[SERIAL]] wifi_signal received: -67dBm
2026-08-20 00:57:30,747 INFO [backend.app.api.routes.support] [162fb282] Log level changed to INFO
2026-08-20 00:57:30,748 INFO [backend.app.api.routes.bug_report] [162fb282] Bug report: restored normal logging
2026-08-20 00:57:30,748 INFO [uvicorn.access] [-] [IP]:56210 - "POST /api/v1/bug-report/stop-logging?was_debug=false HTTP/1.1" 200
2026-08-20 00:57:51,306 INFO [uvicorn.access] [-] [IP]:56210 - "POST /api/v1/bug-report/submit HTTP/1.1" 200
2026-08-20 00:57:57,403 INFO [backend.app.services.bambu_mqtt] [223dd049] [[SERIAL]] Requesting K-profiles for nozzle_diameter=0.4 (attempt 1/3, seq_id=6)
2026-08-20 00:57:57,440 INFO [backend.app.services.bambu_mqtt] [-] [[SERIAL]] K-profile response: nozzle=0.4, seq_id=6, 0 profiles, matched=True
2026-08-20 00:57:57,440 INFO [backend.app.services.bambu_mqtt] [-] [[SERIAL]] Got 0 K-profiles for nozzle=0.4
2026-08-20 00:57:57,441 INFO [backend.app.services.bambu_mqtt] [223dd049] [[SERIAL]] Got 0 K-profiles for nozzle=0.4 on attempt 1
2026-08-20 00:58:03,618 INFO [backend.app.services.bambu_mqtt] [c888117e] [[SERIAL]] Requesting K-profiles for nozzle_diameter=0.4 (attempt 1/3, seq_id=7)
2026-08-20 00:58:03,676 INFO [backend.app.services.bambu_mqtt] [-] [[SERIAL]] K-profile response: nozzle=0.4, seq_id=7, 0 profiles, matched=True
2026-08-20 00:58:03,676 INFO [backend.app.services.bambu_mqtt] [-] [[SERIAL]] Got 0 K-profiles for nozzle=0.4
2026-08-20 00:58:03,677 INFO [backend.app.services.bambu_mqtt] [c888117e] [[SERIAL]] Got 0 K-profiles for nozzle=0.4 on attempt 1
2026-08-20 00:58:28,448 INFO [uvicorn.access] [-] [IP]:49912 - "PATCH /api/v1/inventory/spools/6 HTTP/1.1" 200
2026-08-20 00:58:28,485 INFO [uvicorn.access] [-] [IP]:49912 - "PUT /api/v1/inventory/spools/6/k-profiles HTTP/1.1" 200
2026-08-20 00:58:59,926 INFO [uvicorn.access] [-] [IP]:63110 - "POST /api/v1/inventory/labels HTTP/1.1" 200
2026-08-20 00:59:23,290 INFO [backend.app.api.routes.support] [0faeba74] Log level changed to DEBUG
2026-08-20 00:59:23,291 INFO [backend.app.api.routes.bug_report] [0faeba74] Bug report: enabled debug logging
2026-08-20 00:59:23,291 DEBUG [backend.app.services.bambu_mqtt] [0faeba74] [[SERIAL]] Requesting status update (pushall)
2026-08-20 00:59:23,292 INFO [uvicorn.access] [-] [IP]:65421 - "POST /api/v1/bug-report/start-logging HTTP/1.1" 200
2026-08-20 00:59:23,867 DEBUG [backend.app.services.bambu_mqtt] [-] [[SERIAL]] Found xcam inside print data: {'buildplate_marker_detector': True}
2026-08-20 00:59:23,868 DEBUG [backend.app.services.bambu_mqtt] [-] [[SERIAL]] Parsing xcam data - all fields: ['buildplate_marker_detector']
2026-08-20 00:59:23,868 DEBUG [backend.app.services.bambu_mqtt] [-] [[SERIAL]] Received gcode_state: FINISH, gcode_file: , subtask_name: dock.stl
2026-08-20 00:59:23,868 DEBUG [backend.app.services.bambu_mqtt] [-] [[SERIAL]] AMS dict fields: {'ams_exist_bits': '1', 'tray_exist_bits': 'f', 'tray_is_bbl_bits': 'f', 'tray_tar': '255', 'tray_now': '255', 'tray_pre': '255', 'tray_read_done_bits': 'f', 'tray_reading_bits': '0', 'version': 8, 'insert_flag': True, 'power_on_flag': False}
2026-08-20 00:59:23,869 DEBUG [backend.app.services.bambu_mqtt] [-] [[SERIAL]] tray_now updated: 255
2026-08-20 00:59:23,869 DEBUG [backend.app.services.bambu_mqtt] [-] [[SERIAL]] Merged AMS data: 1 new units, 1 total
2026-08-20 00:59:23,869 DEBUG [backend.app.services.bambu_mqtt] [-] [[SERIAL]] AMS 0 info=0x1001 -> extruder 0
2026-08-20 00:59:23,870 DEBUG [backend.app.services.bambu_mqtt] [-] [[SERIAL]] ams_extruder_map: {'0': 0}
2026-08-20 00:59:23,870 DEBUG [backend.app.services.bambu_mqtt] [-] [[SERIAL]] ams_status: 0 (main=0, sub=0)
2026-08-20 00:59:23,870 DEBUG [backend.app.services.bambu_mqtt] [-] [[SERIAL]] Received command response: push_status
2026-08-20 00:59:23,871 DEBUG [backend.app.services.bambu_mqtt] [-] [[SERIAL]] chamber_temper raw value: 5.0
2026-08-20 00:59:23,871 DEBUG [backend.app.services.bambu_mqtt] [-] [[SERIAL]] chamber_temper direct value: 5.0°C (heater OFF)
2026-08-20 00:59:23,871 DEBUG [backend.app.services.bambu_mqtt] [-] [[SERIAL]] Chamber heating calculated: target=0.0, current=5.0, heating=False, respect_local=False
2026-08-20 00:59:23,872 DEBUG [backend.app.services.bambu_mqtt] [-] [[SERIAL]] Chamber temp updated to: 5.0, target: 0.0, heating: False
2026-08-20 00:59:23,872 DEBUG [backend.app.services.bambu_mqtt] [-] [[SERIAL]] HMS data received: [{'attr': 83887104, 'code': 65604, 'action': 0, 'timestamp': 1785348542}]
2026-08-20 00:59:23,873 DEBUG [backend.app.services.bambu_mqtt] [-] [[SERIAL]] ipcam field: {'ipcam_dev': '1', 'ipcam_record': 'enable', 'timelapse': 'disable', 'resolution': '1080p', 'tutk_server': 'disable', 'mode_bits': 3}
2026-08-20 00:59:23,873 DEBUG [backend.app.services.bambu_mqtt] [-] [[SERIAL]] wifi_signal received: -66dBm
2026-08-20 00:59:23,873 DEBUG [backend.app.services.bambu_mqtt] [-] [[SERIAL]] lights_report: [{'node': 'chamber_light', 'mode': 'off'}]
2026-08-20 00:59:23,874 DEBUG [backend.app.services.bambu_mqtt] [-] [[SERIAL]] gcode_state: FINISH -> FINISH, file: , subtask: dock.stl
2026-08-20 00:59:28,163 DEBUG [backend.app.services.bambu_mqtt] [-] [[SERIAL]] Received command response: push_status
2026-08-20 00:59:28,164 DEBUG [backend.app.services.bambu_mqtt] [-] [[SERIAL]] wifi_signal received: -67dBm
2026-08-20 00:59:30,026 DEBUG [backend.app.services.bambu_mqtt] [-] [[SERIAL]] Received command response: push_status
2026-08-20 00:59:30,026 DEBUG [backend.app.services.bambu_mqtt] [-] [[SERIAL]] wifi_signal received: -66dBm
2026-08-20 00:59:30,977 INFO [backend.app.main] [-] Recorded 1 AMS sensor history entries
2026-08-20 00:59:31,928 DEBUG [backend.app.main] [-] Recorded 3 printer sensor history entries
2026-08-20 00:59:36,198 DEBUG [backend.app.services.bambu_mqtt] [-] [[SERIAL]] Received command response: push_status
2026-08-20 00:59:38,318 DEBUG [backend.app.services.bambu_mqtt] [-] [[SERIAL]] Received command response: push_status
2026-08-20 00:59:38,319 DEBUG [backend.app.services.bambu_mqtt] [-] [[SERIAL]] wifi_signal received: -67dBm
2026-08-20 00:59:40,352 DEBUG [backend.app.services.bambu_mqtt] [-] [[SERIAL]] Received command response: push_status
2026-08-20 00:59:40,352 DEBUG [backend.app.services.bambu_mqtt] [-] [[SERIAL]] wifi_signal received: -66dBm
2026-08-20 00:59:42,334 DEBUG [backend.app.services.bambu_mqtt] [63120d6a] [[SERIAL]] Requesting status update (pushall)
2026-08-20 00:59:42,336 INFO [uvicorn.access] [-] [IP]:56512 - "POST /api/v1/bug-report/start-logging HTTP/1.1" 200
2026-08-20 00:59:42,406 DEBUG [backend.app.services.bambu_mqtt] [-] [[SERIAL]] Found xcam inside print data: {'buildplate_marker_detector': True}
2026-08-20 00:59:42,406 DEBUG [backend.app.services.bambu_mqtt] [-] [[SERIAL]] Parsing xcam data - all fields: ['buildplate_marker_detector']
2026-08-20 00:59:42,406 DEBUG [backend.app.services.bambu_mqtt] [-] [[SERIAL]] Received gcode_state: FINISH, gcode_file: , subtask_name: dock.stl
2026-08-20 00:59:42,407 DEBUG [backend.app.services.bambu_mqtt] [-] [[SERIAL]] ams_extruder_map: {'0': 0}
2026-08-20 00:59:42,407 DEBUG [backend.app.services.bambu_mqtt] [-] [[SERIAL]] Received command response: push_status
2026-08-20 00:59:42,408 DEBUG [backend.app.services.bambu_mqtt] [-] [[SERIAL]] chamber_temper raw value: 5.0
2026-08-20 00:59:42,408 DEBUG [backend.app.services.bambu_mqtt] [-] [[SERIAL]] chamber_temper direct value: 5.0°C (heater OFF)
2026-08-20 00:59:42,408 DEBUG [backend.app.services.bambu_mqtt] [-] [[SERIAL]] HMS data received: [{'attr': 83887104, 'code': 65604, 'action': 0, 'timestamp': 1785348542}]
2026-08-20 00:59:42,409 DEBUG [backend.app.services.bambu_mqtt] [-] [[SERIAL]] lights_report: [{'node': 'chamber_light', 'mode': 'off'}]
2026-08-20 00:59:42,409 DEBUG [backend.app.services.bambu_mqtt] [-] [[SERIAL]] gcode_state: FINISH -> FINISH, file: , subtask: dock.stl
2026-08-20 00:59:45,378 DEBUG [backend.app.api.routes.printers] [0a14bab3] API returning ams_mapping: [], ams_extruder_map: {'0': 0}
2026-08-20 00:59:45,378 DEBUG [backend.app.api.routes.printers] [0a14bab3] Using tray_now directly as global ID: 255
2026-08-20 00:59:45,452 INFO [backend.app.services.bambu_mqtt] [093b5e26] [[SERIAL]] Requesting K-profiles for nozzle_diameter=0.4 (attempt 1/3, seq_id=8)
2026-08-20 00:59:45,453 DEBUG [backend.app.services.bambu_mqtt] [093b5e26] [[SERIAL]] K-profile request JSON: {"print": {"command": "extrusion_cali_get", "filament_id": "", "nozzle_diameter": "0.4", "sequence_id": "8"}}
2026-08-20 00:59:45,499 DEBUG [backend.app.services.bambu_mqtt] [-] [[SERIAL]] Received command response: extrusion_cali_get
2026-08-20 00:59:45,499 INFO [backend.app.services.bambu_mqtt] [-] [[SERIAL]] K-profile response: nozzle=0.4, seq_id=8, 0 profiles, matched=True
2026-08-20 00:59:45,500 INFO [backend.app.services.bambu_mqtt] [-] [[SERIAL]] Got 0 K-profiles for nozzle=0.4
2026-08-20 00:59:45,500 INFO [backend.app.services.bambu_mqtt] [093b5e26] [[SERIAL]] Got 0 K-profiles for nozzle=0.4 on attempt 1
2026-08-20 00:59:46,436 DEBUG [backend.app.services.bambu_mqtt] [-] [[SERIAL]] Received command response: push_status
2026-08-20 00:59:48,635 DEBUG [backend.app.services.bambu_mqtt] [-] [[SERIAL]] Received command response: push_status
2026-08-20 00:59:48,635 DEBUG [backend.app.services.bambu_mqtt] [-] [[SERIAL]] wifi_signal received: -67dBm
2026-08-20 00:59:50,487 DEBUG [backend.app.services.bambu_mqtt] [-] [[SERIAL]] Received command response: push_status
2026-08-20 00:59:50,488 DEBUG [backend.app.services.bambu_mqtt] [-] [[SERIAL]] wifi_signal received: -66dBm
2026-08-20 00:59:52,578 DEBUG [backend.app.services.bambu_mqtt] [-] [[SERIAL]] Received command response: push_status
2026-08-20 00:59:54,587 DEBUG [backend.app.services.bambu_mqtt] [-] [[SERIAL]] Received command response: push_status
2026-08-20 00:59:54,587 DEBUG [backend.app.services.bambu_mqtt] [-] [[SERIAL]] wifi_signal received: -67dBm
2026-08-20 00:59:56,733 DEBUG [backend.app.services.bambu_mqtt] [-] [[SERIAL]] Received command response: push_status
2026-08-20 00:59:56,733 DEBUG [backend.app.services.bambu_mqtt] [-] [[SERIAL]] wifi_signal received: -66dBm
2026-08-20 01:00:00,593 DEBUG [backend.app.services.bambu_mqtt] [-] [[SERIAL]] Received command response: push_status
2026-08-20 01:00:02,878 DEBUG [backend.app.services.bambu_mqtt] [-] [[SERIAL]] Received command response: push_status
2026-08-20 01:00:03,485 DEBUG [backend.app.services.bambu_mqtt] [9bd990d8] [[SERIAL]] Requesting status update (pushall)
2026-08-20 01:00:03,485 INFO [uvicorn.access] [-] [IP]:60346 - "POST /api/v1/bug-report/start-logging HTTP/1.1" 200
2026-08-20 01:00:03,700 DEBUG [backend.app.services.bambu_mqtt] [-] [[SERIAL]] Found xcam inside print data: {'buildplate_marker_detector': True}
2026-08-20 01:00:03,700 DEBUG [backend.app.services.bambu_mqtt] [-] [[SERIAL]] Parsing xcam data - all fields: ['buildplate_marker_detector']
2026-08-20 01:00:03,700 DEBUG [backend.app.services.bambu_mqtt] [-] [[SERIAL]] Received gcode_state: FINISH, gcode_file: , subtask_name: dock.stl
2026-08-20 01:00:03,700 DEBUG [backend.app.services.bambu_mqtt] [-] [[SERIAL]] ams_extruder_map: {'0': 0}
2026-08-20 01:00:03,701 DEBUG [backend.app.services.bambu_mqtt] [-] [[SERIAL]] Received command response: push_status
2026-08-20 01:00:03,701 DEBUG [backend.app.services.bambu_mqtt] [-] [[SERIAL]] chamber_temper raw value: 5.0
2026-08-20 01:00:03,701 DEBUG [backend.app.services.bambu_mqtt] [-] [[SERIAL]] chamber_temper direct value: 5.0°C (heater OFF)
2026-08-20 01:00:03,701 DEBUG [backend.app.services.bambu_mqtt] [-] [[SERIAL]] HMS data received: [{'attr': 83887104, 'code': 65604, 'action': 0, 'timestamp': 1785348542}]
2026-08-20 01:00:03,701 DEBUG [backend.app.services.bambu_mqtt] [-] [[SERIAL]] lights_report: [{'node': 'chamber_light', 'mode': 'off'}]
2026-08-20 01:00:03,701 DEBUG [backend.app.services.bambu_mqtt] [-] [[SERIAL]] gcode_state: FINISH -> FINISH, file: , subtask: dock.stl
2026-08-20 01:00:05,681 DEBUG [backend.app.services.bambu_mqtt] [-] [[SERIAL]] Received command response: push_status
2026-08-20 01:00:07,700 DEBUG [backend.app.services.bambu_mqtt] [-] [[SERIAL]] Received command response: push_status
2026-08-20 01:00:08,163 DEBUG [PIL.PngImagePlugin] [89c70c6e] STREAM b'IHDR' 16 13
2026-08-20 01:00:08,164 DEBUG [PIL.PngImagePlugin] [89c70c6e] STREAM b'IDAT' 41 268
2026-08-20 01:00:08,171 INFO [uvicorn.access] [-] [IP]:60346 - "POST /api/v1/inventory/labels HTTP/1.1" 200
2026-08-20 01:00:09,742 DEBUG [backend.app.services.bambu_mqtt] [-] [[SERIAL]] Received command response: push_status