2026-08-19 21:25:26,297 INFO [backend.app.main] [-] Recorded 1 AMS sensor history entries
2026-08-19 21:30:26,304 INFO [backend.app.main] [-] Recorded 1 AMS sensor history entries
2026-08-19 21:35:26,314 INFO [backend.app.main] [-] Recorded 1 AMS sensor history entries
2026-08-19 21:40:26,322 INFO [backend.app.main] [-] Recorded 1 AMS sensor history entries
2026-08-19 21:45:26,332 INFO [backend.app.main] [-] Recorded 1 AMS sensor history entries
2026-08-19 21:50:26,341 INFO [backend.app.main] [-] Recorded 1 AMS sensor history entries
2026-08-19 21:55:26,350 INFO [backend.app.main] [-] Recorded 1 AMS sensor history entries
2026-08-19 22:00:26,359 INFO [backend.app.main] [-] Recorded 1 AMS sensor history entries
2026-08-19 22:03:48,390 INFO [uvicorn.access] [-] [IP]:55130 - "POST /api/v1/printers/camera/stream-token HTTP/1.1" 200
2026-08-19 22:05:26,366 INFO [backend.app.main] [-] Recorded 1 AMS sensor history entries
2026-08-19 22:10:26,374 INFO [backend.app.main] [-] Recorded 1 AMS sensor history entries
2026-08-19 22:15:26,383 INFO [backend.app.main] [-] Recorded 1 AMS sensor history entries
2026-08-19 22:20:26,392 INFO [backend.app.main] [-] Recorded 1 AMS sensor history entries
2026-08-19 22:25:26,400 INFO [backend.app.main] [-] Recorded 1 AMS sensor history entries
2026-08-19 22:30:26,409 INFO [backend.app.main] [-] Recorded 1 AMS sensor history entries
2026-08-19 22:35:26,420 INFO [backend.app.main] [-] Recorded 1 AMS sensor history entries
2026-08-19 22:40:26,429 INFO [backend.app.main] [-] Recorded 1 AMS sensor history entries
2026-08-19 22:45:26,435 INFO [backend.app.main] [-] Recorded 1 AMS sensor history entries
2026-08-19 22:50:26,447 INFO [backend.app.main] [-] Recorded 1 AMS sensor history entries
2026-08-19 22:53:48,414 INFO [uvicorn.access] [-] [IP]:32942 - "POST /api/v1/printers/camera/stream-token HTTP/1.1" 200
2026-08-19 22:55:26,459 INFO [backend.app.main] [-] Recorded 1 AMS sensor history entries
2026-08-19 23:00:26,465 INFO [backend.app.main] [-] Recorded 1 AMS sensor history entries
2026-08-19 23:05:26,473 INFO [backend.app.main] [-] Recorded 1 AMS sensor history entries
2026-08-19 23:10:26,481 INFO [backend.app.main] [-] Recorded 1 AMS sensor history entries
2026-08-19 23:15:26,489 INFO [backend.app.main] [-] Recorded 1 AMS sensor history entries
2026-08-19 23:20:26,499 INFO [backend.app.main] [-] Recorded 1 AMS sensor history entries
2026-08-19 23:25:26,509 INFO [backend.app.main] [-] Recorded 1 AMS sensor history entries
2026-08-19 23:30:26,521 INFO [backend.app.main] [-] Recorded 1 AMS sensor history entries
2026-08-19 23:35:26,531 INFO [backend.app.main] [-] Recorded 1 AMS sensor history entries
2026-08-19 23:40:26,542 INFO [backend.app.main] [-] Recorded 1 AMS sensor history entries
2026-08-19 23:43:48,436 INFO [uvicorn.access] [-] [IP]:59770 - "POST /api/v1/printers/camera/stream-token HTTP/1.1" 200
2026-08-19 23:45:26,554 INFO [backend.app.main] [-] Recorded 1 AMS sensor history entries
2026-08-19 23:50:26,567 INFO [backend.app.main] [-] Recorded 1 AMS sensor history entries
2026-08-19 23:55:26,574 INFO [backend.app.main] [-] Recorded 1 AMS sensor history entries
2026-08-20 00:00:26,583 INFO [backend.app.main] [-] Recorded 1 AMS sensor history entries
2026-08-20 00:00:39,625 INFO [backend.app.services.local_backup] [-] Running scheduled local backup
2026-08-20 00:00:42,278 INFO [backend.app.services.local_backup] [-] Pruned old backup: bambuddy-backup-20260810-000043.zip
2026-08-20 00:00:42,278 INFO [backend.app.services.local_backup] [-] Local backup created: /opt/[user]/backups/bambuddy-backup-20260820-000039.zip
2026-08-20 00:05:26,593 INFO [backend.app.main] [-] Recorded 1 AMS sensor history entries
2026-08-20 00:10:26,601 INFO [backend.app.main] [-] Recorded 1 AMS sensor history entries
2026-08-20 00:15:26,610 INFO [backend.app.main] [-] Recorded 1 AMS sensor history entries
2026-08-20 00:20:26,619 INFO [backend.app.main] [-] Recorded 1 AMS sensor history entries
2026-08-20 00:25:26,635 INFO [backend.app.main] [-] Recorded 1 AMS sensor history entries
2026-08-20 00:30:26,643 INFO [backend.app.main] [-] Recorded 1 AMS sensor history entries
2026-08-20 00:33:48,459 INFO [uvicorn.access] [-] [IP]:56646 - "POST /api/v1/printers/camera/stream-token HTTP/1.1" 200
2026-08-20 00:35:26,653 INFO [backend.app.main] [-] Recorded 1 AMS sensor history entries
2026-08-20 00:40:26,664 INFO [backend.app.main] [-] Recorded 1 AMS sensor history entries
2026-08-20 00:45:26,675 INFO [backend.app.main] [-] Recorded 1 AMS sensor history entries
2026-08-20 00:50:26,685 INFO [backend.app.main] [-] Recorded 1 AMS sensor history entries
2026-08-20 00:55:26,694 INFO [backend.app.main] [-] Recorded 1 AMS sensor history entries
2026-08-20 01:00:26,706 INFO [backend.app.main] [-] Recorded 1 AMS sensor history entries
2026-08-20 01:05:26,717 INFO [backend.app.main] [-] Recorded 1 AMS sensor history entries
2026-08-20 01:10:26,725 INFO [backend.app.main] [-] Recorded 1 AMS sensor history entries
2026-08-20 01:15:26,734 INFO [backend.app.main] [-] Recorded 1 AMS sensor history entries
2026-08-20 01:20:26,743 INFO [backend.app.main] [-] Recorded 1 AMS sensor history entries
2026-08-20 01:23:48,482 INFO [uvicorn.access] [-] [IP]:50214 - "POST /api/v1/printers/camera/stream-token HTTP/1.1" 200
2026-08-20 01:25:26,755 INFO [backend.app.main] [-] Recorded 1 AMS sensor history entries
2026-08-20 01:30:26,764 INFO [backend.app.main] [-] Recorded 1 AMS sensor history entries
2026-08-20 01:35:26,768 INFO [backend.app.main] [-] Recorded 1 AMS sensor history entries
2026-08-20 01:40:26,776 INFO [backend.app.main] [-] Recorded 1 AMS sensor history entries
2026-08-20 01:45:26,784 INFO [backend.app.main] [-] Recorded 1 AMS sensor history entries
2026-08-20 01:50:26,795 INFO [backend.app.main] [-] Recorded 1 AMS sensor history entries
2026-08-20 01:55:26,799 INFO [backend.app.main] [-] Recorded 1 AMS sensor history entries
2026-08-20 02:00:26,807 INFO [backend.app.main] [-] Recorded 1 AMS sensor history entries
2026-08-20 02:05:26,818 INFO [backend.app.main] [-] Recorded 1 AMS sensor history entries
2026-08-20 02:10:26,828 INFO [backend.app.main] [-] Recorded 1 AMS sensor history entries
2026-08-20 02:13:48,504 INFO [uvicorn.access] [-] [IP]:54458 - "POST /api/v1/printers/camera/stream-token HTTP/1.1" 200
2026-08-20 02:15:26,837 INFO [backend.app.main] [-] Recorded 1 AMS sensor history entries
2026-08-20 02:20:26,848 INFO [backend.app.main] [-] Recorded 1 AMS sensor history entries
2026-08-20 02:25:26,860 INFO [backend.app.main] [-] Recorded 1 AMS sensor history entries
2026-08-20 02:30:26,868 INFO [backend.app.main] [-] Recorded 1 AMS sensor history entries
2026-08-20 02:35:26,875 INFO [backend.app.main] [-] Recorded 1 AMS sensor history entries
2026-08-20 02:40:26,883 INFO [backend.app.main] [-] Recorded 1 AMS sensor history entries
2026-08-20 02:45:26,893 INFO [backend.app.main] [-] Recorded 1 AMS sensor history entries
2026-08-20 02:50:26,903 INFO [backend.app.main] [-] Recorded 1 AMS sensor history entries
2026-08-20 02:55:26,911 INFO [backend.app.main] [-] Recorded 1 AMS sensor history entries
2026-08-20 03:00:26,921 INFO [backend.app.main] [-] Recorded 1 AMS sensor history entries
2026-08-20 03:00:45,593 WARNING [backend.app.services.bambu_mqtt] [-] [[SERIAL]] MQTT disconnected: rc=Keep alive timeout, flags=DisconnectFlags(is_disconnect_packet_from_server=False)
2026-08-20 03:00:45,594 WARNING [backend.app.services.bambu_mqtt] [-] [[SERIAL]] MQTT disconnected: rc=Keep alive timeout, flags=DisconnectFlags(is_disconnect_packet_from_server=False)
2026-08-20 03:00:45,594 INFO [backend.app.main] [-] [#1752] Printer 1 connected→disconnected edge; scheduling offline notification in 60s
2026-08-20 03:01:13,850 INFO [backend.app.api.routes.cloud] [9ad0676a] get_filament_info called with 2 IDs: ['GFL95', 'GFL99']
2026-08-20 03:01:13,852 WARNING [backend.app.api.routes.cloud] [9ad0676a] Failed to get cloud preset GFL95 (API ID: GFSL95): Request failed: [Errno -3] Temporary failure in name resolution
2026-08-20 03:01:13,855 WARNING [backend.app.api.routes.cloud] [9ad0676a] Failed to get cloud preset GFL99 (API ID: GFSL99): Request failed: [Errno -3] Temporary failure in name resolution
2026-08-20 03:01:13,859 INFO [uvicorn.access] [-] [IP]:50814 - "POST /api/v1/cloud/filament-info HTTP/1.1" 200
2026-08-20 03:01:45,596 INFO [backend.app.main] [-] [#1752] Printer 1 offline debounce elapsed: still_offline=True
2026-08-20 03:01:45,598 INFO [backend.app.main] [-] [#1752] Dispatching on_printer_offline for printer 1 ([PRINTER])
2026-08-20 03:01:47,689 WARNING [backend.app.services.bambu_mqtt] [-] [[SERIAL]] Connection stale - no message for 102.1s, forcing reconnect
2026-08-20 03:01:47,690 INFO [backend.app.services.bambu_mqtt] [-] [[SERIAL]] Disconnect callback after stale reconnect (expected), rc=Normal disconnection
2026-08-20 03:01:47,690 INFO [backend.app.services.bambu_mqtt] [-] [[SERIAL]] Disconnect callback after stale reconnect (expected), rc=Normal disconnection
2026-08-20 03:01:47,693 INFO [backend.app.main] [-] [#1752] Printer 1 connected→disconnected edge; scheduling offline notification in 60s
2026-08-20 03:01:49,641 INFO [backend.app.main] [-] [#1752] Printer 1 reconnected before debounce; cancelling pending offline notification
2026-08-20 03:01:49,716 WARNING [backend.app.services.bambu_mqtt] [-] [[SERIAL]] AMS unit 0: serial number not available in version info
2026-08-20 03:01:49,716 WARNING [backend.app.services.bambu_mqtt] [-] [[SERIAL]] AMS unit 0: firmware version not available in version info
2026-08-20 03:03:48,523 INFO [uvicorn.access] [-] [IP]:34722 - "POST /api/v1/printers/camera/stream-token HTTP/1.1" 200
2026-08-20 03:05:26,930 INFO [backend.app.main] [-] Recorded 1 AMS sensor history entries
2026-08-20 03:10:26,940 INFO [backend.app.main] [-] Recorded 1 AMS sensor history entries
2026-08-20 03:15:26,951 INFO [backend.app.main] [-] Recorded 1 AMS sensor history entries
2026-08-20 03:20:26,960 INFO [backend.app.main] [-] Recorded 1 AMS sensor history entries
2026-08-20 03:25:26,968 INFO [backend.app.main] [-] Recorded 1 AMS sensor history entries
2026-08-20 03:30:26,978 INFO [backend.app.main] [-] Recorded 1 AMS sensor history entries
2026-08-20 03:35:26,989 INFO [backend.app.main] [-] Recorded 1 AMS sensor history entries
2026-08-20 03:40:26,998 INFO [backend.app.main] [-] Recorded 1 AMS sensor history entries
2026-08-20 03:45:27,008 INFO [backend.app.main] [-] Recorded 1 AMS sensor history entries
2026-08-20 03:50:27,018 INFO [backend.app.main] [-] Recorded 1 AMS sensor history entries
2026-08-20 03:53:48,548 INFO [uvicorn.access] [-] [IP]:36168 - "POST /api/v1/printers/camera/stream-token HTTP/1.1" 200
2026-08-20 03:55:27,027 INFO [backend.app.main] [-] Recorded 1 AMS sensor history entries
2026-08-20 04:00:27,038 INFO [backend.app.main] [-] Recorded 1 AMS sensor history entries
2026-08-20 04:05:27,047 INFO [backend.app.main] [-] Recorded 1 AMS sensor history entries
2026-08-20 04:10:27,056 INFO [backend.app.main] [-] Recorded 1 AMS sensor history entries
2026-08-20 04:15:27,064 INFO [backend.app.main] [-] Recorded 1 AMS sensor history entries
2026-08-20 04:20:27,071 INFO [backend.app.main] [-] Recorded 1 AMS sensor history entries
2026-08-20 04:25:27,080 INFO [backend.app.main] [-] Recorded 1 AMS sensor history entries
2026-08-20 04:30:27,090 INFO [backend.app.main] [-] Recorded 1 AMS sensor history entries
2026-08-20 04:35:27,098 INFO [backend.app.main] [-] Recorded 1 AMS sensor history entries
2026-08-20 04:40:27,107 INFO [backend.app.main] [-] Recorded 1 AMS sensor history entries
2026-08-20 04:43:48,573 INFO [uvicorn.access] [-] [IP]:37578 - "POST /api/v1/printers/camera/stream-token HTTP/1.1" 200
2026-08-20 04:45:27,115 INFO [backend.app.main] [-] Recorded 1 AMS sensor history entries
2026-08-20 04:50:27,125 INFO [backend.app.main] [-] Recorded 1 AMS sensor history entries
2026-08-20 04:55:27,136 INFO [backend.app.main] [-] Recorded 1 AMS sensor history entries
2026-08-20 05:00:27,145 INFO [backend.app.main] [-] Recorded 1 AMS sensor history entries
2026-08-20 05:05:27,154 INFO [backend.app.main] [-] Recorded 1 AMS sensor history entries
2026-08-20 05:10:27,163 INFO [backend.app.main] [-] Recorded 1 AMS sensor history entries
2026-08-20 05:15:27,174 INFO [backend.app.main] [-] Recorded 1 AMS sensor history entries
2026-08-20 05:20:27,182 INFO [backend.app.main] [-] Recorded 1 AMS sensor history entries
2026-08-20 05:25:27,194 INFO [backend.app.main] [-] Recorded 1 AMS sensor history entries
2026-08-20 05:30:27,206 INFO [backend.app.main] [-] Recorded 1 AMS sensor history entries
2026-08-20 05:33:48,596 INFO [uvicorn.access] [-] [IP]:50866 - "POST /api/v1/printers/camera/stream-token HTTP/1.1" 200
2026-08-20 05:35:27,215 INFO [backend.app.main] [-] Recorded 1 AMS sensor history entries
2026-08-20 05:40:27,226 INFO [backend.app.main] [-] Recorded 1 AMS sensor history entries
2026-08-20 05:45:27,236 INFO [backend.app.main] [-] Recorded 1 AMS sensor history entries
2026-08-20 05:50:27,242 INFO [backend.app.main] [-] Recorded 1 AMS sensor history entries
2026-08-20 05:55:27,254 INFO [backend.app.main] [-] Recorded 1 AMS sensor history entries
2026-08-20 06:00:27,266 INFO [backend.app.main] [-] Recorded 1 AMS sensor history entries
2026-08-20 06:05:27,274 INFO [backend.app.main] [-] Recorded 1 AMS sensor history entries
2026-08-20 06:10:27,284 INFO [backend.app.main] [-] Recorded 1 AMS sensor history entries
2026-08-20 06:15:27,291 INFO [backend.app.main] [-] Recorded 1 AMS sensor history entries
2026-08-20 06:20:27,304 INFO [backend.app.main] [-] Recorded 1 AMS sensor history entries
2026-08-20 06:23:48,613 INFO [uvicorn.access] [-] [IP]:46266 - "POST /api/v1/printers/camera/stream-token HTTP/1.1" 200
2026-08-20 06:25:27,313 INFO [backend.app.main] [-] Recorded 1 AMS sensor history entries
2026-08-20 06:30:27,331 INFO [backend.app.main] [-] Recorded 1 AMS sensor history entries
2026-08-20 06:35:27,341 INFO [backend.app.main] [-] Recorded 1 AMS sensor history entries
2026-08-20 06:40:27,351 INFO [backend.app.main] [-] Recorded 1 AMS sensor history entries
2026-08-20 06:45:27,358 INFO [backend.app.main] [-] Recorded 1 AMS sensor history entries
2026-08-20 06:50:27,369 INFO [backend.app.main] [-] Recorded 1 AMS sensor history entries
2026-08-20 06:55:27,380 INFO [backend.app.main] [-] Recorded 1 AMS sensor history entries
2026-08-20 07:00:27,390 INFO [backend.app.main] [-] Recorded 1 AMS sensor history entries
2026-08-20 07:05:27,398 INFO [backend.app.main] [-] Recorded 1 AMS sensor history entries
2026-08-20 07:07:05,722 INFO [backend.app.services.firmware_check] [ca2635ab] Got Bambu Lab build ID: JfEyYLrrCOlzqSTX69SAK
2026-08-20 07:10:27,411 INFO [backend.app.main] [-] Recorded 1 AMS sensor history entries
2026-08-20 07:13:48,633 INFO [uvicorn.access] [-] [IP]:37004 - "POST /api/v1/printers/camera/stream-token HTTP/1.1" 200
2026-08-20 07:15:27,421 INFO [backend.app.main] [-] Recorded 1 AMS sensor history entries
2026-08-20 07:20:27,429 INFO [backend.app.main] [-] Recorded 1 AMS sensor history entries
2026-08-20 07:25:27,436 INFO [backend.app.main] [-] Recorded 1 AMS sensor history entries
2026-08-20 07:30:27,463 INFO [backend.app.main] [-] Recorded 1 AMS sensor history entries
2026-08-20 07:35:27,470 INFO [backend.app.main] [-] Recorded 1 AMS sensor history entries
2026-08-20 07:40:27,480 INFO [backend.app.main] [-] Recorded 1 AMS sensor history entries
2026-08-20 07:45:27,489 INFO [backend.app.main] [-] Recorded 1 AMS sensor history entries
2026-08-20 07:50:27,499 INFO [backend.app.main] [-] Recorded 1 AMS sensor history entries
2026-08-20 07:55:27,511 INFO [backend.app.main] [-] Recorded 1 AMS sensor history entries
2026-08-20 07:57:22,199 INFO [backend.app.api.routes.cloud] [bc126c55] get_filament_info called with 2 IDs: ['GFL95', 'GFL99']
2026-08-20 07:57:23,062 INFO [uvicorn.access] [-] [IP]:57804 - "POST /api/v1/cloud/filament-info HTTP/1.1" 200
2026-08-20 07:59:55,584 INFO [backend.app.api.routes.support] [d4022e9c] Log level changed to DEBUG
2026-08-20 07:59:55,584 INFO [backend.app.api.routes.bug_report] [d4022e9c] Bug report: enabled debug logging
2026-08-20 07:59:55,584 DEBUG [backend.app.services.bambu_mqtt] [d4022e9c] [[SERIAL]] Requesting status update (pushall)
2026-08-20 07:59:55,585 INFO [uvicorn.access] [-] [IP]:40898 - "POST /api/v1/bug-report/start-logging HTTP/1.1" 200
2026-08-20 07:59:55,696 DEBUG [backend.app.services.bambu_mqtt] [-] [[SERIAL]] Found xcam inside print data: {'buildplate_marker_detector': True}
2026-08-20 07:59:55,697 DEBUG [backend.app.services.bambu_mqtt] [-] [[SERIAL]] Parsing xcam data - all fields: ['buildplate_marker_detector']
2026-08-20 07:59:55,697 DEBUG [backend.app.services.bambu_mqtt] [-] [[SERIAL]] Received gcode_state: FINISH, gcode_file: , subtask_name: Mini_hearts
2026-08-20 07:59:55,697 DEBUG [backend.app.services.bambu_mqtt] [-] [[SERIAL]] AMS dict fields: {'ams_exist_bits': '1', 'tray_exist_bits': 'f', 'tray_is_bbl_bits': 'f', 'tray_tar': '255', 'tray_now': '255', 'tray_pre': '255', 'tray_read_done_bits': 'f', 'tray_reading_bits': '0', 'version': 87, 'insert_flag': False, 'power_on_flag': False}
2026-08-20 07:59:55,698 DEBUG [backend.app.services.bambu_mqtt] [-] [[SERIAL]] tray_now updated: 255
2026-08-20 07:59:55,698 DEBUG [backend.app.services.bambu_mqtt] [-] [[SERIAL]] Merged AMS data: 1 new units, 1 total
2026-08-20 07:59:55,698 DEBUG [backend.app.services.bambu_mqtt] [-] [[SERIAL]] AMS 0 info=0x1002 -> extruder 0
2026-08-20 07:59:55,698 DEBUG [backend.app.services.bambu_mqtt] [-] [[SERIAL]] ams_extruder_map: {'0': 0}
2026-08-20 07:59:55,699 DEBUG [backend.app.services.bambu_mqtt] [-] [[SERIAL]] ams_status: 0 (main=0, sub=0)
2026-08-20 07:59:55,699 DEBUG [backend.app.services.bambu_mqtt] [-] [[SERIAL]] Received command response: push_status
2026-08-20 07:59:55,699 DEBUG [backend.app.services.bambu_mqtt] [-] [[SERIAL]] chamber_temper raw value: 5.0
2026-08-20 07:59:55,700 DEBUG [backend.app.services.bambu_mqtt] [-] [[SERIAL]] chamber_temper direct value: 5.0°C (heater OFF)
2026-08-20 07:59:55,700 DEBUG [backend.app.services.bambu_mqtt] [-] [[SERIAL]] Chamber heating calculated: target=0.0, current=5.0, heating=False, respect_local=False
2026-08-20 07:59:55,700 DEBUG [backend.app.services.bambu_mqtt] [-] [[SERIAL]] Chamber temp updated to: 5.0, target: 0.0, heating: False
2026-08-20 07:59:55,701 DEBUG [backend.app.services.bambu_mqtt] [-] [[SERIAL]] HMS data received: []
2026-08-20 07:59:55,701 DEBUG [backend.app.services.bambu_mqtt] [-] [[SERIAL]] ipcam field: {'ipcam_dev': '1', 'ipcam_record': 'enable', 'timelapse': 'disable', 'resolution': '1080p', 'tutk_server': 'disable', 'mode_bits': 3}
2026-08-20 07:59:55,702 DEBUG [backend.app.services.bambu_mqtt] [-] [[SERIAL]] wifi_signal received: -56dBm
2026-08-20 07:59:55,702 DEBUG [backend.app.services.bambu_mqtt] [-] [[SERIAL]] lights_report: [{'node': 'chamber_light', 'mode': 'off'}]
2026-08-20 07:59:55,702 DEBUG [backend.app.services.bambu_mqtt] [-] [[SERIAL]] gcode_state: FINISH -> FINISH, file: , subtask: Mini_hearts
2026-08-20 07:59:58,786 DEBUG [backend.app.services.bambu_mqtt] [-] [[SERIAL]] Received command response: push_status
2026-08-20 08:00:00,119 DEBUG [backend.app.services.bambu_mqtt] [-] [[SERIAL]] Received command response: push_status
2026-08-20 08:00:01,785 DEBUG [backend.app.api.routes.printers] [08a8b146] API returning ams_mapping: [], ams_extruder_map: {'0': 0}
2026-08-20 08:00:01,786 DEBUG [backend.app.api.routes.printers] [08a8b146] Using tray_now directly as global ID: 255
2026-08-20 08:00:01,856 DEBUG [backend.app.services.bambu_mqtt] [-] [[SERIAL]] Received command response: push_status
2026-08-20 08:00:01,858 DEBUG [backend.app.services.bambu_mqtt] [-] [[SERIAL]] wifi_signal received: -57dBm
2026-08-20 08:00:03,859 DEBUG [backend.app.services.bambu_mqtt] [-] [[SERIAL]] Received command response: push_status
2026-08-20 08:00:03,860 DEBUG [backend.app.services.bambu_mqtt] [-] [[SERIAL]] wifi_signal received: -56dBm
2026-08-20 08:00:08,021 DEBUG [backend.app.services.bambu_mqtt] [-] [[SERIAL]] Received command response: push_status
2026-08-20 08:00:08,022 DEBUG [backend.app.services.bambu_mqtt] [-] [[SERIAL]] wifi_signal received: -57dBm
2026-08-20 08:00:14,269 DEBUG [backend.app.services.bambu_mqtt] [-] [[SERIAL]] Received command response: push_status
2026-08-20 08:00:14,270 DEBUG [backend.app.services.bambu_mqtt] [-] [[SERIAL]] wifi_signal received: -56dBm
2026-08-20 08:00:16,221 DEBUG [backend.app.services.bambu_mqtt] [-] [[SERIAL]] Received command response: push_status
2026-08-20 08:00:16,222 DEBUG [backend.app.services.bambu_mqtt] [-] [[SERIAL]] wifi_signal received: -57dBm
2026-08-20 08:00:18,251 DEBUG [backend.app.services.bambu_mqtt] [-] [[SERIAL]] Received command response: push_status
2026-08-20 08:00:18,251 DEBUG [backend.app.services.bambu_mqtt] [-] [[SERIAL]] wifi_signal received: -56dBm