2026-08-24 14:54:22,239 INFO [backend.app.api.routes.cloud] [df953bca] get_filament_info called with 4 IDs: ['GFA01', 'GFA06', 'b140affa', 'GFA00']
2026-08-24 14:54:22,752 INFO [uvicorn.access] [-] [IP]:64598 - "POST /api/v1/cloud/filament-info HTTP/1.1" 200
2026-08-24 14:54:37,218 INFO [uvicorn.access] [-] [IP]:64606 - "PUT /api/v1/settings/ HTTP/1.1" 200
2026-08-24 14:54:39,392 WARNING [backend.app.services.obico_detection] [-] Obico ML API rejected the token (401). Set Settings → Failure Detection → ML API Token to the ML_API_TOKEN the server runs with, or clear ML_API_TOKEN on the server. (printer 1)
2026-08-24 14:54:40,001 INFO [uvicorn.access] [-] [IP]:64607 - "POST /api/v1/obico/test-connection HTTP/1.1" 200
2026-08-24 14:54:49,519 WARNING [backend.app.services.obico_detection] [-] Obico ML API rejected the token (401). Set Settings → Failure Detection → ML API Token to the ML_API_TOKEN the server runs with, or clear ML_API_TOKEN on the server. (printer 1)
2026-08-24 14:54:59,651 WARNING [backend.app.services.obico_detection] [-] Obico ML API rejected the token (401). Set Settings → Failure Detection → ML API Token to the ML_API_TOKEN the server runs with, or clear ML_API_TOKEN on the server. (printer 1)
2026-08-24 14:55:09,809 WARNING [backend.app.services.obico_detection] [-] Obico ML API rejected the token (401). Set Settings → Failure Detection → ML API Token to the ML_API_TOKEN the server runs with, or clear ML_API_TOKEN on the server. (printer 1)
2026-08-24 14:55:11,801 INFO [backend.app.main] [-] [SNAPSHOT] Capturing from external camera for printer 1
2026-08-24 14:55:11,905 INFO [backend.app.main] [-] [SNAPSHOT] External camera frame: 60673 bytes
2026-08-24 14:55:19,926 WARNING [backend.app.services.obico_detection] [-] Obico ML API rejected the token (401). Set Settings → Failure Detection → ML API Token to the ML_API_TOKEN the server runs with, or clear ML_API_TOKEN on the server. (printer 1)
2026-08-24 14:55:28,489 INFO [uvicorn.access] [-] [IP]:64617 - "PUT /api/v1/settings/ HTTP/1.1" 200
2026-08-24 14:55:32,337 INFO [uvicorn.access] [-] [IP]:64617 - "POST /api/v1/obico/test-connection HTTP/1.1" 200
2026-08-24 14:55:46,117 INFO [uvicorn.access] [-] [IP]:64612 - "PUT /api/v1/settings/ HTTP/1.1" 200
2026-08-24 14:55:54,936 INFO [uvicorn.access] [-] [IP]:64618 - "POST /api/v1/printers/camera/stream-token HTTP/1.1" 200
2026-08-24 14:56:02,602 INFO [backend.app.main] [-] [SNAPSHOT] Capturing from external camera for printer 1
2026-08-24 14:56:02,711 INFO [backend.app.main] [-] [SNAPSHOT] External camera frame: 59756 bytes
2026-08-24 14:56:39,186 INFO [backend.app.main] [-] [SNAPSHOT] Capturing from external camera for printer 1
2026-08-24 14:56:39,304 INFO [backend.app.main] [-] [SNAPSHOT] External camera frame: 61505 bytes
2026-08-24 14:56:48,970 INFO [backend.app.api.routes.websocket] [-] WebSocket client disconnected normally
2026-08-24 14:56:49,071 INFO [backend.app.services.print_scheduler] [-] Print scheduler stopped
2026-08-24 14:56:49,071 INFO [backend.app.services.smart_plug_manager] [-] Smart plug scheduler stopped
2026-08-24 14:56:49,072 INFO [backend.app.services.smart_plug_manager] [-] Smart plug energy snapshot loop stopped
2026-08-24 14:56:49,072 INFO [backend.app.services.ha_sensor_manager] [-] Home Assistant sensor poller stopped
2026-08-24 14:56:49,072 INFO [backend.app.services.notification_service] [-] Notification digest scheduler stopped
2026-08-24 14:56:49,072 INFO [backend.app.services.github_backup] [-] Stopped GitHub backup scheduler
2026-08-24 14:56:49,072 INFO [backend.app.services.local_backup] [-] Stopped local backup scheduler
2026-08-24 14:56:49,072 INFO [backend.app.services.library_trash] [-] Stopped library trash sweeper
2026-08-24 14:56:49,072 INFO [backend.app.services.archive_purge] [-] Stopped archive auto-purge sweeper
2026-08-24 14:56:49,073 INFO [backend.app.services.obico_detection] [-] Stopped Obico detection service
2026-08-24 14:56:49,073 INFO [backend.app.main] [-] AMS history recording stopped
2026-08-24 14:56:49,073 INFO [backend.app.main] [-] Printer sensor history recording stopped
2026-08-24 14:56:49,073 INFO [backend.app.main] [-] Printer runtime tracking stopped
2026-08-24 14:56:49,073 INFO [backend.app.main] [-] SpoolBuddy watchdog stopped
2026-08-24 14:56:49,073 INFO [backend.app.main] [-] Camera stream cleanup stopped
2026-08-24 14:56:49,073 INFO [backend.app.main] [-] Printer connection watchdog stopped
2026-08-24 14:56:49,073 INFO [backend.app.services.loop_watchdog] [-] Event-loop stall watchdog stopped
2026-08-24 14:56:49,073 INFO [backend.app.main] [-] Expected prints cleanup stopped
2026-08-24 14:56:49,073 INFO [backend.app.main] [-] Auth periodic cleanup stopped
2026-08-24 14:56:49,074 INFO [backend.app.services.virtual_printer.manager] [-] Stopping all virtual printer services...
2026-08-24 14:56:49,074 INFO [backend.app.services.virtual_printer.manager] [-] All virtual printer services stopped
2026-08-24 14:56:49,092 INFO [root] [-] WAL checkpoint completed
2026-08-24 14:56:51,424 INFO [root] [-] Logging to file: /app/logs/bambuddy.log
2026-08-24 14:56:51,425 INFO [root] [-] Bambuddy starting - debug=False, log_level=INFO
2026-08-24 14:56:52,586 INFO [backend.app.services.mqtt_relay] [-] MQTT relay disabled
2026-08-24 14:56:53,428 WARNING [backend.app.services.bambu_mqtt] [-] [[SERIAL]] MQTT disconnected: rc=Unspecified error, flags=DisconnectFlags(is_disconnect_packet_from_server=False)
2026-08-24 14:56:53,428 WARNING [backend.app.services.bambu_mqtt] [-] [[SERIAL]] Disconnected shortly after request topic subscription. Disabling request topic for this printer.
2026-08-24 14:56:53,429 INFO [backend.app.main] [-] [#1752] Printer 1 connected→disconnected edge; scheduling offline notification in 60s
2026-08-24 14:56:53,595 INFO [backend.app.services.smart_plug_manager] [-] Smart plug scheduler started
2026-08-24 14:56:53,595 INFO [backend.app.services.smart_plug_manager] [-] Smart plug energy snapshot loop started
2026-08-24 14:56:53,595 INFO [backend.app.services.ha_sensor_manager] [-] Home Assistant sensor poller started
2026-08-24 14:56:53,597 INFO [backend.app.services.print_scheduler] [-] Print scheduler started
2026-08-24 14:56:53,599 INFO [backend.app.services.notification_service] [-] Notification digest scheduler started
2026-08-24 14:56:53,599 INFO [backend.app.services.github_backup] [-] Starting GitHub backup scheduler
2026-08-24 14:56:53,599 INFO [backend.app.services.local_backup] [-] Starting local backup scheduler
2026-08-24 14:56:53,601 INFO [backend.app.services.obico_detection] [-] Starting Obico detection service
2026-08-24 14:56:53,602 INFO [backend.app.services.library_trash] [-] Starting library trash sweeper
2026-08-24 14:56:53,602 INFO [backend.app.services.archive_purge] [-] Starting archive auto-purge sweeper
2026-08-24 14:56:53,602 INFO [backend.app.main] [-] AMS history recording started
2026-08-24 14:56:53,602 INFO [backend.app.main] [-] Printer sensor history recording started
2026-08-24 14:56:53,602 INFO [backend.app.main] [-] Printer runtime tracking started
2026-08-24 14:56:53,602 INFO [backend.app.main] [-] SpoolBuddy watchdog started
2026-08-24 14:56:53,602 INFO [backend.app.main] [-] Camera stream cleanup started
2026-08-24 14:56:53,602 INFO [backend.app.main] [-] Printer connection watchdog started
2026-08-24 14:56:53,651 INFO [backend.app.services.layer_timelapse] [-] Removed orphaned timelapse artifact: /app/data/timelapse_frames/1/20260824_133640
2026-08-24 14:56:53,651 INFO [backend.app.main] [-] Removed 1 orphaned timelapse session artifact(s)
2026-08-24 14:56:53,651 INFO [backend.app.main] [-] Expected prints cleanup started
2026-08-24 14:56:53,651 INFO [backend.app.main] [-] Auth periodic cleanup started
2026-08-24 14:56:53,652 INFO [backend.app.services.loop_watchdog] [-] Event-loop stall watchdog started — dumps all thread stacks to stderr if the loop stalls for more than 30s
2026-08-24 14:56:53,655 INFO [root] [-] Virtual printer manager synced from database
2026-08-24 14:56:55,151 INFO [uvicorn.access] [-] [IP]:64637 - "POST /api/v1/auth/ws-token HTTP/1.1" 200
2026-08-24 14:56:55,168 INFO [backend.app.api.routes.websocket] [-] WebSocket client connecting (principal=[USER])
2026-08-24 14:56:55,170 INFO [backend.app.api.routes.websocket] [-] WebSocket client connected
2026-08-24 14:56:55,170 INFO [backend.app.api.routes.websocket] [-] Sent initial status for 1 printers
2026-08-24 14:56:55,225 INFO [backend.app.main] [-] [#1752] Printer 1 reconnected before debounce; cancelling pending offline notification
2026-08-24 14:56:55,279 INFO [backend.app.services.bambu_mqtt] [-] [[SERIAL]] RUNNING observed without PRINT START (restart-recovery) - file: [200mm]_Filament_Swatch_Organizer_Box_External_Magnet.3mf, subtask: _200mm__Filament_Swatch_Organizer_Box_External_Magnet
2026-08-24 14:56:55,280 INFO [backend.app.main] [-] [Printer 1] Broadcasting AMS change via WebSocket
2026-08-24 14:56:55,281 INFO [backend.app.main] [-] [Printer 1] Broadcasting AMS change via WebSocket
2026-08-24 14:56:55,285 INFO [backend.app.services.bambu_mqtt] [-] [[SERIAL]] Firmware version: 01.08.01.00
2026-08-24 14:56:55,285 WARNING [backend.app.services.bambu_mqtt] [-] [[SERIAL]] AMS unit 0: serial number not available in version info
2026-08-24 14:56:55,285 WARNING [backend.app.services.bambu_mqtt] [-] [[SERIAL]] AMS unit 0: firmware version not available in version info
2026-08-24 14:56:55,293 INFO [backend.app.main] [-] [RESTART] Restored active Bambuddy print for printer 1
2026-08-24 14:56:55,297 INFO [backend.app.main] [-] [SNAPSHOT] Capturing from external camera for printer 1
2026-08-24 14:56:55,300 INFO [backend.app.main] [-] [SNAPSHOT] Capturing from external camera for printer 1
2026-08-24 14:56:55,303 INFO [backend.app.services.usage_tracker] [-] [UsageTracker] Restored print session for printer 1: plate_id=1, ams_mapping=None, 4 assignments, tray_change_log=[[2, 0]]
2026-08-24 14:56:55,310 INFO [backend.app.api.routes.printers] [b37b3bba] Trying to download cover for '_200mm__Filament_Swatch_Organizer_Box_External_Magnet' from [IP] (trying 8 paths)
2026-08-24 14:56:55,403 INFO [backend.app.main] [-] [SNAPSHOT] External camera frame: 62743 bytes
2026-08-24 14:56:55,403 INFO [backend.app.main] [-] [SNAPSHOT] External camera frame: 62743 bytes
2026-08-24 14:56:56,109 INFO [backend.app.services.bambu_ftp] [-] FTP connected successfully to [IP] (model=A1, prot_c=False)
2026-08-24 14:56:56,186 INFO [backend.app.services.bambu_ftp] [-] FTP download failed for /_200mm__Filament_Swatch_Organizer_Box_External_Magnet.gcode.3mf: 550  (not on printer)
2026-08-24 14:56:56,220 INFO [backend.app.services.notification_service] [-] Sent notification via Discord
2026-08-24 14:56:56,253 INFO [backend.app.services.bambu_ftp] [-] FTP download failed for /cache/_200mm__Filament_Swatch_Organizer_Box_External_Magnet.gcode.3mf: 550  (not on printer)
2026-08-24 14:56:56,299 INFO [backend.app.services.bambu_ftp] [-] FTP download failed for /model/_200mm__Filament_Swatch_Organizer_Box_External_Magnet.gcode.3mf: 550  (not on printer)
2026-08-24 14:56:56,350 INFO [backend.app.services.bambu_ftp] [-] FTP download failed for /data/_200mm__Filament_Swatch_Organizer_Box_External_Magnet.gcode.3mf: 550  (not on printer)
2026-08-24 14:56:57,095 INFO [backend.app.services.bambu_ftp] [-] FTP download failed for /_200mm__Filament_Swatch_Organizer_Box_External_Magnet.3mf: 550  (not on printer)
2026-08-24 14:56:57,276 INFO [backend.app.services.bambu_ftp] [-] FTP download failed for /cache/_200mm__Filament_Swatch_Organizer_Box_External_Magnet.3mf: 550  (not on printer)
2026-08-24 14:56:57,309 INFO [backend.app.services.bambu_ftp] [-] FTP connected successfully to [IP] (model=A1, prot_c=False)
2026-08-24 14:56:57,453 INFO [backend.app.services.bambu_ftp] [-] FTP download failed for /model/_200mm__Filament_Swatch_Organizer_Box_External_Magnet.3mf: 550  (not on printer)
2026-08-24 14:56:57,532 INFO [backend.app.services.bambu_ftp] [-] FTP download failed for /data/_200mm__Filament_Swatch_Organizer_Box_External_Magnet.3mf: 550  (not on printer)
2026-08-24 14:56:58,282 INFO [backend.app.main] [-] [TIMELAPSE] Baseline at print start: 1 video files for printer 1
2026-08-24 14:56:58,351 INFO [backend.app.services.bambu_ftp] [-] FTP connected successfully to [IP] (model=A1, prot_c=False)
2026-08-24 14:56:58,388 INFO [backend.app.services.bambu_ftp] [-] FTP download failed for /_200mm__Filament_Swatch_Organizer_Box_External_Magnet.gcode.3mf: 550  (not on printer)
2026-08-24 14:56:58,458 INFO [backend.app.services.bambu_ftp] [-] FTP download failed for /cache/_200mm__Filament_Swatch_Organizer_Box_External_Magnet.gcode.3mf: 550  (not on printer)
2026-08-24 14:56:58,518 INFO [backend.app.services.bambu_ftp] [-] FTP download failed for /model/_200mm__Filament_Swatch_Organizer_Box_External_Magnet.gcode.3mf: 550  (not on printer)
2026-08-24 14:56:58,570 INFO [backend.app.services.bambu_ftp] [-] FTP download failed for /data/_200mm__Filament_Swatch_Organizer_Box_External_Magnet.gcode.3mf: 550  (not on printer)
2026-08-24 14:56:58,631 INFO [backend.app.services.bambu_ftp] [-] FTP download failed for /_200mm__Filament_Swatch_Organizer_Box_External_Magnet.3mf: 550  (not on printer)
2026-08-24 14:56:58,768 INFO [backend.app.services.bambu_ftp] [-] FTP download failed for /cache/_200mm__Filament_Swatch_Organizer_Box_External_Magnet.3mf: 550  (not on printer)
2026-08-24 14:56:58,840 INFO [backend.app.services.bambu_ftp] [-] FTP download failed for /model/_200mm__Filament_Swatch_Organizer_Box_External_Magnet.3mf: 550  (not on printer)
2026-08-24 14:56:58,893 INFO [backend.app.services.bambu_ftp] [-] FTP download failed for /data/_200mm__Filament_Swatch_Organizer_Box_External_Magnet.3mf: 550  (not on printer)
2026-08-24 14:56:59,694 INFO [backend.app.services.bambu_ftp] [-] FTP connected successfully to [IP] (model=A1, prot_c=False)
2026-08-24 14:56:59,725 INFO [backend.app.services.bambu_ftp] [-] FTP download failed for /_200mm__Filament_Swatch_Organizer_Box_External_Magnet.gcode.3mf: 550  (not on printer)
2026-08-24 14:56:59,823 INFO [backend.app.services.bambu_ftp] [-] FTP download failed for /cache/_200mm__Filament_Swatch_Organizer_Box_External_Magnet.gcode.3mf: 550  (not on printer)
2026-08-24 14:56:59,877 INFO [backend.app.services.bambu_ftp] [-] FTP download failed for /model/_200mm__Filament_Swatch_Organizer_Box_External_Magnet.gcode.3mf: 550  (not on printer)
2026-08-24 14:56:59,925 INFO [backend.app.services.bambu_ftp] [-] FTP download failed for /data/_200mm__Filament_Swatch_Organizer_Box_External_Magnet.gcode.3mf: 550  (not on printer)
2026-08-24 14:57:00,055 INFO [backend.app.services.bambu_ftp] [-] FTP download failed for /_200mm__Filament_Swatch_Organizer_Box_External_Magnet.3mf: 550  (not on printer)
2026-08-24 14:57:00,122 INFO [backend.app.services.bambu_ftp] [-] FTP download failed for /cache/_200mm__Filament_Swatch_Organizer_Box_External_Magnet.3mf: 550  (not on printer)
2026-08-24 14:57:00,191 INFO [backend.app.services.bambu_ftp] [-] FTP download failed for /model/_200mm__Filament_Swatch_Organizer_Box_External_Magnet.3mf: 550  (not on printer)
2026-08-24 14:57:00,255 INFO [backend.app.services.bambu_ftp] [-] FTP download failed for /data/_200mm__Filament_Swatch_Organizer_Box_External_Magnet.3mf: 550  (not on printer)
2026-08-24 14:57:00,286 INFO [uvicorn.access] [-] [IP]:64641 - "POST /api/v1/printers/camera/stream-token HTTP/1.1" 200
2026-08-24 14:57:00,629 INFO [backend.app.services.bambu_mqtt] [-] [[SERIAL]] Probing developer mode via ams_filament_setting (seq=5)
2026-08-24 14:57:00,640 INFO [backend.app.services.bambu_mqtt] [-] [[SERIAL]] Developer mode probe: ENABLED (result='success')
2026-08-24 14:57:03,664 INFO [backend.app.main] [-] Recorded 1 AMS sensor history entries
2026-08-24 14:57:14,760 INFO [backend.app.api.routes.websocket] [-] WebSocket client disconnected normally
2026-08-24 14:57:15,066 INFO [uvicorn.access] [-] [IP]:64646 - "POST /api/v1/printers/camera/stream-token HTTP/1.1" 200
2026-08-24 14:57:15,153 INFO [uvicorn.access] [-] [IP]:64645 - "POST /api/v1/auth/ws-token HTTP/1.1" 200
2026-08-24 14:57:15,167 INFO [backend.app.api.routes.websocket] [-] WebSocket client connecting (principal=[USER])
2026-08-24 14:57:15,171 INFO [backend.app.api.routes.websocket] [-] WebSocket client connected
2026-08-24 14:57:15,171 INFO [backend.app.api.routes.websocket] [-] Sent initial status for 1 printers
2026-08-24 14:57:15,235 INFO [backend.app.api.routes.cloud] [37bbb4eb] get_filament_info called with 4 IDs: ['GFA01', 'GFA06', 'b140affa', 'GFA00']
2026-08-24 14:57:15,266 INFO [uvicorn.access] [-] [IP]:64646 - "POST /api/v1/printers/camera/stream-token HTTP/1.1" 200
2026-08-24 14:57:15,730 INFO [uvicorn.access] [-] [IP]:64644 - "POST /api/v1/cloud/filament-info HTTP/1.1" 200
2026-08-24 14:57:23,673 INFO [backend.app.services.smart_plug_manager] [-] Captured 1 energy snapshot(s)
2026-08-24 14:57:35,293 INFO [backend.app.main] [-] [SNAPSHOT] Capturing from external camera for printer 1
2026-08-24 14:57:35,408 INFO [backend.app.main] [-] [SNAPSHOT] External camera frame: 61474 bytes
2026-08-24 14:58:22,017 INFO [backend.app.main] [-] [SNAPSHOT] Capturing from external camera for printer 1
2026-08-24 14:58:22,120 INFO [backend.app.main] [-] [SNAPSHOT] External camera frame: 61537 bytes
2026-08-24 14:59:12,817 INFO [backend.app.main] [-] [SNAPSHOT] Capturing from external camera for printer 1
2026-08-24 14:59:12,843 INFO [backend.app.main] [-] [SNAPSHOT] External camera frame: 62299 bytes
2026-08-24 15:00:00,067 INFO [backend.app.services.smart_plug_manager] [-] Captured 1 energy snapshot(s)
2026-08-24 15:00:01,593 INFO [backend.app.main] [-] [SNAPSHOT] Capturing from external camera for printer 1
2026-08-24 15:00:01,707 INFO [backend.app.main] [-] [SNAPSHOT] External camera frame: 64643 bytes
2026-08-24 15:00:34,149 INFO [backend.app.main] [-] [SNAPSHOT] Capturing from external camera for printer 1
2026-08-24 15:00:34,263 INFO [backend.app.main] [-] [SNAPSHOT] External camera frame: 64734 bytes
2026-08-24 15:01:45,256 INFO [backend.app.main] [-] [SNAPSHOT] Capturing from external camera for printer 1
2026-08-24 15:01:45,372 INFO [backend.app.main] [-] [SNAPSHOT] External camera frame: 64408 bytes
2026-08-24 15:02:03,669 INFO [backend.app.main] [-] Recorded 1 AMS sensor history entries
2026-08-24 15:02:23,943 INFO [backend.app.main] [-] [SNAPSHOT] Capturing from external camera for printer 1
2026-08-24 15:02:24,639 INFO [backend.app.main] [-] [SNAPSHOT] External camera frame: 61114 bytes
2026-08-24 15:03:24,945 INFO [backend.app.main] [-] [SNAPSHOT] Capturing from external camera for printer 1
2026-08-24 15:03:25,058 INFO [backend.app.main] [-] [SNAPSHOT] External camera frame: 60434 bytes
2026-08-24 15:04:13,654 INFO [backend.app.main] [-] [SNAPSHOT] Capturing from external camera for printer 1
2026-08-24 15:04:13,755 INFO [backend.app.main] [-] [SNAPSHOT] External camera frame: 60472 bytes
2026-08-24 15:05:02,408 INFO [backend.app.main] [-] [SNAPSHOT] Capturing from external camera for printer 1
2026-08-24 15:05:02,523 INFO [backend.app.main] [-] [SNAPSHOT] External camera frame: 60863 bytes
2026-08-24 15:05:53,204 INFO [backend.app.main] [-] [SNAPSHOT] Capturing from external camera for printer 1
2026-08-24 15:05:54,190 INFO [backend.app.main] [-] [SNAPSHOT] External camera frame: 62689 bytes
2026-08-24 15:06:20,935 INFO [backend.app.api.routes.cloud] [c35c58bd] get_filament_info called with 4 IDs: ['GFA01', 'GFA06', 'b140affa', 'GFA00']
2026-08-24 15:06:21,491 INFO [uvicorn.access] [-] [IP]:64663 - "POST /api/v1/cloud/filament-info HTTP/1.1" 200
2026-08-24 15:06:42,920 INFO [backend.app.main] [-] [SNAPSHOT] Capturing from external camera for printer 1
2026-08-24 15:06:43,480 INFO [backend.app.services.camera] [a97b214b] Found ffmpeg at: /usr/bin/ffmpeg
2026-08-24 15:06:44,912 INFO [backend.app.main] [-] [SNAPSHOT] External camera frame: 58338 bytes
2026-08-24 15:07:03,674 INFO [backend.app.main] [-] Recorded 1 AMS sensor history entries
2026-08-24 15:07:32,168 INFO [backend.app.main] [-] [SNAPSHOT] Capturing from external camera for printer 1
2026-08-24 15:07:32,293 INFO [backend.app.main] [-] [SNAPSHOT] External camera frame: 56498 bytes
2026-08-24 15:08:07,491 INFO [backend.app.main] [-] [SNAPSHOT] Capturing from external camera for printer 1
2026-08-24 15:08:07,612 INFO [backend.app.main] [-] [SNAPSHOT] External camera frame: 61245 bytes
2026-08-24 15:08:40,121 INFO [backend.app.api.routes.support] [ba0d82dd] Log level changed to DEBUG
2026-08-24 15:08:40,122 INFO [backend.app.api.routes.bug_report] [ba0d82dd] Bug report: enabled debug logging
2026-08-24 15:08:40,122 DEBUG [backend.app.services.bambu_mqtt] [ba0d82dd] [[SERIAL]] Requesting status update (pushall)
2026-08-24 15:08:40,122 INFO [uvicorn.access] [-] [IP]:64687 - "POST /api/v1/bug-report/start-logging HTTP/1.1" 200
2026-08-24 15:08:40,171 DEBUG [backend.app.services.bambu_mqtt] [-] [[SERIAL]] Found xcam inside print data: {'buildplate_marker_detector': False}
2026-08-24 15:08:40,171 DEBUG [backend.app.services.bambu_mqtt] [-] [[SERIAL]] Parsing xcam data - all fields: ['buildplate_marker_detector']
2026-08-24 15:08:40,171 DEBUG [backend.app.services.bambu_mqtt] [-] [[SERIAL]] Received gcode_state: RUNNING, gcode_file: [200mm]_Filament_Swatch_Organizer_Box_External_Magnet.3mf, subtask_name: _200mm__Filament_Swatch_Organizer_Box_External_Magnet
2026-08-24 15:08:40,172 DEBUG [backend.app.services.bambu_mqtt] [-] [[SERIAL]] AMS dict fields: {'ams_exist_bits': '1', 'tray_exist_bits': 'f', 'tray_is_bbl_bits': 'f', 'tray_tar': '2', 'tray_now': '2', 'tray_pre': '2', 'tray_read_done_bits': 'f', 'tray_reading_bits': '0', 'version': 151, 'insert_flag': True, 'power_on_flag': True}
2026-08-24 15:08:40,172 DEBUG [backend.app.services.bambu_mqtt] [-] [[SERIAL]] tray_now updated: 2
2026-08-24 15:08:40,172 DEBUG [backend.app.services.bambu_mqtt] [-] [[SERIAL]] Merged AMS data: 1 new units, 1 total
2026-08-24 15:08:40,172 DEBUG [backend.app.services.bambu_mqtt] [-] [[SERIAL]] AMS 0 info=0x1002 -> extruder 0
2026-08-24 15:08:40,172 DEBUG [backend.app.services.bambu_mqtt] [-] [[SERIAL]] ams_extruder_map: {'0': 0}
2026-08-24 15:08:40,172 DEBUG [backend.app.services.bambu_mqtt] [-] [[SERIAL]] ams_status: 768 (main=3, sub=0)
2026-08-24 15:08:40,172 DEBUG [backend.app.services.bambu_mqtt] [-] [[SERIAL]] Received command response: push_status
2026-08-24 15:08:40,172 DEBUG [backend.app.services.bambu_mqtt] [-] [[SERIAL]] chamber_temper raw value: 5.0
2026-08-24 15:08:40,172 DEBUG [backend.app.services.bambu_mqtt] [-] [[SERIAL]] chamber_temper direct value: 5.0°C (heater OFF)
2026-08-24 15:08:40,172 DEBUG [backend.app.services.bambu_mqtt] [-] [[SERIAL]] Chamber heating calculated: target=0.0, current=5.0, heating=False, respect_local=False
2026-08-24 15:08:40,172 DEBUG [backend.app.services.bambu_mqtt] [-] [[SERIAL]] Chamber temp updated to: 5.0, target: 0.0, heating: False
2026-08-24 15:08:40,173 DEBUG [backend.app.services.bambu_mqtt] [-] [[SERIAL]] HMS data received: []
2026-08-24 15:08:40,173 DEBUG [backend.app.services.bambu_mqtt] [-] [[SERIAL]] ipcam field: {'ipcam_dev': '1', 'ipcam_record': 'enable', 'timelapse': 'disable', 'resolution': '1080p', 'tutk_server': 'disable', 'mode_bits': 3}
2026-08-24 15:08:40,173 DEBUG [backend.app.services.bambu_mqtt] [-] [[SERIAL]] wifi_signal received: -40dBm
2026-08-24 15:08:40,173 DEBUG [backend.app.services.bambu_mqtt] [-] [[SERIAL]] lights_report: [{'node': 'chamber_light', 'mode': 'off'}]
2026-08-24 15:08:40,173 DEBUG [backend.app.services.bambu_mqtt] [-] [[SERIAL]] gcode_state: RUNNING -> RUNNING, file: [200mm]_Filament_Swatch_Organizer_Box_External_Magnet.3mf, subtask: _200mm__Filament_Swatch_Organizer_Box_External_Magnet
2026-08-24 15:08:40,682 DEBUG [backend.app.services.external_camera] [-] capture_frame using snapshot override url=http://[IP]:1984/api/frame.jpeg?src=printe...
2026-08-24 15:08:42,210 DEBUG [backend.app.services.bambu_mqtt] [-] [[SERIAL]] Received command response: push_status
2026-08-24 15:08:42,211 DEBUG [backend.app.services.bambu_mqtt] [-] [[SERIAL]] wifi_signal received: -42dBm
2026-08-24 15:08:44,230 DEBUG [backend.app.services.bambu_mqtt] [-] [[SERIAL]] Received command response: push_status
2026-08-24 15:08:44,230 DEBUG [backend.app.services.bambu_mqtt] [-] [[SERIAL]] wifi_signal received: -39dBm
2026-08-24 15:08:48,275 DEBUG [backend.app.services.bambu_mqtt] [-] [[SERIAL]] Received command response: push_status
2026-08-24 15:08:50,304 DEBUG [backend.app.services.bambu_mqtt] [-] [[SERIAL]] Received command response: push_status
2026-08-24 15:08:50,305 DEBUG [backend.app.services.bambu_mqtt] [-] [[SERIAL]] wifi_signal received: -41dBm
2026-08-24 15:08:52,347 DEBUG [backend.app.services.bambu_mqtt] [-] [[SERIAL]] Received command response: push_status
2026-08-24 15:08:52,347 DEBUG [backend.app.services.bambu_mqtt] [-] [[SERIAL]] wifi_signal received: -42dBm
2026-08-24 15:08:52,396 DEBUG [backend.app.services.external_camera] [-] capture_frame using snapshot override url=http://[IP]:1984/api/frame.jpeg?src=printe...