2026-08-22 11:06:14,033 DEBUG [backend.app.services.bambu_mqtt] [-] [[SERIAL]] ams_status: 0 (main=0, sub=0)
2026-08-22 11:06:14,033 DEBUG [backend.app.services.bambu_mqtt] [-] [[SERIAL]] Received command response: push_status
2026-08-22 11:06:14,033 DEBUG [backend.app.services.bambu_mqtt] [-] [[SERIAL]] device.extruder.state=274 (switch_state bits 12-14: 0)
2026-08-22 11:06:14,033 DEBUG [backend.app.services.bambu_mqtt] [-] [[SERIAL]] info.temp direct: 25°C (heater OFF)
2026-08-22 11:06:14,034 DEBUG [backend.app.services.bambu_mqtt] [-] [[SERIAL]] ctc_info keys: ['temp']
2026-08-22 11:06:14,034 DEBUG [backend.app.services.bambu_mqtt] [-] [[SERIAL]] Chamber heating calculated: target=0.0, current=25.0, heating=False, respect_local=False
2026-08-22 11:06:14,034 DEBUG [backend.app.services.bambu_mqtt] [-] [[SERIAL]] Chamber temp updated to: 25.0, target: 0.0, heating: False
2026-08-22 11:06:14,034 DEBUG [backend.app.services.bambu_mqtt] [-] [[SERIAL]] HMS data received: [{'attr': 83952640, 'code': 196610}, {'attr': 83952640, 'code': 196612}]
2026-08-22 11:06:14,035 DEBUG [backend.app.services.bambu_mqtt] [-] [[SERIAL]] ipcam field: {'agora_service': 'disable', 'brtc_service': 'enable', 'bs_state': 0, 'cap_pic_enable': 'invalid', 'ipcam_dev': '1', 'ipcam_record': 'enable', 'laser_preview_res': 5, 'mode_bits': 2, 'resolution': '1080p', 'rtsp_url': 'rtsps://[IP]:322/streaming/live/1', 'timelapse': 'disable', 'tl_store_hpd_type': 2, 'tl_store_path_type': 2, 'tutk_server': 'disable'}
2026-08-22 11:06:14,035 DEBUG [backend.app.services.bambu_mqtt] [-] [[SERIAL]] wifi_signal received: -62dBm
2026-08-22 11:06:14,035 DEBUG [backend.app.services.bambu_mqtt] [-] [[SERIAL]] lights_report: [{'mode': 'off', 'node': 'chamber_light'}, {'mode': 'flashing', 'node': 'work_light'}, {'mode': 'off', 'node': 'chamber_light2'}]
2026-08-22 11:06:14,035 DEBUG [backend.app.services.bambu_mqtt] [-] [[SERIAL]] MQTT mapping field: []
2026-08-22 11:06:14,036 DEBUG [backend.app.services.bambu_mqtt] [-] [[SERIAL]] gcode_state: IDLE -> IDLE, file: , subtask: 
2026-08-22 11:06:15,543 DEBUG [backend.app.services.bambu_mqtt] [-] [[SERIAL]] Found xcam inside print data: {'allow_skip_parts': False, 'buildplate_marker_detector': True, 'cfg': 1797559, 'first_layer_inspector': True, 'halt_print_sensitivity': 'medium', 'print_halt': True, 'printing_monitor': True, 'spaghetti_detector': True}
2026-08-22 11:06:15,563 DEBUG [backend.app.services.bambu_mqtt] [-] [[SERIAL]] Parsing xcam data - all fields: ['allow_skip_parts', 'buildplate_marker_detector', 'cfg', 'first_layer_inspector', 'halt_print_sensitivity', 'print_halt', 'printing_monitor', 'spaghetti_detector']
2026-08-22 11:06:15,565 DEBUG [backend.app.services.bambu_mqtt] [-] [[SERIAL]] xcam cfg bitmask: 1797559 (binary: 0b110110110110110110111)
2026-08-22 11:06:15,567 DEBUG [backend.app.services.bambu_mqtt] [-] [[SERIAL]] Received gcode_state: IDLE, gcode_file: , subtask_name: 
2026-08-22 11:06:15,570 DEBUG [backend.app.services.bambu_mqtt] [-] [[SERIAL]] ams_extruder_map: {'0': 0, '1': 1}
2026-08-22 11:06:15,581 DEBUG [backend.app.services.bambu_mqtt] [-] [[SERIAL]] Received command response: push_status
2026-08-22 11:06:15,694 DEBUG [backend.app.services.bambu_mqtt] [-] [[SERIAL]] Received command response: push_status
2026-08-22 11:06:15,696 DEBUG [backend.app.services.bambu_mqtt] [-] [[SERIAL]] HMS data received: [{'attr': 83952640, 'code': 196610}, {'attr': 83952640, 'code': 196612}]
2026-08-22 11:06:15,697 DEBUG [backend.app.services.bambu_mqtt] [-] [[SERIAL]] lights_report: [{'mode': 'off', 'node': 'chamber_light'}, {'mode': 'flashing', 'node': 'work_light'}, {'mode': 'off', 'node': 'chamber_light2'}]
2026-08-22 11:06:15,697 DEBUG [backend.app.services.bambu_mqtt] [-] [[SERIAL]] MQTT mapping field: []
2026-08-22 11:06:15,697 DEBUG [backend.app.services.bambu_mqtt] [-] [[SERIAL]] gcode_state: IDLE -> IDLE, file: , subtask: 
2026-08-22 11:06:16,687 DEBUG [backend.app.services.virtual_printer.ssdp_server] [-] Sent SSDP NOTIFY for Bambuddy (Location=[IP], USN=09400A391800001, bind=[IP])
2026-08-22 11:06:16,872 DEBUG [backend.app.services.bambu_mqtt] [-] [[SERIAL]] Found xcam inside print data: {'allow_skip_parts': False, 'buildplate_marker_detector': True, 'cfg': 1797559, 'first_layer_inspector': True, 'halt_print_sensitivity': 'medium', 'print_halt': True, 'printing_monitor': True, 'spaghetti_detector': True}
2026-08-22 11:06:16,887 DEBUG [backend.app.services.bambu_mqtt] [-] [[SERIAL]] Parsing xcam data - all fields: ['allow_skip_parts', 'buildplate_marker_detector', 'cfg', 'first_layer_inspector', 'halt_print_sensitivity', 'print_halt', 'printing_monitor', 'spaghetti_detector']
2026-08-22 11:06:16,887 DEBUG [backend.app.services.bambu_mqtt] [-] [[SERIAL]] xcam cfg bitmask: 1797559 (binary: 0b110110110110110110111)
2026-08-22 11:06:16,891 DEBUG [backend.app.services.bambu_mqtt] [-] [[SERIAL]] Received gcode_state: IDLE, gcode_file: , subtask_name: 
2026-08-22 11:06:16,891 DEBUG [backend.app.services.bambu_mqtt] [-] [[SERIAL]] ams_extruder_map: {'0': 0, '1': 1}
2026-08-22 11:06:16,893 DEBUG [backend.app.services.bambu_mqtt] [-] [[SERIAL]] Received command response: push_status
2026-08-22 11:06:16,893 DEBUG [backend.app.services.bambu_mqtt] [-] [[SERIAL]] HMS data received: [{'attr': 83952640, 'code': 196610}, {'attr': 83952640, 'code': 196612}]
2026-08-22 11:06:16,894 DEBUG [backend.app.services.bambu_mqtt] [-] [[SERIAL]] lights_report: [{'mode': 'off', 'node': 'chamber_light'}, {'mode': 'flashing', 'node': 'work_light'}, {'mode': 'off', 'node': 'chamber_light2'}]
2026-08-22 11:06:16,894 DEBUG [backend.app.services.bambu_mqtt] [-] [[SERIAL]] MQTT mapping field: []
2026-08-22 11:06:16,911 DEBUG [backend.app.services.bambu_mqtt] [-] [[SERIAL]] gcode_state: IDLE -> IDLE, file: , subtask: 
2026-08-22 11:06:17,596 DEBUG [backend.app.services.bambu_mqtt] [-] [[SERIAL]] Received command response: push_status
2026-08-22 11:06:17,596 DEBUG [backend.app.services.bambu_mqtt] [-] [[SERIAL]] wifi_signal received: -32dBm
2026-08-22 11:06:18,408 DEBUG [backend.app.services.bambu_mqtt] [-] [[SERIAL]] Found xcam inside print data: {'allow_skip_parts': False, 'buildplate_marker_detector': True, 'cfg': 1797559, 'first_layer_inspector': True, 'halt_print_sensitivity': 'medium', 'print_halt': True, 'printing_monitor': True, 'spaghetti_detector': True}
2026-08-22 11:06:18,427 DEBUG [backend.app.services.bambu_mqtt] [-] [[SERIAL]] Parsing xcam data - all fields: ['allow_skip_parts', 'buildplate_marker_detector', 'cfg', 'first_layer_inspector', 'halt_print_sensitivity', 'print_halt', 'printing_monitor', 'spaghetti_detector']
2026-08-22 11:06:18,427 DEBUG [backend.app.services.bambu_mqtt] [-] [[SERIAL]] xcam cfg bitmask: 1797559 (binary: 0b110110110110110110111)
2026-08-22 11:06:18,427 DEBUG [backend.app.services.bambu_mqtt] [-] [[SERIAL]] Received gcode_state: IDLE, gcode_file: , subtask_name: 
2026-08-22 11:06:18,428 DEBUG [backend.app.services.bambu_mqtt] [-] [[SERIAL]] ams_extruder_map: {'0': 0, '1': 1}
2026-08-22 11:06:18,428 DEBUG [backend.app.services.bambu_mqtt] [-] [[SERIAL]] Received command response: push_status
2026-08-22 11:06:18,429 DEBUG [backend.app.services.bambu_mqtt] [-] [[SERIAL]] HMS data received: [{'attr': 83952640, 'code': 196610}, {'attr': 83952640, 'code': 196612}]
2026-08-22 11:06:18,429 DEBUG [backend.app.services.bambu_mqtt] [-] [[SERIAL]] lights_report: [{'mode': 'off', 'node': 'chamber_light'}, {'mode': 'flashing', 'node': 'work_light'}, {'mode': 'off', 'node': 'chamber_light2'}]
2026-08-22 11:06:18,430 DEBUG [backend.app.services.bambu_mqtt] [-] [[SERIAL]] MQTT mapping field: []
2026-08-22 11:06:18,457 DEBUG [backend.app.services.bambu_mqtt] [-] [[SERIAL]] gcode_state: IDLE -> IDLE, file: , subtask: 
2026-08-22 11:06:19,609 DEBUG [backend.app.services.bambu_mqtt] [-] [[SERIAL]] Received command response: push_status
2026-08-22 11:06:19,622 DEBUG [backend.app.services.bambu_mqtt] [-] [[SERIAL]] wifi_signal received: -33dBm
2026-08-22 11:06:20,014 DEBUG [backend.app.services.bambu_mqtt] [-] [[SERIAL]] Found xcam inside print data: {'allow_skip_parts': False, 'buildplate_marker_detector': True, 'cfg': 1797559, 'first_layer_inspector': True, 'halt_print_sensitivity': 'medium', 'print_halt': True, 'printing_monitor': True, 'spaghetti_detector': True}
2026-08-22 11:06:20,069 DEBUG [backend.app.services.bambu_mqtt] [-] [[SERIAL]] Parsing xcam data - all fields: ['allow_skip_parts', 'buildplate_marker_detector', 'cfg', 'first_layer_inspector', 'halt_print_sensitivity', 'print_halt', 'printing_monitor', 'spaghetti_detector']
2026-08-22 11:06:20,069 DEBUG [backend.app.services.bambu_mqtt] [-] [[SERIAL]] xcam cfg bitmask: 1797559 (binary: 0b110110110110110110111)
2026-08-22 11:06:20,070 DEBUG [backend.app.services.bambu_mqtt] [-] [[SERIAL]] Received gcode_state: IDLE, gcode_file: , subtask_name: 
2026-08-22 11:06:20,070 DEBUG [backend.app.services.bambu_mqtt] [-] [[SERIAL]] ams_extruder_map: {'0': 0, '1': 1}
2026-08-22 11:06:20,071 DEBUG [backend.app.services.bambu_mqtt] [-] [[SERIAL]] Received command response: push_status
2026-08-22 11:06:20,071 DEBUG [backend.app.services.bambu_mqtt] [-] [[SERIAL]] HMS data received: [{'attr': 83952640, 'code': 196610}, {'attr': 83952640, 'code': 196612}]
2026-08-22 11:06:20,072 DEBUG [backend.app.services.bambu_mqtt] [-] [[SERIAL]] lights_report: [{'mode': 'off', 'node': 'chamber_light'}, {'mode': 'flashing', 'node': 'work_light'}, {'mode': 'off', 'node': 'chamber_light2'}]
2026-08-22 11:06:20,073 DEBUG [backend.app.services.bambu_mqtt] [-] [[SERIAL]] MQTT mapping field: []
2026-08-22 11:06:20,073 DEBUG [backend.app.services.bambu_mqtt] [-] [[SERIAL]] gcode_state: IDLE -> IDLE, file: , subtask: 
2026-08-22 11:06:21,589 DEBUG [backend.app.services.bambu_mqtt] [-] [[SERIAL]] Found xcam inside print data: {'allow_skip_parts': False, 'buildplate_marker_detector': True, 'cfg': 1797559, 'first_layer_inspector': True, 'halt_print_sensitivity': 'medium', 'print_halt': True, 'printing_monitor': True, 'spaghetti_detector': True}
2026-08-22 11:06:21,648 DEBUG [backend.app.services.bambu_mqtt] [-] [[SERIAL]] Parsing xcam data - all fields: ['allow_skip_parts', 'buildplate_marker_detector', 'cfg', 'first_layer_inspector', 'halt_print_sensitivity', 'print_halt', 'printing_monitor', 'spaghetti_detector']
2026-08-22 11:06:21,648 DEBUG [backend.app.services.bambu_mqtt] [-] [[SERIAL]] xcam cfg bitmask: 1797559 (binary: 0b110110110110110110111)
2026-08-22 11:06:21,648 DEBUG [backend.app.services.bambu_mqtt] [-] [[SERIAL]] Received gcode_state: IDLE, gcode_file: , subtask_name: 
2026-08-22 11:06:21,648 DEBUG [backend.app.services.bambu_mqtt] [-] [[SERIAL]] ams_extruder_map: {'0': 0, '1': 1}
2026-08-22 11:06:21,649 DEBUG [backend.app.services.bambu_mqtt] [-] [[SERIAL]] Received command response: push_status
2026-08-22 11:06:21,649 DEBUG [backend.app.services.bambu_mqtt] [-] [[SERIAL]] HMS data received: [{'attr': 83952640, 'code': 196610}, {'attr': 83952640, 'code': 196612}]
2026-08-22 11:06:21,649 DEBUG [backend.app.services.bambu_mqtt] [-] [[SERIAL]] lights_report: [{'mode': 'off', 'node': 'chamber_light'}, {'mode': 'flashing', 'node': 'work_light'}, {'mode': 'off', 'node': 'chamber_light2'}]
2026-08-22 11:06:21,650 DEBUG [backend.app.services.bambu_mqtt] [-] [[SERIAL]] MQTT mapping field: []
2026-08-22 11:06:21,652 DEBUG [backend.app.services.bambu_mqtt] [-] [[SERIAL]] gcode_state: IDLE -> IDLE, file: , subtask: 
2026-08-22 11:06:23,237 DEBUG [backend.app.services.bambu_mqtt] [-] [[SERIAL]] Found xcam inside print data: {'allow_skip_parts': False, 'buildplate_marker_detector': True, 'cfg': 1797559, 'first_layer_inspector': True, 'halt_print_sensitivity': 'medium', 'print_halt': True, 'printing_monitor': True, 'spaghetti_detector': True}
2026-08-22 11:06:23,242 DEBUG [backend.app.services.bambu_mqtt] [-] [[SERIAL]] Parsing xcam data - all fields: ['allow_skip_parts', 'buildplate_marker_detector', 'cfg', 'first_layer_inspector', 'halt_print_sensitivity', 'print_halt', 'printing_monitor', 'spaghetti_detector']
2026-08-22 11:06:23,242 DEBUG [backend.app.services.bambu_mqtt] [-] [[SERIAL]] xcam cfg bitmask: 1797559 (binary: 0b110110110110110110111)
2026-08-22 11:06:23,242 DEBUG [backend.app.services.bambu_mqtt] [-] [[SERIAL]] Received gcode_state: IDLE, gcode_file: , subtask_name: 
2026-08-22 11:06:23,243 DEBUG [backend.app.services.bambu_mqtt] [-] [[SERIAL]] ams_extruder_map: {'0': 0, '1': 1}
2026-08-22 11:06:23,243 DEBUG [backend.app.services.bambu_mqtt] [-] [[SERIAL]] Received command response: push_status
2026-08-22 11:06:23,244 DEBUG [backend.app.services.bambu_mqtt] [-] [[SERIAL]] HMS data received: [{'attr': 83952640, 'code': 196610}, {'attr': 83952640, 'code': 196612}]
2026-08-22 11:06:23,244 DEBUG [backend.app.services.bambu_mqtt] [-] [[SERIAL]] lights_report: [{'mode': 'off', 'node': 'chamber_light'}, {'mode': 'flashing', 'node': 'work_light'}, {'mode': 'off', 'node': 'chamber_light2'}]
2026-08-22 11:06:23,245 DEBUG [backend.app.services.bambu_mqtt] [-] [[SERIAL]] MQTT mapping field: []
2026-08-22 11:06:23,245 DEBUG [backend.app.services.bambu_mqtt] [-] [[SERIAL]] gcode_state: IDLE -> IDLE, file: , subtask: 
2026-08-22 11:06:24,866 DEBUG [backend.app.services.bambu_mqtt] [-] [[SERIAL]] Found xcam inside print data: {'allow_skip_parts': False, 'buildplate_marker_detector': True, 'cfg': 1797559, 'first_layer_inspector': True, 'halt_print_sensitivity': 'medium', 'print_halt': True, 'printing_monitor': True, 'spaghetti_detector': True}
2026-08-22 11:06:24,866 DEBUG [backend.app.services.bambu_mqtt] [-] [[SERIAL]] Parsing xcam data - all fields: ['allow_skip_parts', 'buildplate_marker_detector', 'cfg', 'first_layer_inspector', 'halt_print_sensitivity', 'print_halt', 'printing_monitor', 'spaghetti_detector']
2026-08-22 11:06:24,867 DEBUG [backend.app.services.bambu_mqtt] [-] [[SERIAL]] xcam cfg bitmask: 1797559 (binary: 0b110110110110110110111)
2026-08-22 11:06:24,867 DEBUG [backend.app.services.bambu_mqtt] [-] [[SERIAL]] Received gcode_state: IDLE, gcode_file: , subtask_name: 
2026-08-22 11:06:24,867 DEBUG [backend.app.services.bambu_mqtt] [-] [[SERIAL]] ams_extruder_map: {'0': 0, '1': 1}
2026-08-22 11:06:24,867 DEBUG [backend.app.services.bambu_mqtt] [-] [[SERIAL]] Received command response: push_status
2026-08-22 11:06:24,867 DEBUG [backend.app.services.bambu_mqtt] [-] [[SERIAL]] HMS data received: [{'attr': 83952640, 'code': 196610}, {'attr': 83952640, 'code': 196612}]
2026-08-22 11:06:24,868 DEBUG [backend.app.services.bambu_mqtt] [-] [[SERIAL]] lights_report: [{'mode': 'off', 'node': 'chamber_light'}, {'mode': 'flashing', 'node': 'work_light'}, {'mode': 'off', 'node': 'chamber_light2'}]
2026-08-22 11:06:24,868 DEBUG [backend.app.services.bambu_mqtt] [-] [[SERIAL]] MQTT mapping field: []
2026-08-22 11:06:24,868 DEBUG [backend.app.services.bambu_mqtt] [-] [[SERIAL]] gcode_state: IDLE -> IDLE, file: , subtask: 
2026-08-22 11:06:25,636 DEBUG [backend.app.services.bambu_mqtt] [-] [[SERIAL]] Received command response: push_status
2026-08-22 11:06:25,643 DEBUG [backend.app.services.bambu_mqtt] [-] [[SERIAL]] wifi_signal received: -32dBm
2026-08-22 11:06:26,215 DEBUG [backend.app.services.bambu_mqtt] [-] [[SERIAL]] Found xcam inside print data: {'allow_skip_parts': False, 'buildplate_marker_detector': True, 'cfg': 1797559, 'first_layer_inspector': True, 'halt_print_sensitivity': 'medium', 'print_halt': True, 'printing_monitor': True, 'spaghetti_detector': True}
2026-08-22 11:06:26,236 DEBUG [backend.app.services.bambu_mqtt] [-] [[SERIAL]] Parsing xcam data - all fields: ['allow_skip_parts', 'buildplate_marker_detector', 'cfg', 'first_layer_inspector', 'halt_print_sensitivity', 'print_halt', 'printing_monitor', 'spaghetti_detector']
2026-08-22 11:06:26,237 DEBUG [backend.app.services.bambu_mqtt] [-] [[SERIAL]] xcam cfg bitmask: 1797559 (binary: 0b110110110110110110111)
2026-08-22 11:06:26,279 DEBUG [backend.app.services.bambu_mqtt] [-] [[SERIAL]] Received gcode_state: IDLE, gcode_file: , subtask_name: 
2026-08-22 11:06:26,283 DEBUG [backend.app.services.bambu_mqtt] [-] [[SERIAL]] ams_extruder_map: {'0': 0, '1': 1}
2026-08-22 11:06:26,283 DEBUG [backend.app.services.bambu_mqtt] [-] [[SERIAL]] Received command response: push_status
2026-08-22 11:06:26,284 DEBUG [backend.app.services.bambu_mqtt] [-] [[SERIAL]] HMS data received: [{'attr': 83952640, 'code': 196610}, {'attr': 83952640, 'code': 196612}]
2026-08-22 11:06:26,308 DEBUG [backend.app.services.bambu_mqtt] [-] [[SERIAL]] lights_report: [{'mode': 'off', 'node': 'chamber_light'}, {'mode': 'flashing', 'node': 'work_light'}, {'mode': 'off', 'node': 'chamber_light2'}]
2026-08-22 11:06:26,309 DEBUG [backend.app.services.bambu_mqtt] [-] [[SERIAL]] MQTT mapping field: []
2026-08-22 11:06:26,309 DEBUG [backend.app.services.bambu_mqtt] [-] [[SERIAL]] gcode_state: IDLE -> IDLE, file: , subtask: 
2026-08-22 11:06:26,678 DEBUG [backend.app.api.routes.printers] [702078c8] API returning ams_mapping: [], ams_extruder_map: {'128': 0}
2026-08-22 11:06:26,683 DEBUG [backend.app.api.routes.printers] [702078c8] Using tray_now directly as global ID: 255
2026-08-22 11:06:26,684 DEBUG [backend.app.api.routes.printers] [07da15e5] API returning ams_mapping: [], ams_extruder_map: {'0': 0, '1': 1}
2026-08-22 11:06:26,684 DEBUG [backend.app.api.routes.printers] [07da15e5] Using tray_now directly as global ID: 255
2026-08-22 11:06:26,747 INFO [backend.app.services.bambu_mqtt] [bd675810] [[SERIAL]] Requesting K-profiles for nozzle_diameter=0.4 (attempt 1/3, seq_id=83)
2026-08-22 11:06:26,748 DEBUG [backend.app.services.bambu_mqtt] [bd675810] [[SERIAL]] K-profile request JSON: {"print": {"command": "extrusion_cali_get", "filament_id": "", "nozzle_diameter": "0.4", "sequence_id": "83"}}
2026-08-22 11:06:26,840 DEBUG [backend.app.services.bambu_mqtt] [-] [[SERIAL]] Received command response: extrusion_cali_get
2026-08-22 11:06:26,851 INFO [backend.app.services.bambu_mqtt] [-] [[SERIAL]] K-profile response: nozzle=0.4, seq_id=83, 0 profiles, matched=True
2026-08-22 11:06:26,914 INFO [backend.app.services.bambu_mqtt] [-] [[SERIAL]] Got 0 K-profiles for nozzle=0.4
2026-08-22 11:06:26,916 INFO [backend.app.services.bambu_mqtt] [bd675810] [[SERIAL]] Got 0 K-profiles for nozzle=0.4 on attempt 1
2026-08-22 11:06:26,992 INFO [backend.app.services.bambu_mqtt] [4cca1e62] [[SERIAL]] Requesting K-profiles for nozzle_diameter=0.4 (attempt 1/3, seq_id=85)
2026-08-22 11:06:26,993 DEBUG [backend.app.services.bambu_mqtt] [4cca1e62] [[SERIAL]] K-profile request JSON: {"print": {"command": "extrusion_cali_get", "filament_id": "", "nozzle_diameter": "0.4", "sequence_id": "85"}}
2026-08-22 11:06:27,008 DEBUG [backend.app.services.bambu_mqtt] [-] [[SERIAL]] Received command response: extrusion_cali_get
2026-08-22 11:06:27,012 INFO [backend.app.services.bambu_mqtt] [-] [[SERIAL]] K-profile response: nozzle=0.4, seq_id=85, 1 profiles, matched=True
2026-08-22 11:06:27,013 INFO [backend.app.services.bambu_mqtt] [-] [[SERIAL]] Got 1 K-profiles for nozzle=0.4
2026-08-22 11:06:27,013 INFO [backend.app.services.bambu_mqtt] [4cca1e62] [[SERIAL]] Got 1 K-profiles for nozzle=0.4 on attempt 1
2026-08-22 11:06:27,615 DEBUG [backend.app.services.bambu_mqtt] [-] [[SERIAL]] Found xcam inside print data: {'allow_skip_parts': False, 'buildplate_marker_detector': True, 'cfg': 1797559, 'first_layer_inspector': True, 'halt_print_sensitivity': 'medium', 'print_halt': True, 'printing_monitor': True, 'spaghetti_detector': True}
2026-08-22 11:06:27,637 DEBUG [backend.app.services.bambu_mqtt] [-] [[SERIAL]] Parsing xcam data - all fields: ['allow_skip_parts', 'buildplate_marker_detector', 'cfg', 'first_layer_inspector', 'halt_print_sensitivity', 'print_halt', 'printing_monitor', 'spaghetti_detector']
2026-08-22 11:06:27,638 DEBUG [backend.app.services.bambu_mqtt] [-] [[SERIAL]] xcam cfg bitmask: 1797559 (binary: 0b110110110110110110111)
2026-08-22 11:06:27,638 DEBUG [backend.app.services.bambu_mqtt] [-] [[SERIAL]] Received gcode_state: IDLE, gcode_file: , subtask_name: 
2026-08-22 11:06:27,639 DEBUG [backend.app.services.bambu_mqtt] [-] [[SERIAL]] ams_extruder_map: {'0': 0, '1': 1}
2026-08-22 11:06:27,641 DEBUG [backend.app.services.bambu_mqtt] [-] [[SERIAL]] Received command response: push_status
2026-08-22 11:06:27,642 DEBUG [backend.app.services.bambu_mqtt] [-] [[SERIAL]] HMS data received: [{'attr': 83952640, 'code': 196610}, {'attr': 83952640, 'code': 196612}]
2026-08-22 11:06:27,642 DEBUG [backend.app.services.bambu_mqtt] [-] [[SERIAL]] lights_report: [{'mode': 'off', 'node': 'chamber_light'}, {'mode': 'flashing', 'node': 'work_light'}, {'mode': 'off', 'node': 'chamber_light2'}]
2026-08-22 11:06:27,643 DEBUG [backend.app.services.bambu_mqtt] [-] [[SERIAL]] MQTT mapping field: []
2026-08-22 11:06:27,644 DEBUG [backend.app.services.bambu_mqtt] [-] [[SERIAL]] gcode_state: IDLE -> IDLE, file: , subtask: 
2026-08-22 11:06:27,657 DEBUG [backend.app.services.bambu_mqtt] [-] [[SERIAL]] Received command response: push_status
2026-08-22 11:06:27,708 DEBUG [backend.app.services.bambu_mqtt] [-] [[SERIAL]] wifi_signal received: -33dBm
2026-08-22 11:06:29,172 DEBUG [backend.app.services.bambu_mqtt] [-] [[SERIAL]] Found xcam inside print data: {'allow_skip_parts': False, 'buildplate_marker_detector': True, 'cfg': 1797559, 'first_layer_inspector': True, 'halt_print_sensitivity': 'medium', 'print_halt': True, 'printing_monitor': True, 'spaghetti_detector': True}
2026-08-22 11:06:29,196 DEBUG [backend.app.services.bambu_mqtt] [-] [[SERIAL]] Parsing xcam data - all fields: ['allow_skip_parts', 'buildplate_marker_detector', 'cfg', 'first_layer_inspector', 'halt_print_sensitivity', 'print_halt', 'printing_monitor', 'spaghetti_detector']
2026-08-22 11:06:29,196 DEBUG [backend.app.services.bambu_mqtt] [-] [[SERIAL]] xcam cfg bitmask: 1797559 (binary: 0b110110110110110110111)
2026-08-22 11:06:29,196 DEBUG [backend.app.services.bambu_mqtt] [-] [[SERIAL]] Received gcode_state: IDLE, gcode_file: , subtask_name: 
2026-08-22 11:06:29,197 DEBUG [backend.app.services.bambu_mqtt] [-] [[SERIAL]] ams_extruder_map: {'0': 0, '1': 1}
2026-08-22 11:06:29,197 DEBUG [backend.app.services.bambu_mqtt] [-] [[SERIAL]] Received command response: push_status
2026-08-22 11:06:29,197 DEBUG [backend.app.services.bambu_mqtt] [-] [[SERIAL]] HMS data received: [{'attr': 83952640, 'code': 196610}, {'attr': 83952640, 'code': 196612}]
2026-08-22 11:06:29,263 DEBUG [backend.app.services.bambu_mqtt] [-] [[SERIAL]] lights_report: [{'mode': 'off', 'node': 'chamber_light'}, {'mode': 'flashing', 'node': 'work_light'}, {'mode': 'off', 'node': 'chamber_light2'}]
2026-08-22 11:06:29,350 DEBUG [backend.app.services.bambu_mqtt] [-] [[SERIAL]] MQTT mapping field: []
2026-08-22 11:06:29,350 DEBUG [backend.app.services.bambu_mqtt] [-] [[SERIAL]] gcode_state: IDLE -> IDLE, file: , subtask: 
2026-08-22 11:06:30,930 DEBUG [backend.app.services.bambu_mqtt] [-] [[SERIAL]] Found xcam inside print data: {'allow_skip_parts': False, 'buildplate_marker_detector': True, 'cfg': 1797559, 'first_layer_inspector': True, 'halt_print_sensitivity': 'medium', 'print_halt': True, 'printing_monitor': True, 'spaghetti_detector': True}
2026-08-22 11:06:30,993 DEBUG [backend.app.services.bambu_mqtt] [-] [[SERIAL]] Parsing xcam data - all fields: ['allow_skip_parts', 'buildplate_marker_detector', 'cfg', 'first_layer_inspector', 'halt_print_sensitivity', 'print_halt', 'printing_monitor', 'spaghetti_detector']
2026-08-22 11:06:30,996 DEBUG [backend.app.services.bambu_mqtt] [-] [[SERIAL]] xcam cfg bitmask: 1797559 (binary: 0b110110110110110110111)
2026-08-22 11:06:30,999 DEBUG [backend.app.services.bambu_mqtt] [-] [[SERIAL]] Received gcode_state: IDLE, gcode_file: , subtask_name: 
2026-08-22 11:06:31,000 DEBUG [backend.app.services.bambu_mqtt] [-] [[SERIAL]] ams_extruder_map: {'0': 0, '1': 1}
2026-08-22 11:06:31,000 DEBUG [backend.app.services.bambu_mqtt] [-] [[SERIAL]] Received command response: push_status
2026-08-22 11:06:31,051 DEBUG [backend.app.services.bambu_mqtt] [-] [[SERIAL]] HMS data received: [{'attr': 83952640, 'code': 196610}, {'attr': 83952640, 'code': 196612}]
2026-08-22 11:06:31,055 DEBUG [backend.app.services.bambu_mqtt] [-] [[SERIAL]] lights_report: [{'mode': 'off', 'node': 'chamber_light'}, {'mode': 'flashing', 'node': 'work_light'}, {'mode': 'off', 'node': 'chamber_light2'}]
2026-08-22 11:06:31,056 DEBUG [backend.app.services.bambu_mqtt] [-] [[SERIAL]] MQTT mapping field: []
2026-08-22 11:06:31,076 DEBUG [backend.app.services.bambu_mqtt] [-] [[SERIAL]] gcode_state: IDLE -> IDLE, file: , subtask: 
2026-08-22 11:06:31,678 DEBUG [backend.app.services.bambu_mqtt] [-] [[SERIAL]] Received command response: push_status
2026-08-22 11:06:31,725 DEBUG [backend.app.services.bambu_mqtt] [-] [[SERIAL]] wifi_signal received: -32dBm
2026-08-22 11:06:32,533 DEBUG [backend.app.services.bambu_mqtt] [-] [[SERIAL]] Found xcam inside print data: {'allow_skip_parts': False, 'buildplate_marker_detector': True, 'cfg': 1797559, 'first_layer_inspector': True, 'halt_print_sensitivity': 'medium', 'print_halt': True, 'printing_monitor': True, 'spaghetti_detector': True}
2026-08-22 11:06:32,590 DEBUG [backend.app.services.bambu_mqtt] [-] [[SERIAL]] Parsing xcam data - all fields: ['allow_skip_parts', 'buildplate_marker_detector', 'cfg', 'first_layer_inspector', 'halt_print_sensitivity', 'print_halt', 'printing_monitor', 'spaghetti_detector']
2026-08-22 11:06:32,590 DEBUG [backend.app.services.bambu_mqtt] [-] [[SERIAL]] xcam cfg bitmask: 1797559 (binary: 0b110110110110110110111)
2026-08-22 11:06:32,590 DEBUG [backend.app.services.bambu_mqtt] [-] [[SERIAL]] Received gcode_state: IDLE, gcode_file: , subtask_name: 
2026-08-22 11:06:32,591 DEBUG [backend.app.services.bambu_mqtt] [-] [[SERIAL]] ams_extruder_map: {'0': 0, '1': 1}
2026-08-22 11:06:32,591 DEBUG [backend.app.services.bambu_mqtt] [-] [[SERIAL]] Received command response: push_status
2026-08-22 11:06:32,592 DEBUG [backend.app.services.bambu_mqtt] [-] [[SERIAL]] HMS data received: [{'attr': 83952640, 'code': 196610}, {'attr': 83952640, 'code': 196612}]
2026-08-22 11:06:32,642 DEBUG [backend.app.services.bambu_mqtt] [-] [[SERIAL]] lights_report: [{'mode': 'off', 'node': 'chamber_light'}, {'mode': 'flashing', 'node': 'work_light'}, {'mode': 'off', 'node': 'chamber_light2'}]
2026-08-22 11:06:32,643 DEBUG [backend.app.services.bambu_mqtt] [-] [[SERIAL]] MQTT mapping field: []
2026-08-22 11:06:32,644 DEBUG [backend.app.services.bambu_mqtt] [-] [[SERIAL]] gcode_state: IDLE -> IDLE, file: , subtask: 
2026-08-22 11:06:32,829 DEBUG [backend.app.api.routes.printers] [9909b766] API returning ams_mapping: [], ams_extruder_map: {'128': 0}
2026-08-22 11:06:32,838 DEBUG [backend.app.api.routes.printers] [9909b766] Using tray_now directly as global ID: 255
2026-08-22 11:06:32,881 DEBUG [backend.app.api.routes.printers] [cb904196] API returning ams_mapping: [], ams_extruder_map: {'0': 0, '1': 1}
2026-08-22 11:06:32,894 DEBUG [backend.app.api.routes.printers] [cb904196] Using tray_now directly as global ID: 255
2026-08-22 11:06:33,015 INFO [backend.app.services.bambu_mqtt] [c52f24b3] [[SERIAL]] Requesting K-profiles for nozzle_diameter=0.4 (attempt 1/3, seq_id=84)
2026-08-22 11:06:33,015 DEBUG [backend.app.services.bambu_mqtt] [c52f24b3] [[SERIAL]] K-profile request JSON: {"print": {"command": "extrusion_cali_get", "filament_id": "", "nozzle_diameter": "0.4", "sequence_id": "84"}}
2026-08-22 11:06:33,055 DEBUG [backend.app.services.bambu_mqtt] [-] [[SERIAL]] Received command response: extrusion_cali_get
2026-08-22 11:06:33,213 INFO [backend.app.services.bambu_mqtt] [-] [[SERIAL]] K-profile response: nozzle=0.4, seq_id=84, 0 profiles, matched=True
2026-08-22 11:06:33,221 INFO [backend.app.services.bambu_mqtt] [-] [[SERIAL]] Got 0 K-profiles for nozzle=0.4
2026-08-22 11:06:33,224 INFO [backend.app.services.bambu_mqtt] [c52f24b3] [[SERIAL]] Got 0 K-profiles for nozzle=0.4 on attempt 1
2026-08-22 11:06:33,654 INFO [backend.app.services.bambu_mqtt] [4162605d] [[SERIAL]] Requesting K-profiles for nozzle_diameter=0.4 (attempt 1/3, seq_id=86)
2026-08-22 11:06:33,918 DEBUG [backend.app.services.bambu_mqtt] [-] [[SERIAL]] Found xcam inside print data: {'allow_skip_parts': False, 'buildplate_marker_detector': True, 'cfg': 1797559, 'first_layer_inspector': True, 'halt_print_sensitivity': 'medium', 'print_halt': True, 'printing_monitor': True, 'spaghetti_detector': True}
2026-08-22 11:06:34,013 DEBUG [backend.app.services.bambu_mqtt] [4162605d] [[SERIAL]] K-profile request JSON: {"print": {"command": "extrusion_cali_get", "filament_id": "", "nozzle_diameter": "0.4", "sequence_id": "86"}}
2026-08-22 11:06:34,518 DEBUG [backend.app.services.bambu_mqtt] [-] [[SERIAL]] Parsing xcam data - all fields: ['allow_skip_parts', 'buildplate_marker_detector', 'cfg', 'first_layer_inspector', 'halt_print_sensitivity', 'print_halt', 'printing_monitor', 'spaghetti_detector']
2026-08-22 11:06:34,519 DEBUG [backend.app.services.bambu_mqtt] [-] [[SERIAL]] xcam cfg bitmask: 1797559 (binary: 0b110110110110110110111)
2026-08-22 11:06:34,521 DEBUG [backend.app.services.bambu_mqtt] [-] [[SERIAL]] Received gcode_state: IDLE, gcode_file: , subtask_name: 
2026-08-22 11:06:34,523 DEBUG [backend.app.services.bambu_mqtt] [-] [[SERIAL]] ams_extruder_map: {'0': 0, '1': 1}
2026-08-22 11:06:34,523 DEBUG [backend.app.services.bambu_mqtt] [-] [[SERIAL]] Received command response: push_status
2026-08-22 11:06:34,523 DEBUG [backend.app.services.bambu_mqtt] [-] [[SERIAL]] HMS data received: [{'attr': 83952640, 'code': 196610}, {'attr': 83952640, 'code': 196612}]
2026-08-22 11:06:34,524 DEBUG [backend.app.services.bambu_mqtt] [-] [[SERIAL]] lights_report: [{'mode': 'off', 'node': 'chamber_light'}, {'mode': 'flashing', 'node': 'work_light'}, {'mode': 'off', 'node': 'chamber_light2'}]
2026-08-22 11:06:34,524 DEBUG [backend.app.services.bambu_mqtt] [-] [[SERIAL]] MQTT mapping field: []
2026-08-22 11:06:34,524 DEBUG [backend.app.services.bambu_mqtt] [-] [[SERIAL]] gcode_state: IDLE -> IDLE, file: , subtask: 
2026-08-22 11:06:34,535 DEBUG [backend.app.services.bambu_mqtt] [-] [[SERIAL]] Received command response: extrusion_cali_get
2026-08-22 11:06:34,535 INFO [backend.app.services.bambu_mqtt] [-] [[SERIAL]] K-profile response: nozzle=0.4, seq_id=86, 1 profiles, matched=True
2026-08-22 11:06:34,535 INFO [backend.app.services.bambu_mqtt] [-] [[SERIAL]] Got 1 K-profiles for nozzle=0.4
2026-08-22 11:06:34,536 INFO [backend.app.services.bambu_mqtt] [4162605d] [[SERIAL]] Got 1 K-profiles for nozzle=0.4 on attempt 1
2026-08-22 11:06:35,479 DEBUG [backend.app.services.bambu_mqtt] [-] [[SERIAL]] Found xcam inside print data: {'allow_skip_parts': False, 'buildplate_marker_detector': True, 'cfg': 1797559, 'first_layer_inspector': True, 'halt_print_sensitivity': 'medium', 'print_halt': True, 'printing_monitor': True, 'spaghetti_detector': True}
2026-08-22 11:06:35,714 DEBUG [backend.app.services.bambu_mqtt] [-] [[SERIAL]] Received command response: push_status
2026-08-22 11:06:35,933 DEBUG [backend.app.services.bambu_mqtt] [-] [[SERIAL]] Parsing xcam data - all fields: ['allow_skip_parts', 'buildplate_marker_detector', 'cfg', 'first_layer_inspector', 'halt_print_sensitivity', 'print_halt', 'printing_monitor', 'spaghetti_detector']
2026-08-22 11:06:35,934 DEBUG [backend.app.services.bambu_mqtt] [-] [[SERIAL]] wifi_signal received: -31dBm
2026-08-22 11:06:35,935 DEBUG [backend.app.services.bambu_mqtt] [-] [[SERIAL]] xcam cfg bitmask: 1797559 (binary: 0b110110110110110110111)
2026-08-22 11:06:35,935 DEBUG [backend.app.services.bambu_mqtt] [-] [[SERIAL]] Received gcode_state: IDLE, gcode_file: , subtask_name: 
2026-08-22 11:06:35,936 DEBUG [backend.app.services.bambu_mqtt] [-] [[SERIAL]] ams_extruder_map: {'0': 0, '1': 1}
2026-08-22 11:06:35,937 DEBUG [backend.app.services.bambu_mqtt] [-] [[SERIAL]] Received command response: push_status
2026-08-22 11:06:35,938 DEBUG [backend.app.services.bambu_mqtt] [-] [[SERIAL]] HMS data received: [{'attr': 83952640, 'code': 196610}, {'attr': 83952640, 'code': 196612}]
2026-08-22 11:06:35,938 DEBUG [backend.app.services.bambu_mqtt] [-] [[SERIAL]] lights_report: [{'mode': 'off', 'node': 'chamber_light'}, {'mode': 'flashing', 'node': 'work_light'}, {'mode': 'off', 'node': 'chamber_light2'}]
2026-08-22 11:06:35,941 DEBUG [backend.app.services.bambu_mqtt] [-] [[SERIAL]] MQTT mapping field: []
2026-08-22 11:06:35,941 DEBUG [backend.app.services.bambu_mqtt] [-] [[SERIAL]] gcode_state: IDLE -> IDLE, file: , subtask: 
2026-08-22 11:06:35,943 DEBUG [backend.app.main] [-] Recorded 7 printer sensor history entries